:52 localhost kernel:   DMA      [mem 0x0000000000001000-0x0000000000ffffff]
Dec 13 10:49:52 localhost kernel:   DMA32    [mem 0x0000000001000000-0x00000000ffffffff]
Dec 13 10:49:52 localhost kernel:   Normal   [mem 0x0000000100000000-0x000000046dffffff]
Dec 13 10:49:52 localhost kernel:   Device   empty
Dec 13 10:49:52 localhost kernel: Movable zone start for each node
Dec 13 10:49:52 localhost kernel: Early memory node ranges
Dec 13 10:49:52 localhost kernel:   node   0: [mem 0x0000000000001000-0x0000000000057fff]
Dec 13 10:49:52 localhost kernel:   node   0: [mem 0x0000000000059000-0x000000000009efff]
Dec 13 10:49:52 localhost kernel:   node   0: [mem 0x0000000000100000-0x0000000086a48fff]
Dec 13 10:49:52 localhost kernel:   node   0: [mem 0x0000000086a4b000-0x000000008c655fff]
Dec 13 10:49:52 localhost kernel:   node   0: [mem 0x000000008cb16000-0x000000008cbf8fff]
Dec 13 10:49:52 localhost kernel:   node   0: [mem 0x000000008d3ff000-0x000000008d3fffff]
Dec 13 10:49:52 localhost kernel:   node   0: [mem 0x0000000100000000-0x000000046dffffff]
Dec 13 10:49:52 localhost kernel: Zeroed struct page in unavailable ranges: 22827 pages
Dec 13 10:49:52 localhost kernel: Initmem setup node 0 [mem 0x0000000000001000-0x000000046dffffff]
Dec 13 10:49:52 localhost kernel: On node 0 totalpages: 4171477
Dec 13 10:49:52 localhost kernel:   DMA zone: 64 pages used for memmap
Dec 13 10:49:52 localhost kernel:   DMA zone: 157 pages reserved
Dec 13 10:49:52 localhost kernel:   DMA zone: 3997 pages, LIFO batch:0
Dec 13 10:49:52 localhost kernel:   DMA32 zone: 8925 pages used for memmap
Dec 13 10:49:52 localhost kernel:   DMA32 zone: 571192 pages, LIFO batch:63
Dec 13 10:49:52 localhost kernel:   Normal zone: 56192 pages used for memmap
Dec 13 10:49:52 localhost kernel:   Normal zone: 3596288 pages, LIFO batch:63
Dec 13 10:49:52 localhost kernel: Reserving Intel graphics memory at [mem 0x8e000000-0x8fffffff]
Dec 13 10:49:52 localhost kernel: ACPI: PM-Timer IO Port: 0x1808
Dec 13 10:49:52 localhost kernel: ACPI: Local APIC address 0xfee00000
Dec 13 10:49:52 localhost kernel: ACPI: LAPIC_NMI (acpi_id[0x01] high edge lint[0x1])
Dec 13 10:49:52 localhost kernel: ACPI: LAPIC_NMI (acpi_id[0x02] high edge lint[0x1])
Dec 13 10:49:52 localhost kernel: ACPI: LAPIC_NMI (acpi_id[0x03] high edge lint[0x1])
Dec 13 10:49:52 localhost kernel: ACPI: LAPIC_NMI (acpi_id[0x04] high edge lint[0x1])
Dec 13 10:49:52 localhost kernel: ACPI: LAPIC_NMI (acpi_id[0x05] high edge lint[0x1])
Dec 13 10:49:52 localhost kernel: ACPI: LAPIC_NMI (acpi_id[0x06] high edge lint[0x1])
Dec 13 10:49:52 localhost kernel: ACPI: LAPIC_NMI (acpi_id[0x07] high edge lint[0x1])
Dec 13 10:49:52 localhost kernel: ACPI: LAPIC_NMI (acpi_id[0x08] high edge lint[0x1])
Dec 13 10:49:52 localhost kernel: IOAPIC[0]: apic_id 2, version 32, address 0xfec00000, GSI 0-119
Dec 13 10:49:52 localhost kernel: ACPI: INT_SRC_OVR (bus 0 bus_irq 0 global_irq 2 dfl dfl)
Dec 13 10:49:52 localhost kernel: ACPI: INT_SRC_OVR (bus 0 bus_irq 9 global_irq 9 high level)
Dec 13 10:49:52 localhost kernel: ACPI: IRQ0 used by override.
Dec 13 10:49:52 localhost kernel: ACPI: IRQ9 used by override.
Dec 13 10:49:52 localhost kernel: Using ACPI (MADT) for SMP configuration information
Dec 13 10:49:52 localhost kernel: ACPI: HPET id: 0x8086a201 base: 0xfed00000
Dec 13 10:49:52 localhost kernel: smpboot: Allowing 8 CPUs, 0 hotplug CPUs
Dec 13 10:49:52 localhost kernel: PM: Registered nosave memory: [mem 0x00000000-0x00000fff]
Dec 13 10:49:52 localhost kernel: PM: Registered nosave memory: [mem 0x00058000-0x00058fff]
Dec 13 10:49:52 localhost kernel: PM: Registered nosave memory: [mem 0x0009f000-0x000fffff]
Dec 13 10:49:52 localhost kernel: PM: Registered nosave memory: [mem 0x85279000-0x85279fff]
Dec 13 10:49:52 localhost kernel: PM: Registered nosave memory: [mem 0x8528a000-0x8528afff]
Dec 13 10:49:52 localhost kernel: PM: Registered nosave memory: [mem 0x8528b000-0x8528bfff]
Dec 13 10:49:52 localhost kernel: PM: Registered nosave memory: [mem 0x8529c000-0x8529cfff]
Dec 13 10:49:52 localhost kernel: PM: Registered nosave memory: [mem 0x8529d000-0x8529dfff]
Dec 13 10:49:52 localhost kernel: PM: Registered nosave memory: [mem 0x852ad000-0x852adfff]
Dec 13 10:49:52 localhost kernel: PM: Registered nosave memory: [mem 0x86a49000-0x86a49fff]
Dec 13 10:49:52 localhost kernel: PM: Registered nosave memory: [mem 0x86a4a000-0x86a4afff]
Dec 13 10:49:52 localhost kernel: PM: Registered nosave memory: [mem 0x88b26000-0x88b26fff]
Dec 13 10:49:52 localhost kernel: PM: Registered nosave memory: [mem 0x8c656000-0x8cb15fff]
Dec 13 10:49:52 localhost kernel: PM: Registered nosave memory: [mem 0x8cbf9000-0x8cfa5fff]
Dec 13 10:49:52 localhost kernel: PM: Registered nosave memory: [mem 0x8cfa6000-0x8d3fefff]
Dec 13 10:49:52 localhost kernel: PM: Registered nosave memory: [mem 0x8d400000-0x8fffffff]
Dec 13 10:49:52 localhost kernel: PM: Registered nosave memory: [mem 0x90000000-0xdfffffff]
Dec 13 10:49:52 localhost kernel: PM: Registered nosave memory: [mem 0xe0000000-0xefffffff]
Dec 13 10:49:52 localhost kernel: PM: Registered nosave memory: [mem 0xf0000000-0xfdffffff]
Dec 13 10:49:52 localhost kernel: PM: Registered nosave memory: [mem 0xfe000000-0xfe010fff]
Dec 13 10:49:52 localhost kernel: PM: Registered nosave memory: [mem 0xfe011000-0xfebfffff]
Dec 13 10:49:52 localhost kernel: PM: Registered nosave memory: [mem 0xfec00000-0xfec00fff]
Dec 13 10:49:52 localhost kernel: PM: Registered nosave memory: [mem 0xfec01000-0xfecfffff]
Dec 13 10:49:52 localhost kernel: PM: Registered nosave memory: [mem 0xfed00000-0xfed00fff]
Dec 13 10:49:52 localhost kernel: PM: Registered nosave memory: [mem 0xfed01000-0xfedfffff]
Dec 13 10:49:52 localhost kernel: PM: Registered nosave memory: [mem 0xfee00000-0xfee00fff]
Dec 13 10:49:52 localhost kernel: PM: Registered nosave memory: [mem 0xfee01000-0xfeffffff]
Dec 13 10:49:52 localhost kernel: PM: Registered nosave memory: [mem 0xff000000-0xffffffff]
Dec 13 10:49:52 localhost kernel: [mem 0x90000000-0xdfffffff] available for PCI devices
Dec 13 10:49:52 localhost kernel: Booting paravirtualized kernel on bare hardware
Dec 13 10:49:52 localhost kernel: clocksource: refined-jiffies: mask: 0xffffffff max_cycles: 0xffffffff, max_idle_ns: 1910969940391419 ns
Dec 13 10:49:52 localhost kernel: setup_percpu: NR_CPUS:8192 nr_cpumask_bits:8 nr_cpu_ids:8 nr_node_ids:1
Dec 13 10:49:52 localhost kernel: percpu: Embedded 54 pages/cpu s184320 r8192 d28672 u262144
Dec 13 10:49:52 localhost kernel: pcpu-alloc: s184320 r8192 d28672 u262144 alloc=1*2097152
Dec 13 10:49:52 localhost kernel: pcpu-alloc: [0] 0 1 2 3 4 5 6 7 
Dec 13 10:49:52 localhost kernel: Built 1 zonelists, mobility grouping on.  Total pages: 4106139
Dec 13 10:49:52 localhost kernel: Policy zone: Normal
Dec 13 10:49:52 localhost kernel: Kernel command line: BOOT_IMAGE=/images/pxeboot/vmlinuz inst.stage2=hd:LABEL=ALMALINUX8 inst.ks=hd:LABEL=ALMALINUX8:/uefi-auto.cfg
Dec 13 10:49:52 localhost kernel: Specific versions of hardware are certified with Red Hat Enterprise Linux 8. Please see the list of hardware certified with Red Hat Enterprise Linux 8 at https://catalog.redhat.com.
Dec 13 10:49:52 localhost kernel: Memory: 2209168K/16685908K available (12293K kernel code, 2261K rwdata, 7872K rodata, 2492K init, 13944K bss, 532280K reserved, 0K cma-reserved)
Dec 13 10:49:52 localhost kernel: SLUB: HWalign=64, Order=0-3, MinObjects=0, CPUs=8, Nodes=1
Dec 13 10:49:52 localhost kernel: Kernel/User page tables isolation: enabled
Dec 13 10:49:52 localhost kernel: ftrace: allocating 39481 entries in 155 pages
Dec 13 10:49:52 localhost kernel: ftrace: allocated 155 pages with 5 groups
Dec 13 10:49:52 localhost kernel: rcu: Hierarchical RCU implementation.
Dec 13 10:49:52 localhost kernel: rcu:         RCU restricting CPUs from NR_CPUS=8192 to nr_cpu_ids=8.
Dec 13 10:49:52 localhost kernel:         Rude variant of Tasks RCU enabled.
Dec 13 10:49:52 localhost kernel:         Tracing variant of Tasks RCU enabled.
Dec 13 10:49:52 localhost kernel: rcu: RCU calculated value of scheduler-enlistment delay is 100 jiffies.
Dec 13 10:49:52 localhost kernel: rcu: Adjusting geometry for rcu_fanout_leaf=16, nr_cpu_ids=8
Dec 13 10:49:52 localhost kernel: NR_IRQS: 524544, nr_irqs: 2048, preallocated irqs: 16
Dec 13 10:49:52 localhost kernel: random: crng done (trusting CPU's manufacturer)
Dec 13 10:49:52 localhost kernel: Console: colour dummy device 80x25
Dec 13 10:49:52 localhost kernel: printk: console [tty0] enabled
Dec 13 10:49:52 localhost kernel: ACPI: Core revision 20210105
Dec 13 10:49:52 localhost kernel: clocksource: hpet: mask: 0xffffffff max_cycles: 0xffffffff, max_idle_ns: 79635855245 ns
Dec 13 10:49:52 localhost kernel: hpet clockevent registered
Dec 13 10:49:52 localhost kernel: APIC: Switch to symmetric I/O mode setup
Dec 13 10:49:52 localhost kernel: DMAR: Host address width 39
Dec 13 10:49:52 localhost kernel: DMAR: DRHD base: 0x000000fed90000 flags: 0x0
Dec 13 10:49:52 localhost kernel: DMAR: dmar0: reg_base_addr fed90000 ver 1:0 cap 1c0000c40660462 ecap 19e2ff0505e
Dec 13 10:49:52 localhost kernel: DMAR: DRHD base: 0x000000fed91000 flags: 0x1
Dec 13 10:49:52 localhost kernel: DMAR: dmar1: reg_base_addr fed91000 ver 1:0 cap d2008c40660462 ecap f050da
Dec 13 10:49:52 localhost kernel: DMAR: RMRR base: 0x0000008ca6f000 end: 0x0000008ca8efff
Dec 13 10:49:52 localhost kernel: DMAR: RMRR base: 0x0000008d800000 end: 0x0000008fffffff
Dec 13 10:49:52 localhost kernel: DMAR: ANDD device: 9 name: \_SB.PCI0.UA00
Dec 13 10:49:52 localhost kernel: DMAR-IR: IOAPIC id 2 under DRHD base  0xfed91000 IOMMU 1
Dec 13 10:49:52 localhost kernel: DMAR-IR: HPET id 0 under DRHD base 0xfed91000
Dec 13 10:49:52 localhost kernel: DMAR-IR: Queued invalidation will be enabled to support x2apic and Intr-remapping.
Dec 13 10:49:52 localhost kernel: DMAR-IR: Enabled IRQ remapping in x2apic mode
Dec 13 10:49:52 localhost kernel: x2apic enabled
Dec 13 10:49:52 localhost kernel: Switched APIC routing to cluster x2apic.
Dec 13 10:49:52 localhost kernel: ..TIMER: vector=0x30 apic1=0 pin1=2 apic2=-1 pin2=-1
Dec 13 10:49:52 localhost kernel: clocksource: tsc-early: mask: 0xffffffffffffffff max_cycles: 0x6a8d280fdb9, max_idle_ns: 881591151302 ns
Dec 13 10:49:52 localhost kernel: Calibrating delay loop (skipped), value calculated using timer frequency.. 7392.00 BogoMIPS (lpj=3696000)
Dec 13 10:49:52 localhost kernel: pid_max: default: 32768 minimum: 301
Dec 13 10:49:52 localhost kernel: LSM: Security Framework initializing
Dec 13 10:49:52 localhost kernel: Yama: becoming mindful.
Dec 13 10:49:52 localhost kernel: SELinux:  Initializing.
Dec 13 10:49:52 localhost kernel: LSM support for eBPF active
Dec 13 10:49:52 localhost kernel: Dentry cache hash table entries: 2097152 (order: 12, 16777216 bytes, vmalloc)
Dec 13 10:49:52 localhost kernel: Inode-cache hash table entries: 1048576 (order: 11, 8388608 bytes, vmalloc)
Dec 13 10:49:52 localhost kernel: Mount-cache hash table entries: 32768 (order: 6, 262144 bytes, vmalloc)
Dec 13 10:49:52 localhost kernel: Mountpoint-cache hash table entries: 32768 (order: 6, 262144 bytes, vmalloc)
Dec 13 10:49:52 localhost kernel: x86/cpu: SGX disabled by BIOS.
Dec 13 10:49:52 localhost kernel: ENERGY_PERF_BIAS: Set to 'normal', was 'performance'
Dec 13 10:49:52 localhost kernel: ENERGY_PERF_BIAS: View and update with x86_energy_perf_policy(8)
Dec 13 10:49:52 localhost kernel: CPU0: Thermal monitoring enabled (TM1)
Dec 13 10:49:52 localhost kernel: process: using mwait in idle threads
Dec 13 10:49:52 localhost kernel: Last level iTLB entries: 4KB 64, 2MB 8, 4MB 8
Dec 13 10:49:52 localhost kernel: Last level dTLB entries: 4KB 64, 2MB 0, 4MB 0, 1GB 4
Dec 13 10:49:52 localhost kernel: FEATURE SPEC_CTRL Not Present
Dec 13 10:49:52 localhost kernel: FEATURE IBPB_SUPPORT Not Present
Dec 13 10:49:52 localhost kernel: Spectre V1 : Mitigation: usercopy/swapgs barriers and __user pointer sanitization
Dec 13 10:49:52 localhost kernel: Spectre V2 : Mitigation: Full generic retpoline
Dec 13 10:49:52 localhost kernel: Spectre V2 : Spectre v2 / SpectreRSB mitigation: Filling RSB on context switch
Dec 13 10:49:52 localhost kernel: Speculative Store Bypass: Vulnerable
Dec 13 10:49:52 localhost kernel: TAA: Vulnerable: Clear CPU buffers attempted, no microcode
Dec 13 10:49:52 localhost kernel: SRBDS: Vulnerable: No microcode
Dec 13 10:49:52 localhost kernel: MDS: Vulnerable: Clear CPU buffers attempted, no microcode
Dec 13 10:49:52 localhost kernel: Freeing SMP alternatives memory: 32K
Dec 13 10:49:52 localhost kernel: smpboot: Estimated ratio of average max frequency by base frequency (times 1024): 1024
Dec 13 10:49:52 localhost kernel: TSC deadline timer enabled
Dec 13 10:49:52 localhost kernel: smpboot: CPU0: Intel(R) Xeon(R) CPU E3-1245 v6 @ 3.70GHz (family: 0x6, model: 0x9e, stepping: 0x9)
Dec 13 10:49:52 localhost kernel: Performance Events: PEBS fmt3+, Skylake events, 32-deep LBR, full-width counters, Intel PMU driver.
Dec 13 10:49:52 localhost kernel: ... version:                4
Dec 13 10:49:52 localhost kernel: ... bit width:              48
Dec 13 10:49:52 localhost kernel: ... generic registers:      4
Dec 13 10:49:52 localhost kernel: ... value mask:             0000ffffffffffff
Dec 13 10:49:52 localhost kernel: ... max period:             00007fffffffffff
Dec 13 10:49:52 localhost kernel: ... fixed-purpose events:   3
Dec 13 10:49:52 localhost kernel: ... event mask:             000000070000000f
Dec 13 10:49:52 localhost kernel: rcu: Hierarchical SRCU implementation.
Dec 13 10:49:52 localhost kernel: NMI watchdog: Enabled. Permanently consumes one hw-PMU counter.
Dec 13 10:49:52 localhost kernel: smp: Bringing up secondary CPUs ...
Dec 13 10:49:52 localhost kernel: x86: Booting SMP configuration:
Dec 13 10:49:52 localhost kernel: .... node  #0, CPUs:      #1 #2 #3 #4
Dec 13 10:49:52 localhost kernel: MDS CPU bug present and SMT on, data leak possible. See https://www.kernel.org/doc/html/latest/admin-guide/hw-vuln/mds.html for more details.
Dec 13 10:49:52 localhost kernel: TAA CPU bug present and SMT on, data leak possible. See https://www.kernel.org/doc/html/latest/admin-guide/hw-vuln/tsx_async_abort.html for more details.
Dec 13 10:49:52 localhost kernel:  #5 #6 #7
Dec 13 10:49:52 localhost kernel: smp: Brought up 1 node, 8 CPUs
Dec 13 10:49:52 localhost kernel: smpboot: Max logical packages: 1
Dec 13 10:49:52 localhost kernel: smpboot: Total of 8 processors activated (59136.00 BogoMIPS)
Dec 13 10:49:52 localhost kernel: node 0 deferred pages initialised in 18ms
Dec 13 10:49:52 localhost kernel: devtmpfs: initialized
Dec 13 10:49:52 localhost kernel: x86/mm: Memory block size: 128MB
Dec 13 10:49:52 localhost kernel: PM: Registering ACPI NVS region [mem 0x86a49000-0x86a49fff] (4096 bytes)
Dec 13 10:49:52 localhost kernel: PM: Registering ACPI NVS region [mem 0x8cbf9000-0x8cfa5fff] (3854336 bytes)
Dec 13 10:49:52 localhost kernel: clocksource: jiffies: mask: 0xffffffff max_cycles: 0xffffffff, max_idle_ns: 1911260446275000 ns
Dec 13 10:49:52 localhost kernel: futex hash table entries: 2048 (order: 5, 131072 bytes, vmalloc)
Dec 13 10:49:52 localhost kernel: pinctrl core: initialized pinctrl subsystem
Dec 13 10:49:52 localhost kernel: NET: Registered protocol family 16
Dec 13 10:49:52 localhost kernel: DMA: preallocated 2048 KiB GFP_KERNEL pool for atomic allocations
Dec 13 10:49:52 localhost kernel: DMA: preallocated 2048 KiB GFP_KERNEL|GFP_DMA pool for atomic allocations
Dec 13 10:49:52 localhost kernel: DMA: preallocated 2048 KiB GFP_KERNEL|GFP_DMA32 pool for atomic allocations
Dec 13 10:49:52 localhost kernel: audit: initializing netlink subsys (disabled)
Dec 13 10:49:52 localhost kernel: audit: type=2000 audit(1702464587.040:1): state=initialized audit_enabled=0 res=1
Dec 13 10:49:52 localhost kernel: cpuidle: using governor menu
Dec 13 10:49:52 localhost kernel: ACPI: bus type PCI registered
Dec 13 10:49:52 localhost kernel: acpiphp: ACPI Hot Plug PCI Controller Driver version: 0.5
Dec 13 10:49:52 localhost kernel: PCI: MMCONFIG for domain 0000 [bus 00-ff] at [mem 0xe0000000-0xefffffff] (base 0xe0000000)
Dec 13 10:49:52 localhost kernel: PCI: MMCONFIG at [mem 0xe0000000-0xefffffff] reserved in E820
Dec 13 10:49:52 localhost kernel: PCI: Using configuration type 1 for base access
Dec 13 10:49:52 localhost kernel: HugeTLB registered 1.-- Logs begin at Wed 2023-12-13 10:49:52 UTC, end at Wed 2023-12-13 10:59:03 UTC. --
Dec 13 10:49:52 localhost kernel: Linux version 4.18.0-348.el8.x86_64 (mockbuild@koji.corp.cloudlinux.com) (gcc version 8.5.0 20210514 (Red Hat 8.5.0-3) (GCC)) #1 SMP Tue Nov 9 06:28:28 EST 2021
Dec 13 10:49:52 localhost kernel: Command line: BOOT_IMAGE=/images/pxeboot/vmlinuz inst.stage2=hd:LABEL=ALMALINUX8 inst.ks=hd:LABEL=ALMALINUX8:/uefi-auto.cfg
Dec 13 10:49:52 localhost kernel: x86/fpu: Supporting XSAVE feature 0x001: 'x87 floating point registers'
Dec 13 10:49:52 localhost kernel: x86/fpu: Supporting XSAVE feature 0x002: 'SSE registers'
Dec 13 10:49:52 localhost kernel: x86/fpu: Supporting XSAVE feature 0x004: 'AVX registers'
Dec 13 10:49:52 localhost kernel: x86/fpu: Supporting XSAVE feature 0x008: 'MPX bounds registers'
Dec 13 10:49:52 localhost kernel: x86/fpu: Supporting XSAVE feature 0x010: 'MPX CSR'
Dec 13 10:49:52 localhost kernel: x86/fpu: xstate_offset[2]:  576, xstate_sizes[2]:  256
Dec 13 10:49:52 localhost kernel: x86/fpu: xstate_offset[3]:  832, xstate_sizes[3]:   64
Dec 13 10:49:52 localhost kernel: x86/fpu: xstate_offset[4]:  896, xstate_sizes[4]:   64
Dec 13 10:49:52 localhost kernel: x86/fpu: Enabled xstate features 0x1f, context size is 960 bytes, using 'compacted' format.
Dec 13 10:49:52 localhost kernel: BIOS-provided physical RAM map:
Dec 13 10:49:52 localhost kernel: BIOS-e820: [mem 0x0000000000000000-0x0000000000057fff] usable
Dec 13 10:49:52 localhost kernel: BIOS-e820: [mem 0x0000000000058000-0x0000000000058fff] reserved
Dec 13 10:49:52 localhost kernel: BIOS-e820: [mem 0x0000000000059000-0x000000000009efff] usable
Dec 13 10:49:52 localhost kernel: BIOS-e820: [mem 0x000000000009f000-0x00000000000fffff] reserved
Dec 13 10:49:52 localhost kernel: BIOS-e820: [mem 0x0000000000100000-0x0000000086a48fff] usable
Dec 13 10:49:52 localhost kernel: BIOS-e820: [mem 0x0000000086a49000-0x0000000086a49fff] ACPI NVS
Dec 13 10:49:52 localhost kernel: BIOS-e820: [mem 0x0000000086a4a000-0x0000000086a4afff] reserved
Dec 13 10:49:52 localhost kernel: BIOS-e820: [mem 0x0000000086a4b000-0x000000008c655fff] usable
Dec 13 10:49:52 localhost kernel: BIOS-e820: [mem 0x000000008c656000-0x000000008cb15fff] reserved
Dec 13 10:49:52 localhost kernel: BIOS-e820: [mem 0x000000008cb16000-0x000000008cbf8fff] usable
Dec 13 10:49:52 localhost kernel: BIOS-e820: [mem 0x000000008cbf9000-0x000000008cfa5fff] ACPI NVS
Dec 13 10:49:52 localhost kernel: BIOS-e820: [mem 0x000000008cfa6000-0x000000008d3fefff] reserved
Dec 13 10:49:52 localhost kernel: BIOS-e820: [mem 0x000000008d3ff000-0x000000008d3fffff] usable
Dec 13 10:49:52 localhost kernel: BIOS-e820: [mem 0x000000008d400000-0x000000008fffffff] reserved
Dec 13 10:49:52 localhost kernel: BIOS-e820: [mem 0x00000000e0000000-0x00000000efffffff] reserved
Dec 13 10:49:52 localhost kernel: BIOS-e820: [mem 0x00000000fe000000-0x00000000fe010fff] reserved
Dec 13 10:49:52 localhost kernel: BIOS-e820: [mem 0x00000000fec00000-0x00000000fec00fff] reserved
Dec 13 10:49:52 localhost kernel: BIOS-e820: [mem 0x00000000fed00000-0x00000000fed00fff] reserved
Dec 13 10:49:52 localhost kernel: BIOS-e820: [mem 0x00000000fee00000-0x00000000fee00fff] reserved
Dec 13 10:49:52 localhost kernel: BIOS-e820: [mem 0x00000000ff000000-0x00000000ffffffff] reserved
Dec 13 10:49:52 localhost kernel: BIOS-e820: [mem 0x0000000100000000-0x000000046dffffff] usable
Dec 13 10:49:52 localhost kernel: NX (Execute Disable) protection: active
Dec 13 10:49:52 localhost kernel: e820: update [mem 0x8529d018-0x852ad057] usable ==> usable
Dec 13 10:49:52 localhost kernel: e820: update [mem 0x8529d018-0x852ad057] usable ==> usable
Dec 13 10:49:52 localhost kernel: e820: update [mem 0x8528b018-0x8529c057] usable ==> usable
Dec 13 10:49:52 localhost kernel: e820: update [mem 0x8528b018-0x8529c057] usable ==> usable
Dec 13 10:49:52 localhost kernel: e820: update [mem 0x85279018-0x8528a057] usable ==> usable
Dec 13 10:49:52 localhost kernel: e820: update [mem 0x85279018-0x8528a057] usable ==> usable
Dec 13 10:49:52 localhost kernel: extended physical RAM map:
Dec 13 10:49:52 localhost kernel: reserve setup_data: [mem 0x0000000000000000-0x0000000000057fff] usable
Dec 13 10:49:52 localhost kernel: reserve setup_data: [mem 0x0000000000058000-0x0000000000058fff] reserved
Dec 13 10:49:52 localhost kernel: reserve setup_data: [mem 0x0000000000059000-0x000000000009efff] usable
Dec 13 10:49:52 localhost kernel: reserve setup_data: [mem 0x000000000009f000-0x00000000000fffff] reserved
Dec 13 10:49:52 localhost kernel: reserve setup_data: [mem 0x0000000000100000-0x0000000085279017] usable
Dec 13 10:49:52 localhost kernel: reserve setup_data: [mem 0x0000000085279018-0x000000008528a057] usable
Dec 13 10:49:52 localhost kernel: reserve setup_data: [mem 0x000000008528a058-0x000000008528b017] usable
Dec 13 10:49:52 localhost kernel: reserve setup_data: [mem 0x000000008528b018-0x000000008529c057] usable
Dec 13 10:49:52 localhost kernel: reserve setup_data: [mem 0x000000008529c058-0x000000008529d017] usable
Dec 13 10:49:52 localhost kernel: reserve setup_data: [mem 0x000000008529d018-0x00000000852ad057] usable
Dec 13 10:49:52 localhost kernel: reserve setup_data: [mem 0x00000000852ad058-0x0000000086a48fff] usable
Dec 13 10:49:52 localhost kernel: reserve setup_data: [mem 0x0000000086a49000-0x0000000086a49fff] ACPI NVS
Dec 13 10:49:52 localhost kernel: reserve setup_data: [mem 0x0000000086a4a000-0x0000000086a4afff] reserved
Dec 13 10:49:52 localhost kernel: reserve setup_data: [mem 0x0000000086a4b000-0x000000008c655fff] usable
Dec 13 10:49:52 localhost kernel: reserve setup_data: [mem 0x000000008c656000-0x000000008cb15fff] reserved
Dec 13 10:49:52 localhost kernel: reserve setup_data: [mem 0x000000008cb16000-0x000000008cbf8fff] usable
Dec 13 10:49:52 localhost kernel: reserve setup_data: [mem 0x000000008cbf9000-0x000000008cfa5fff] ACPI NVS
Dec 13 10:49:52 localhost kernel: reserve setup_data: [mem 0x000000008cfa6000-0x000000008d3fefff] reserved
Dec 13 10:49:52 localhost kernel: reserve setup_data: [mem 0x000000008d3ff000-0x000000008d3fffff] usable
Dec 13 10:49:52 localhost kernel: reserve setup_data: [mem 0x000000008d400000-0x000000008fffffff] reserved
Dec 13 10:49:52 localhost kernel: reserve setup_data: [mem 0x00000000e0000000-0x00000000efffffff] reserved
Dec 13 10:49:52 localhost kernel: reserve setup_data: [mem 0x00000000fe000000-0x00000000fe010fff] reserved
Dec 13 10:49:52 localhost kernel: reserve setup_data: [mem 0x00000000fec00000-0x00000000fec00fff] reserved
Dec 13 10:49:52 localhost kernel: reserve setup_data: [mem 0x00000000fed00000-0x00000000fed00fff] reserved
Dec 13 10:49:52 localhost kernel: reserve setup_data: [mem 0x00000000fee00000-0x00000000fee00fff] reserved
Dec 13 10:49:52 localhost kernel: reserve setup_data: [mem 0x00000000ff000000-0x00000000ffffffff] reserved
Dec 13 10:49:52 localhost kernel: reserve setup_data: [mem 0x0000000100000000-0x000000046dffffff] usable
Dec 13 10:49:52 localhost kernel: efi: EFI v2.60 by American Megatrends
Dec 13 10:49:52 localhost kernel: efi:  ACPI 2.0=0x8cbf9000  ACPI=0x8cbf9000  SMBIOS=0x8d2ea000  SMBIOS 3.0=0x8d2e9000  MPS=0xfcb40  ESRT=0x88b26618  MEMATTR=0x88b05018  MOKvar=0x8d065000 
Dec 13 10:49:52 localhost kernel: secureboot: Secure boot disabled
Dec 13 10:49:52 localhost kernel: SMBIOS 3.0.0 present.
Dec 13 10:49:52 localhost kernel: DMI: Advantech VEGA-7010/VEGA-7010, BIOS 7010V028 06/10/2019
Dec 13 10:49:52 localhost kernel: tsc: Detected 3700.000 MHz processor
Dec 13 10:49:52 localhost kernel: tsc: Detected 3696.000 MHz TSC
Dec 13 10:49:52 localhost kernel: e820: update [mem 0x00000000-0x00000fff] usable ==> reserved
Dec 13 10:49:52 localhost kernel: e820: remove [mem 0x000a0000-0x000fffff] usable
Dec 13 10:49:52 localhost kernel: last_pfn = 0x46e000 max_arch_pfn = 0x400000000
Dec 13 10:49:52 localhost kernel: MTRR default type: write-back
Dec 13 10:49:52 localhost kernel: MTRR fixed ranges enabled:
Dec 13 10:49:52 localhost kernel:   00000-9FFFF write-back
Dec 13 10:49:52 localhost kernel:   A0000-BFFFF uncachable
Dec 13 10:49:52 localhost kernel:   C0000-FFFFF write-protect
Dec 13 10:49:52 localhost kernel: MTRR variable ranges enabled:
Dec 13 10:49:52 localhost kernel:   0 base 00C0000000 mask 7FC0000000 uncachable
Dec 13 10:49:52 localhost kernel:   1 base 00A0000000 mask 7FE0000000 uncachable
Dec 13 10:49:52 localhost kernel:   2 base 0090000000 mask 7FF0000000 uncachable
Dec 13 10:49:52 localhost kernel:   3 base 008E000000 mask 7FFE000000 uncachable
Dec 13 10:49:52 localhost kernel:   4 base 008D800000 mask 7FFF800000 uncachable
Dec 13 10:49:52 localhost kernel:   5 disabled
Dec 13 10:49:52 localhost kernel:   6 disabled
Dec 13 10:49:52 localhost kernel:   7 disabled
Dec 13 10:49:52 localhost kernel:   8 disabled
Dec 13 10:49:52 localhost kernel:   9 disabled
Dec 13 10:49:52 localhost kernel: x86/PAT: Configuration [0-7]: WB  WC  UC- UC  WB  WP  UC- WT  
Dec 13 10:49:52 localhost kernel: last_pfn = 0x8d400 max_arch_pfn = 0x400000000
Dec 13 10:49:52 localhost kernel: found SMP MP-table at [mem 0x000fce30-0x000fce3f]
Dec 13 10:49:52 localhost kernel: esrt: Reserving ESRT space from 0x0000000088b26618 to 0x0000000088b26650.
Dec 13 10:49:52 localhost kernel: e820: update [mem 0x88b26000-0x88b26fff] usable ==> reserved
Dec 13 10:49:52 localhost kernel: Using GB pages for direct mapping
Dec 13 10:49:52 localhost kernel: BRK [0x393801000, 0x393801fff] PGTABLE
Dec 13 10:49:52 localhost kernel: BRK [0x393802000, 0x393802fff] PGTABLE
Dec 13 10:49:52 localhost kernel: BRK [0x393803000, 0x393803fff] PGTABLE
Dec 13 10:49:52 localhost kernel: BRK [0x393804000, 0x393804fff] PGTABLE
Dec 13 10:49:52 localhost kernel: BRK [0x393805000, 0x393805fff] PGTABLE
Dec 13 10:49:52 localhost kernel: BRK [0x393806000, 0x393806fff] PGTABLE
Dec 13 10:49:52 localhost kernel: BRK [0x393807000, 0x393807fff] PGTABLE
Dec 13 10:49:52 localhost kernel: BRK [0x393808000, 0x393808fff] PGTABLE
Dec 13 10:49:52 localhost kernel: BRK [0x393809000, 0x393809fff] PGTABLE
Dec 13 10:49:52 localhost kernel: BRK [0x39380a000, 0x39380afff] PGTABLE
Dec 13 10:49:52 localhost kernel: RAMDISK: [mem 0x37c6a000-0x3c875fff]
Dec 13 10:49:52 localhost kernel: ACPI: Early table checksum verification disabled
Dec 13 10:49:52 localhost kernel: ACPI: RSDP 0x000000008CBF9000 000024 (v02 ALASKA)
Dec 13 10:49:52 localhost kernel: ACPI: XSDT 0x000000008CBF90B0 0000E4 (v01 ALASKA A M I    01072009 AMI  00010013)
Dec 13 10:49:52 localhost kernel: ACPI: FACP 0x000000008CC21DA0 000114 (v06 ALASKA A M I    01072009 AMI  00010013)
Dec 13 10:49:52 localhost kernel: ACPI: DSDT 0x000000008CBF9230 028B6E (v02 ALASKA A M I    01072009 INTL 20160422)
Dec 13 10:49:52 localhost kernel: ACPI: FACS 0x000000008CFA5F00 000040
Dec 13 10:49:52 localhost kernel: ACPI: APIC 0x000000008CC21EB8 0000BC (v03 ALASKA A M I    01072009 AMI  00010013)
Dec 13 10:49:52 localhost kernel: ACPI: FPDT 0x000000008CC21F78 000044 (v01 ALASKA A M I    01072009 AMI  00010013)
Dec 13 10:49:52 localhost kernel: ACPI: FIDT 0x000000008CC21FC0 00009C (v01 ALASKA A M I    01072009 AMI  00010013)
Dec 13 10:49:52 localhost kernel: ACPI: MCFG 0x000000008CC22060 00003C (v01 ALASKA A M I    01072009 MSFT 00000097)
Dec 13 10:49:52 localhost kernel: ACPI: SSDT 0x000000008CC220A0 0003A3 (v01 SataRe SataTabl 00001000 INTL 20160422)
Dec 13 10:49:52 localhost kernel: ACPI: SSDT 0x000000008CC22448 003147 (v02 SaSsdt SaSsdt   00003000 INTL 20160422)
Dec 13 10:49:52 localhost kernel: ACPI: SSDT 0x000000008CC25590 0025A5 (v02 PegSsd PegSsdt  00001000 INTL 20160422)
Dec 13 10:49:52 localhost kernel: ACPI: HPET 0x000000008CC27B38 000038 (v01 INTEL  KBL      00000001 MSFT 0000005F)
Dec 13 10:49:52 localhost kernel: ACPI: SSDT 0x000000008CC27B70 000024 (v02 INTEL  OEM_RTD3 00001000 INTL 20160422)
Dec 13 10:49:52 localhost kernel: ACPI: SSDT 0x000000008CC27B98 0011A2 (v02 INTEL  Ther_Rvp 00001000 INTL 20160422)
Dec 13 10:49:52 localhost kernel: ACPI: SSDT 0x000000008CC28D40 000A2E (v02 INTEL  xh_rvp08 00000000 INTL 20160422)
Dec 13 10:49:52 localhost kernel: ACPI: UEFI 0x000000008CC29770 000042 (v01 ALASKA A M I    00000002      01000013)
Dec 13 10:49:52 localhost kernel: ACPI: SSDT 0x000000008CC297B8 0017AE (v02 CpuRef CpuSsdt  00003000 INTL 20160422)
Dec 13 10:49:52 localhost kernel: ACPI: LPIT 0x000000008CC2AF68 000094 (v01 INTEL  KBL      00000000 MSFT 0000005F)
Dec 13 10:49:52 localhost kernel: ACPI: SSDT 0x000000008CC2B000 000141 (v02 INTEL  HdaDsp   00000000 INTL 20160422)
Dec 13 10:49:52 localhost kernel: ACPI: SSDT 0x000000008CC2B148 00029F (v02 INTEL  sensrhub 00000000 INTL 20160422)
Dec 13 10:49:52 localhost kernel: ACPI: SSDT 0x000000008CC2B3E8 003002 (v02 INTEL  PtidDevc 00001000 INTL 20160422)
Dec 13 10:49:52 localhost kernel: ACPI: SSDT 0x000000008CC2E3F0 000517 (v02 INTEL  TbtTypeC 00000000 INTL 20160422)
Dec 13 10:49:52 localhost kernel: ACPI: DBGP 0x000000008CC2E908 000034 (v01 INTEL           00000002 MSFT 0000005F)
Dec 13 10:49:52 localhost kernel: ACPI: DBG2 0x000000008CC2E940 000054 (v00 INTEL           00000002 MSFT 0000005F)
Dec 13 10:49:52 localhost kernel: ACPI: DMAR 0x000000008CC2E998 0000CC (v01 INTEL  KBL      00000001 INTL 00000001)
Dec 13 10:49:52 localhost kernel: ACPI: ASF! 0x000000008CC2EA68 0000A0 (v32 INTEL   HCG     00000001 TFSM 000F4240)
Dec 13 10:49:52 localhost kernel: ACPI: WSMT 0x000000008CC2EB08 000028 (v01 ALASKA A M I    01072009 AMI  00010013)
Dec 13 10:49:52 localhost kernel: ACPI: Reserving FACP table memory at [mem 0x8cc21da0-0x8cc21eb3]
Dec 13 10:49:52 localhost kernel: ACPI: Reserving DSDT table memory at [mem 0x8cbf9230-0x8cc21d9d]
Dec 13 10:49:52 localhost kernel: ACPI: Reserving FACS table memory at [mem 0x8cfa5f00-0x8cfa5f3f]
Dec 13 10:49:52 localhost kernel: ACPI: Reserving APIC table memory at [mem 0x8cc21eb8-0x8cc21f73]
Dec 13 10:49:52 localhost kernel: ACPI: Reserving FPDT table memory at [mem 0x8cc21f78-0x8cc21fbb]
Dec 13 10:49:52 localhost kernel: ACPI: Reserving FIDT table memory at [mem 0x8cc21fc0-0x8cc2205b]
Dec 13 10:49:52 localhost kernel: ACPI: Reserving MCFG table memory at [mem 0x8cc22060-0x8cc2209b]
Dec 13 10:49:52 localhost kernel: ACPI: Reserving SSDT table memory at [mem 0x8cc220a0-0x8cc22442]
Dec 13 10:49:52 localhost kernel: ACPI: Reserving SSDT table memory at [mem 0x8cc22448-0x8cc2558e]
Dec 13 10:49:52 localhost kernel: ACPI: Reserving SSDT table memory at [mem 0x8cc25590-0x8cc27b34]
Dec 13 10:49:52 localhost kernel: ACPI: Reserving HPET table memory at [mem 0x8cc27b38-0x8cc27b6f]
Dec 13 10:49:52 localhost kernel: ACPI: Reserving SSDT table memory at [mem 0x8cc27b70-0x8cc27b93]
Dec 13 10:49:52 localhost kernel: ACPI: Reserving SSDT table memory at [mem 0x8cc27b98-0x8cc28d39]
Dec 13 10:49:52 localhost kernel: ACPI: Reserving SSDT table memory at [mem 0x8cc28d40-0x8cc2976d]
Dec 13 10:49:52 localhost kernel: ACPI: Reserving UEFI table memory at [mem 0x8cc29770-0x8cc297b1]
Dec 13 10:49:52 localhost kernel: ACPI: Reserving SSDT table memory at [mem 0x8cc297b8-0x8cc2af65]
Dec 13 10:49:52 localhost kernel: ACPI: Reserving LPIT table memory at [mem 0x8cc2af68-0x8cc2affb]
Dec 13 10:49:52 localhost kernel: ACPI: Reserving SSDT table memory at [mem 0x8cc2b000-0x8cc2b140]
Dec 13 10:49:52 localhost kernel: ACPI: Reserving SSDT table memory at [mem 0x8cc2b148-0x8cc2b3e6]
Dec 13 10:49:52 localhost kernel: ACPI: Reserving SSDT table memory at [mem 0x8cc2b3e8-0x8cc2e3e9]
Dec 13 10:49:52 localhost kernel: ACPI: Reserving SSDT table memory at [mem 0x8cc2e3f0-0x8cc2e906]
Dec 13 10:49:52 localhost kernel: ACPI: Reserving DBGP table memory at [mem 0x8cc2e908-0x8cc2e93b]
Dec 13 10:49:52 localhost kernel: ACPI: Reserving DBG2 table memory at [mem 0x8cc2e940-0x8cc2e993]
Dec 13 10:49:52 localhost kernel: ACPI: Reserving DMAR table memory at [mem 0x8cc2e998-0x8cc2ea63]
Dec 13 10:49:52 localhost kernel: ACPI: Reserving ASF! table memory at [mem 0x8cc2ea68-0x8cc2eb07]
Dec 13 10:49:52 localhost kernel: ACPI: Reserving WSMT table memory at [mem 0x8cc2eb08-0x8cc2eb2f]
Dec 13 10:49:52 localhost kernel: ACPI: Local APIC address 0xfee00000
Dec 13 10:49:52 localhost kernel: No NUMA configuration found
Dec 13 10:49:52 localhost kernel: Faking a node at [mem 0x0000000000000000-0x000000046dffffff]
Dec 13 10:49:52 localhost kernel: NODE_DATA(0) allocated [mem 0x46dfd5000-0x46dffffff]
Dec 13 10:49:52 localhost kernel: Zone ranges:
Dec 13 10:4900 GiB page size, pre-allocated 0 pages
Dec 13 10:49:52 localhost kernel: HugeTLB registered 2.00 MiB page size, pre-allocated 0 pages
Dec 13 10:49:52 localhost kernel: cryptd: max_cpu_qlen set to 1000
Dec 13 10:49:52 localhost kernel: fbcon: Taking over console
Dec 13 10:49:52 localhost kernel: ACPI: Added _OSI(Module Device)
Dec 13 10:49:52 localhost kernel: ACPI: Added _OSI(Processor Device)
Dec 13 10:49:52 localhost kernel: ACPI: Added _OSI(3.0 _SCP Extensions)
Dec 13 10:49:52 localhost kernel: ACPI: Added _OSI(Processor Aggregator Device)
Dec 13 10:49:52 localhost kernel: ACPI: Added _OSI(Linux-Dell-Video)
Dec 13 10:49:52 localhost kernel: ACPI: Added _OSI(Linux-Lenovo-NV-HDMI-Audio)
Dec 13 10:49:52 localhost kernel: ACPI: Added _OSI(Linux-HPI-Hybrid-Graphics)
Dec 13 10:49:52 localhost kernel: ACPI: 12 ACPI AML tables successfully acquired and loaded
Dec 13 10:49:52 localhost kernel: ACPI: \_PR_.PR00: _OSC native thermal LVT Acked
Dec 13 10:49:52 localhost kernel: ACPI: Dynamic OEM Table Load:
Dec 13 10:49:52 localhost kernel: ACPI: SSDT 0xFFFF903BD3926400 0003FF (v02 PmRef  Cpu0Cst  00003001 INTL 20160422)
Dec 13 10:49:52 localhost kernel: ACPI: Dynamic OEM Table Load:
Dec 13 10:49:52 localhost kernel: ACPI: SSDT 0xFFFF903BD3920000 00030A (v02 PmRef  ApCst    00003000 INTL 20160422)
Dec 13 10:49:52 localhost kernel: ACPI: Interpreter enabled
Dec 13 10:49:52 localhost kernel: ACPI: (supports S0 S5)
Dec 13 10:49:52 localhost kernel: ACPI: Using IOAPIC for interrupt routing
Dec 13 10:49:52 localhost kernel: PCI: Using host bridge windows from ACPI; if necessary, use "pci=nocrs" and report a bug
Dec 13 10:49:52 localhost kernel: ACPI: Enabled 6 GPEs in block 00 to 7F
Dec 13 10:49:52 localhost kernel: ACPI: Power Resource [PG00] (on)
Dec 13 10:49:52 localhost kernel: ACPI: Power Resource [PG01] (on)
Dec 13 10:49:52 localhost kernel: ACPI: Power Resource [PG02] (on)
Dec 13 10:49:52 localhost kernel: ACPI: Power Resource [WRST] (on)
Dec 13 10:49:52 localhost kernel: ACPI: Power Resource [WRST] (on)
Dec 13 10:49:52 localhost kernel: ACPI: Power Resource [WRST] (on)
Dec 13 10:49:52 localhost kernel: ACPI: Power Resource [WRST] (on)
Dec 13 10:49:52 localhost kernel: ACPI: Power Resource [WRST] (on)
Dec 13 10:49:52 localhost kernel: ACPI: Power Resource [WRST] (on)
Dec 13 10:49:52 localhost kernel: ACPI: Power Resource [WRST] (on)
Dec 13 10:49:52 localhost kernel: ACPI: Power Resource [WRST] (on)
Dec 13 10:49:52 localhost kernel: ACPI: Power Resource [WRST] (on)
Dec 13 10:49:52 localhost kernel: ACPI: Power Resource [WRST] (on)
Dec 13 10:49:52 localhost kernel: ACPI: Power Resource [WRST] (on)
Dec 13 10:49:52 localhost kernel: ACPI: Power Resource [WRST] (on)
Dec 13 10:49:52 localhost kernel: ACPI: Power Resource [WRST] (on)
Dec 13 10:49:52 localhost kernel: ACPI: Power Resource [WRST] (on)
Dec 13 10:49:52 localhost kernel: ACPI: Power Resource [WRST] (on)
Dec 13 10:49:52 localhost kernel: ACPI: Power Resource [WRST] (on)
Dec 13 10:49:52 localhost kernel: ACPI: Power Resource [WRST] (on)
Dec 13 10:49:52 localhost kernel: ACPI: Power Resource [WRST] (on)
Dec 13 10:49:52 localhost kernel: ACPI: Power Resource [WRST] (on)
Dec 13 10:49:52 localhost kernel: ACPI: Power Resource [WRST] (on)
Dec 13 10:49:52 localhost kernel: ACPI: Power Resource [FN00] (off)
Dec 13 10:49:52 localhost kernel: ACPI: Power Resource [FN01] (off)
Dec 13 10:49:52 localhost kernel: ACPI: Power Resource [FN02] (off)
Dec 13 10:49:52 localhost kernel: ACPI: Power Resource [FN03] (off)
Dec 13 10:49:52 localhost kernel: ACPI: Power Resource [FN04] (off)
Dec 13 10:49:52 localhost kernel: ACPI: PCI Root Bridge [PCI0] (domain 0000 [bus 00-fe])
Dec 13 10:49:52 localhost kernel: acpi PNP0A08:00: _OSC: OS supports [ExtendedConfig ASPM ClockPM Segments MSI EDR HPX-Type3]
Dec 13 10:49:52 localhost kernel: acpi PNP0A08:00: _OSC: OS now controls [PCIeHotplug SHPCHotplug PME AER PCIeCapability LTR DPC]
Dec 13 10:49:52 localhost kernel: PCI host bridge to bus 0000:00
Dec 13 10:49:52 localhost kernel: pci_bus 0000:00: root bus resource [io  0x0000-0x0cf7 window]
Dec 13 10:49:52 localhost kernel: pci_bus 0000:00: root bus resource [io  0x0d00-0xffff window]
Dec 13 10:49:52 localhost kernel: pci_bus 0000:00: root bus resource [mem 0x000a0000-0x000bffff window]
Dec 13 10:49:52 localhost kernel: pci_bus 0000:00: root bus resource [mem 0x90000000-0xdfffffff window]
Dec 13 10:49:52 localhost kernel: pci_bus 0000:00: root bus resource [mem 0xfd000000-0xfe7fffff window]
Dec 13 10:49:52 localhost kernel: pci_bus 0000:00: root bus resource [bus 00-fe]
Dec 13 10:49:52 localhost kernel: pci 0000:00:00.0: [8086:5918] type 00 class 0x060000
Dec 13 10:49:52 localhost kernel: pci 0000:00:01.0: [8086:1901] type 01 class 0x060400
Dec 13 10:49:52 localhost kernel: pci 0000:00:01.0: PME# supported from D0 D3hot D3cold
Dec 13 10:49:52 localhost kernel: pci 0000:00:01.1: [8086:1905] type 01 class 0x060400
Dec 13 10:49:52 localhost kernel: pci 0000:00:01.1: PME# supported from D0 D3hot D3cold
Dec 13 10:49:52 localhost kernel: pci 0000:00:02.0: [8086:591d] type 00 class 0x030000
Dec 13 10:49:52 localhost kernel: pci 0000:00:02.0: reg 0x10: [mem 0xde000000-0xdeffffff 64bit]
Dec 13 10:49:52 localhost kernel: pci 0000:00:02.0: reg 0x18: [mem 0xc0000000-0xcfffffff 64bit pref]
Dec 13 10:49:52 localhost kernel: pci 0000:00:02.0: reg 0x20: [io  0xf000-0xf03f]
Dec 13 10:49:52 localhost kernel: pci 0000:00:02.0: BAR 2: assigned to efifb
Dec 13 10:49:52 localhost kernel: pci 0000:00:14.0: [8086:a12f] type 00 class 0x0c0330
Dec 13 10:49:52 localhost kernel: pci 0000:00:14.0: reg 0x10: [mem 0xdf410000-0xdf41ffff 64bit]
Dec 13 10:49:52 localhost kernel: pci 0000:00:14.0: PME# supported from D3hot D3cold
Dec 13 10:49:52 localhost kernel: pci 0000:00:14.2: [8086:a131] type 00 class 0x118000
Dec 13 10:49:52 localhost kernel: pci 0000:00:14.2: reg 0x10: [mem 0xdf42f000-0xdf42ffff 64bit]
Dec 13 10:49:52 localhost kernel: pci 0000:00:16.0: [8086:a13a] type 00 class 0x078000
Dec 13 10:49:52 localhost kernel: pci 0000:00:16.0: reg 0x10: [mem 0xdf42e000-0xdf42efff 64bit]
Dec 13 10:49:52 localhost kernel: pci 0000:00:16.0: PME# supported from D3hot
Dec 13 10:49:52 localhost kernel: pci 0000:00:17.0: [8086:a102] type 00 class 0x010601
Dec 13 10:49:52 localhost kernel: pci 0000:00:17.0: reg 0x10: [mem 0xdf428000-0xdf429fff]
Dec 13 10:49:52 localhost kernel: pci 0000:00:17.0: reg 0x14: [mem 0xdf42d000-0xdf42d0ff]
Dec 13 10:49:52 localhost kernel: pci 0000:00:17.0: reg 0x18: [io  0xf090-0xf097]
Dec 13 10:49:52 localhost kernel: pci 0000:00:17.0: reg 0x1c: [io  0xf080-0xf083]
Dec 13 10:49:52 localhost kernel: pci 0000:00:17.0: reg 0x20: [io  0xf060-0xf07f]
Dec 13 10:49:52 localhost kernel: pci 0000:00:17.0: reg 0x24: [mem 0xdf42c000-0xdf42c7ff]
Dec 13 10:49:52 localhost kernel: pci 0000:00:17.0: PME# supported from D3hot
Dec 13 10:49:52 localhost kernel: pci 0000:00:1c.0: [8086:a110] type 01 class 0x060400
Dec 13 10:49:52 localhost kernel: pci 0000:00:1c.0: PME# supported from D0 D3hot D3cold
Dec 13 10:49:52 localhost kernel: pci 0000:00:1c.4: [8086:a114] type 01 class 0x060400
Dec 13 10:49:52 localhost kernel: pci 0000:00:1c.4: PME# supported from D0 D3hot D3cold
Dec 13 10:49:52 localhost kernel: pci 0000:00:1d.0: [8086:a118] type 01 class 0x060400
Dec 13 10:49:52 localhost kernel: pci 0000:00:1d.0: PME# supported from D0 D3hot D3cold
Dec 13 10:49:52 localhost kernel: pci 0000:00:1d.2: [8086:a11a] type 01 class 0x060400
Dec 13 10:49:52 localhost kernel: pci 0000:00:1d.2: PME# supported from D0 D3hot D3cold
Dec 13 10:49:52 localhost kernel: pci 0000:00:1d.3: [8086:a11b] type 01 class 0x060400
Dec 13 10:49:52 localhost kernel: pci 0000:00:1d.3: PME# supported from D0 D3hot D3cold
Dec 13 10:49:52 localhost kernel: pci 0000:00:1e.0: [8086:a127] type 00 class 0x118000
Dec 13 10:49:52 localhost kernel: pci 0000:00:1e.0: reg 0x10: [mem 0xdf42b000-0xdf42bfff 64bit]
Dec 13 10:49:52 localhost kernel: pci 0000:00:1f.0: [8086:a149] type 00 class 0x060100
Dec 13 10:49:52 localhost kernel: pci 0000:00:1f.2: [8086:a121] type 00 class 0x058000
Dec 13 10:49:52 localhost kernel: pci 0000:00:1f.2: reg 0x10: [mem 0xdf424000-0xdf427fff]
Dec 13 10:49:52 localhost kernel: pci 0000:00:1f.3: [8086:a170] type 00 class 0x040300
Dec 13 10:49:52 localhost kernel: pci 0000:00:1f.3: reg 0x10: [mem 0xdf420000-0xdf423fff 64bit]
Dec 13 10:49:52 localhost kernel: pci 0000:00:1f.3: reg 0x20: [mem 0xdf400000-0xdf40ffff 64bit]
Dec 13 10:49:52 localhost kernel: pci 0000:00:1f.3: PME# supported from D3hot D3cold
Dec 13 10:49:52 localhost kernel: pci 0000:00:1f.4: [8086:a123] type 00 class 0x0c0500
Dec 13 10:49:52 localhost kernel: pci 0000:00:1f.4: reg 0x10: [mem 0xdf42a000-0xdf42a0ff 64bit]
Dec 13 10:49:52 localhost kernel: pci 0000:00:1f.4: reg 0x20: [io  0xf040-0xf05f]
Dec 13 10:49:52 localhost kernel: pci 0000:00:01.0: PCI bridge to [bus 01]
Dec 13 10:49:52 localhost kernel: pci 0000:00:01.1: PCI bridge to [bus 02]
Dec 13 10:49:52 localhost kernel: pci 0000:03:00.0: [1b66:000f] type 00 class 0x048000
Dec 13 10:49:52 localhost kernel: pci 0000:03:00.0: reg 0x10: [mem 0xdf301000-0xdf301fff]
Dec 13 10:49:52 localhost kernel: pci 0000:03:00.0: reg 0x14: [mem 0xdf300000-0xdf300fff]
Dec 13 10:49:52 localhost kernel: pci 0000:00:1c.0: PCI bridge to [bus 03]
Dec 13 10:49:52 localhost kernel: pci 0000:00:1c.0:   bridge window [mem 0xdf300000-0xdf3fffff]
Dec 13 10:49:52 localhost kernel: pci 0000:04:00.0: [8086:1521] type 00 class 0x020000
Dec 13 10:49:52 localhost kernel: pci 0000:04:00.0: reg 0x10: [mem 0xdf260000-0xdf27ffff]
Dec 13 10:49:52 localhost kernel: pci 0000:04:00.0: reg 0x18: [io  0xe060-0xe07f]
Dec 13 10:49:52 localhost kernel: pci 0000:04:00.0: reg 0x1c: [mem 0xdf28c000-0xdf28ffff]
Dec 13 10:49:52 localhost kernel: pci 0000:04:00.0: PME# supported from D0 D3hot D3cold
Dec 13 10:49:52 localhost kernel: pci 0000:04:00.0: reg 0x184: [mem 0x00000000-0x00003fff 64bit pref]
Dec 13 10:49:52 localhost kernel: pci 0000:04:00.0: VF(n) BAR0 space: [mem 0x00000000-0x0001ffff 64bit pref] (contains BAR0 for 8 VFs)
Dec 13 10:49:52 localhost kernel: pci 0000:04:00.0: reg 0x190: [mem 0x00000000-0x00003fff 64bit pref]
Dec 13 10:49:52 localhost kernel: pci 0000:04:00.0: VF(n) BAR3 space: [mem 0x00000000-0x0001ffff 64bit pref] (contains BAR3 for 8 VFs)
Dec 13 10:49:52 localhost kernel: pci 0000:04:00.1: [8086:1521] type 00 class 0x020000
Dec 13 10:49:52 localhost kernel: pci 0000:04:00.1: reg 0x10: [mem 0xdf240000-0xdf25ffff]
Dec 13 10:49:52 localhost kernel: pci 0000:04:00.1: reg 0x18: [io  0xe040-0xe05f]
Dec 13 10:49:52 localhost kernel: pci 0000:04:00.1: reg 0x1c: [mem 0xdf288000-0xdf28bfff]
Dec 13 10:49:52 localhost kernel: pci 0000:04:00.1: PME# supported from D0 D3hot D3cold
Dec 13 10:49:52 localhost kernel: pci 0000:04:00.1: reg 0x184: [mem 0x00000000-0x00003fff 64bit pref]
Dec 13 10:49:52 localhost kernel: pci 0000:04:00.1: VF(n) BAR0 space: [mem 0x00000000-0x0001ffff 64bit pref] (contains BAR0 for 8 VFs)
Dec 13 10:49:52 localhost kernel: pci 0000:04:00.1: reg 0x190: [mem 0x00000000-0x00003fff 64bit pref]
Dec 13 10:49:52 localhost kernel: pci 0000:04:00.1: VF(n) BAR3 space: [mem 0x00000000-0x0001ffff 64bit pref] (contains BAR3 for 8 VFs)
Dec 13 10:49:52 localhost kernel: pci 0000:04:00.2: [8086:1521] type 00 class 0x020000
Dec 13 10:49:52 localhost kernel: pci 0000:04:00.2: reg 0x10: [mem 0xdf220000-0xdf23ffff]
Dec 13 10:49:52 localhost kernel: pci 0000:04:00.2: reg 0x18: [io  0xe020-0xe03f]
Dec 13 10:49:52 localhost kernel: pci 0000:04:00.2: reg 0x1c: [mem 0xdf284000-0xdf287fff]
Dec 13 10:49:52 localhost kernel: pci 0000:04:00.2: PME# supported from D0 D3hot D3cold
Dec 13 10:49:52 localhost kernel: pci 0000:04:00.2: reg 0x184: [mem 0x00000000-0x00003fff 64bit pref]
Dec 13 10:49:52 localhost kernel: pci 0000:04:00.2: VF(n) BAR0 space: [mem 0x00000000-0x0001ffff 64bit pref] (contains BAR0 for 8 VFs)
Dec 13 10:49:52 localhost kernel: pci 0000:04:00.2: reg 0x190: [mem 0x00000000-0x00003fff 64bit pref]
Dec 13 10:49:52 localhost kernel: pci 0000:04:00.2: VF(n) BAR3 space: [mem 0x00000000-0x0001ffff 64bit pref] (contains BAR3 for 8 VFs)
Dec 13 10:49:52 localhost kernel: pci 0000:04:00.3: [8086:1521] type 00 class 0x020000
Dec 13 10:49:52 localhost kernel: pci 0000:04:00.3: reg 0x10: [mem 0xdf200000-0xdf21ffff]
Dec 13 10:49:52 localhost kernel: pci 0000:04:00.3: reg 0x18: [io  0xe000-0xe01f]
Dec 13 10:49:52 localhost kernel: pci 0000:04:00.3: reg 0x1c: [mem 0xdf280000-0xdf283fff]
Dec 13 10:49:52 localhost kernel: pci 0000:04:00.3: PME# supported from D0 D3hot D3cold
Dec 13 10:49:52 localhost kernel: pci 0000:04:00.3: reg 0x184: [mem 0x00000000-0x00003fff 64bit pref]
Dec 13 10:49:52 localhost kernel: pci 0000:04:00.3: VF(n) BAR0 space: [mem 0x00000000-0x0001ffff 64bit pref] (contains BAR0 for 8 VFs)
Dec 13 10:49:52 localhost kernel: pci 0000:04:00.3: reg 0x190: [mem 0x00000000-0x00003fff 64bit pref]
Dec 13 10:49:52 localhost kernel: pci 0000:04:00.3: VF(n) BAR3 space: [mem 0x00000000-0x0001ffff 64bit pref] (contains BAR3 for 8 VFs)
Dec 13 10:49:52 localhost kernel: pci 0000:00:1c.4: PCI bridge to [bus 04]
Dec 13 10:49:52 localhost kernel: pci 0000:00:1c.4:   bridge window [io  0xe000-0xefff]
Dec 13 10:49:52 localhost kernel: pci 0000:00:1c.4:   bridge window [mem 0xdf200000-0xdf2fffff]
Dec 13 10:49:52 localhost kernel: pci 0000:00:1d.0: PCI bridge to [bus 05]
Dec 13 10:49:52 localhost kernel: pci 0000:06:00.0: [8086:1533] type 00 class 0x020000
Dec 13 10:49:52 localhost kernel: pci 0000:06:00.0: reg 0x10: [mem 0xdf100000-0xdf17ffff]
Dec 13 10:49:52 localhost kernel: pci 0000:06:00.0: reg 0x18: [io  0xd000-0xd01f]
Dec 13 10:49:52 localhost kernel: pci 0000:06:00.0: reg 0x1c: [mem 0xdf180000-0xdf183fff]
Dec 13 10:49:52 localhost kernel: pci 0000:06:00.0: PME# supported from D0 D3hot D3cold
Dec 13 10:49:52 localhost kernel: pci 0000:00:1d.2: PCI bridge to [bus 06]
Dec 13 10:49:52 localhost kernel: pci 0000:00:1d.2:   bridge window [io  0xd000-0xdfff]
Dec 13 10:49:52 localhost kernel: pci 0000:00:1d.2:   bridge window [mem 0xdf100000-0xdf1fffff]
Dec 13 10:49:52 localhost kernel: pci 0000:07:00.0: [8086:1533] type 00 class 0x020000
Dec 13 10:49:52 localhost kernel: pci 0000:07:00.0: reg 0x10: [mem 0xdf000000-0xdf07ffff]
Dec 13 10:49:52 localhost kernel: pci 0000:07:00.0: reg 0x18: [io  0xc000-0xc01f]
Dec 13 10:49:52 localhost kernel: pci 0000:07:00.0: reg 0x1c: [mem 0xdf080000-0xdf083fff]
Dec 13 10:49:52 localhost kernel: pci 0000:07:00.0: PME# supported from D0 D3hot D3cold
Dec 13 10:49:52 localhost kernel: pci 0000:00:1d.3: PCI bridge to [bus 07]
Dec 13 10:49:52 localhost kernel: pci 0000:00:1d.3:   bridge window [io  0xc000-0xcfff]
Dec 13 10:49:52 localhost kernel: pci 0000:00:1d.3:   bridge window [mem 0xdf000000-0xdf0fffff]
Dec 13 10:49:52 localhost kernel: ACPI: PCI Interrupt Link [LNKA] (IRQs 3 4 5 6 10 *11 12 14 15)
Dec 13 10:49:52 localhost kernel: ACPI: PCI Interrupt Link [LNKB] (IRQs 3 4 5 6 *10 11 12 14 15)
Dec 13 10:49:52 localhost kernel: ACPI: PCI Interrupt Link [LNKC] (IRQs 3 4 5 6 10 *11 12 14 15)
Dec 13 10:49:52 localhost kernel: ACPI: PCI Interrupt Link [LNKD] (IRQs 3 4 5 6 10 *11 12 14 15)
Dec 13 10:49:52 localhost kernel: ACPI: PCI Interrupt Link [LNKE] (IRQs 3 4 5 6 10 *11 12 14 15)
Dec 13 10:49:52 localhost kernel: ACPI: PCI Interrupt Link [LNKF] (IRQs 3 4 5 6 10 *11 12 14 15)
Dec 13 10:49:52 localhost kernel: ACPI: PCI Interrupt Link [LNKG] (IRQs 3 4 5 6 10 *11 12 14 15)
Dec 13 10:49:52 localhost kernel: ACPI: PCI Interrupt Link [LNKH] (IRQs 3 4 5 6 10 *11 12 14 15)
Dec 13 10:49:52 localhost kernel: iommu: Default domain type: Passthrough 
Dec 13 10:49:52 localhost kernel: pci 0000:00:02.0: vgaarb: setting as boot VGA device
Dec 13 10:49:52 localhost kernel: pci 0000:00:02.0: vgaarb: VGA device added: decodes=io+mem,owns=io+mem,locks=none
Dec 13 10:49:52 localhost kernel: pci 0000:00:02.0: vgaarb: bridge control possible
Dec 13 10:49:52 localhost kernel: vgaarb: loaded
Dec 13 10:49:52 localhost kernel: SCSI subsystem initialized
Dec 13 10:49:52 localhost kernel: ACPI: bus type USB registered
Dec 13 10:49:52 localhost kernel: usbcore: registered new interface driver usbfs
Dec 13 10:49:52 localhost kernel: usbcore: registered new interface driver hub
Dec 13 10:49:52 localhost kernel: usbcore: registered new device driver usb
Dec 13 10:49:52 localhost kernel: pps_core: LinuxPPS API ver. 1 registered
Dec 13 10:49:52 localhost kernel: pps_core: Software ver. 5.3.6 - Copyright 2005-2007 Rodolfo Giometti <giometti@linux.it>
Dec 13 10:49:52 localhost kernel: PTP clock support registered
Dec 13 10:49:52 localhost kernel: EDAC MC: Ver: 3.0.0
Dec 13 10:49:52 localhost kernel: Registered efivars operations
Dec 13 10:49:52 localhost kernel: PCI: Using ACPI for IRQ routing
Dec 13 10:49:52 localhost kernel: PCI: pci_cache_line_size set to 64 bytes
Dec 13 10:49:52 localhost kernel: e820: reserve RAM buffer [mem 0x00058000-0x0005ffff]
Dec 13 10:49:52 localhost kernel: e820: reserve RAM buffer [mem 0x0009f000-0x0009ffff]
Dec 13 10:49:52 localhost kernel: e820: reserve RAM buffer [mem 0x85279018-0x87ffffff]
Dec 13 10:49:52 localhost kernel: e820: reserve RAM buffer [mem 0x8528b018-0x87ffffff]
Dec 13 10:49:52 localhost kernel: e820: reserve RAM buffer [mem 0x8529d018-0x87ffffff]
Dec 13 10:49:52 localhost kernel: e820: reserve RAM buffer [mem 0x86a49000-0x87ffffff]
Dec 13 10:49:52 localhost kernel: e820: reserve RAM buffer [mem 0x88b26000-0x8bffffff]
Dec 13 10:49:52 localhost kernel: e820: reserve RAM buffer [mem 0x8c656000-0x8fffffff]
Dec 13 10:49:52 localhost kernel: e820: reserve RAM buffer [mem 0x8cbf9000-0x8fffffff]
Dec 13 10:49:52 localhost kernel: e820: reserve RAM buffer [mem 0x8d400000-0x8fffffff]
Dec 13 10:49:52 localhost kernel: e820: reserve RAM buffer [mem 0x46e000000-0x46fffffff]
Dec 13 10:49:52 localhost kernel: NetLabel: Initializing
Dec 13 10:49:52 localhost kernel: NetLabel:  domain hash size = 128
Dec 13 10:49:52 localhost kernel: NetLabel:  protocols = UNLABELED CIPSOv4 CALIPSO
Dec 13 10:49:52 localhost kernel: NetLabel:  unlabeled traffic allowed by default
Dec 13 10:49:52 localhost kernel: hpet0: at MMIO 0xfed00000, IRQs 2, 8, 0, 0, 0, 0, 0, 0
Dec 13 10:49:52 localhost kernel: hpet0: 8 comparators, 64-bit 24.000000 MHz counter
Dec 13 10:49:52 localhost kernel: clocksource: Switched to clocksource tsc-early
Dec 13 10:49:52 localhost kernel: VFS: Disk quotas dquot_6.6.0
Dec 13 10:49:52 localhost kernel: VFS: Dquot-cache hash table entries: 512 (order 0, 4096 bytes)
Dec 13 10:49:52 localhost kernel: pnp: PnP ACPI init
Dec 13 10:49:52 localhost kernel: system 00:00: [io  0x0a00-0x0a0f] has been reserved
Dec 13 10:49:52 localhost kernel: system 00:00: Plug and Play ACPI device, IDs PNP0c02 (active)
Dec 13 10:49:52 localhost kernel: pnp 00:01: [dma 0 disabled]
Dec 13 10:49:52 localhost kernel: pnp 00:01: Plug and Play ACPI device, IDs PNP0501 (active)
Dec 13 10:49:52 localhost kernel: pnp 00:02: [dma 0 disabled]
Dec 13 10:49:52 localhost kernel: pnp 00:02: Plug and Play ACPI device, IDs PNP0501 (active)
Dec 13 10:49:52 localhost kernel: system 00:03: [io  0x0680-0x069f] has been reserved
Dec 13 10:49:52 localhost kernel: system 00:03: [io  0xffff] has been reserved
Dec 13 10:49:52 localhost kernel: system 00:03: [io  0xffff] has been reserved
Dec 13 10:49:52 localhost kernel: system 00:03: [io  0xffff] has been reserved
Dec 13 10:49:52 localhost kernel: system 00:03: [io  0x1800-0x18fe] has been reserved
Dec 13 10:49:52 localhost kernel: system 00:03: [io  0x164e-0x164f] has been reserved
Dec 13 10:49:52 localhost kernel: system 00:03: Plug and Play ACPI device, IDs PNP0c02 (active)
Dec 13 10:49:52 localhost kernel: system 00:04: [io  0x0800-0x087f] has been reserved
Dec 13 10:49:52 localhost kernel: system 00:04: Plug and Play ACPI device, IDs PNP0c02 (active)
Dec 13 10:49:52 localhost kernel: pnp 00:05: Plug and Play ACPI device, IDs PNP0b00 (active)
Dec 13 10:49:52 localhost kernel: system 00:06: [io  0x1854-0x1857] has been reserved
Dec 13 10:49:52 localhost kernel: system 00:06: Plug and Play ACPI device, IDs INT3f0d PNP0c02 (active)
Dec 13 10:49:52 localhost kernel: system 00:07: [mem 0xfed10000-0xfed17fff] has been reserved
Dec 13 10:49:52 localhost kernel: system 00:07: [mem 0xfed18000-0xfed18fff] has been reserved
Dec 13 10:49:52 localhost kernel: system 00:07: [mem 0xfed19000-0xfed19fff] has been reserved
Dec 13 10:49:52 localhost kernel: system 00:07: [mem 0xe0000000-0xefffffff] has been reserved
Dec 13 10:49:52 localhost kernel: system 00:07: [mem 0xfed20000-0xfed3ffff] has been reserved
Dec 13 10:49:52 localhost kernel: system 00:07: [mem 0xfed90000-0xfed93fff] could not be reserved
Dec 13 10:49:52 localhost kernel: system 00:07: [mem 0xfed45000-0xfed8ffff] has been reserved
Dec 13 10:49:52 localhost kernel: system 00:07: [mem 0xff000000-0xffffffff] has been reserved
Dec 13 10:49:52 localhost kernel: system 00:07: [mem 0xfee00000-0xfeefffff] could not be reserved
Dec 13 10:49:52 localhost kernel: system 00:07: [mem 0xdffe0000-0xdfffffff] has been reserved
Dec 13 10:49:52 localhost kernel: system 00:07: Plug and Play ACPI device, IDs PNP0c02 (active)
Dec 13 10:49:52 localhost kernel: system 00:08: [mem 0xfd000000-0xfdabffff] has been reserved
Dec 13 10:49:52 localhost kernel: system 00:08: [mem 0xfdad0000-0xfdadffff] has been reserved
Dec 13 10:49:52 localhost kernel: system 00:08: [mem 0xfdb00000-0xfdffffff] has been reserved
Dec 13 10:49:52 localhost kernel: system 00:08: [mem 0xfe000000-0xfe01ffff] could not be reserved
Dec 13 10:49:52 localhost kernel: system 00:08: [mem 0xfe036000-0xfe03bfff] has been reserved
Dec 13 10:49:52 localhost kernel: system 00:08: [mem 0xfe03d000-0xfe3fffff] has been reserved
Dec 13 10:49:52 localhost kernel: system 00:08: [mem 0xfe410000-0xfe7fffff] has been reserved
Dec 13 10:49:52 localhost kernel: system 00:08: Plug and Play ACPI device, IDs PNP0c02 (active)
Dec 13 10:49:52 localhost kernel: system 00:09: [io  0xff00-0xfffe] has been reserved
Dec 13 10:49:52 localhost kernel: system 00:09: Plug and Play ACPI device, IDs PNP0c02 (active)
Dec 13 10:49:52 localhost kernel: system 00:0a: [mem 0xfdaf0000-0xfdafffff] has been reserved
Dec 13 10:49:52 localhost kernel: system 00:0a: [mem 0xfdae0000-0xfdaeffff] has been reserved
Dec 13 10:49:52 localhost kernel: system 00:0a: [mem 0xfdac0000-0xfdacffff] has been reserved
Dec 13 10:49:52 localhost kernel: system 00:0a: Plug and Play ACPI device, IDs PNP0c02 (active)
Dec 13 10:49:52 localhost kernel: pnp: PnP ACPI: found 11 devices
Dec 13 10:49:52 localhost kernel: clocksource: acpi_pm: mask: 0xffffff max_cycles: 0xffffff, max_idle_ns: 2085701024 ns
Dec 13 10:49:52 localhost kernel: pci 0000:00:1c.4: bridge window [mem 0x00100000-0x000fffff 64bit pref] to [bus 04] add_size 100000 add_align 100000
Dec 13 10:49:52 localhost kernel: pci 0000:00:1d.0: bridge window [io  0x1000-0x0fff] to [bus 05] add_size 1000
Dec 13 10:49:52 localhost kernel: pci 0000:00:1d.0: bridge window [mem 0x00100000-0x000fffff 64bit pref] to [bus 05] add_size 200000 add_align 100000
Dec 13 10:49:52 localhost kernel: pci 0000:00:1d.0: bridge window [mem 0x00100000-0x000fffff] to [bus 05] add_size 200000 add_align 100000
Dec 13 10:49:52 localhost kernel: pci 0000:00:1c.4: BAR 15: assigned [mem 0x90000000-0x900fffff 64bit pref]
Dec 13 10:49:52 localhost kernel: pci 0000:00:1d.0: BAR 14: assigned [mem 0x90100000-0x902fffff]
Dec 13 10:49:52 localhost kernel: pci 0000:00:1d.0: BAR 15: assigned [mem 0x90300000-0x904fffff 64bit pref]
Dec 13 10:49:52 localhost kernel: pci 0000:00:1d.0: BAR 13: assigned [io  0x2000-0x2fff]
Dec 13 10:49:52 localhost kernel: pci 0000:00:01.0: PCI bridge to [bus 01]
Dec 13 10:49:52 localhost kernel: pci 0000:00:01.1: PCI bridge to [bus 02]
Dec 13 10:49:52 localhost kernel: pci 0000:00:1c.0: PCI bridge to [bus 03]
Dec 13 10:49:52 localhost kernel: pci 0000:00:1c.0:   bridge window [mem 0xdf300000-0xdf3fffff]
Dec 13 10:49:52 localhost kernel: pci 0000:04:00.0: BAR 7: assigned [mem 0x90000000-0x9001ffff 64bit pref]
Dec 13 10:49:52 localhost kernel: pci 0000:04:00.0: BAR 10: assigned [mem 0x90020000-0x9003ffff 64bit pref]
Dec 13 10:49:52 localhost kernel: pci 0000:04:00.1: BAR 7: assigned [mem 0x90040000-0x9005ffff 64bit pref]
Dec 13 10:49:52 localhost kernel: pci 0000:04:00.1: BAR 10: assigned [mem 0x90060000-0x9007ffff 64bit pref]
Dec 13 10:49:52 localhost kernel: pci 0000:04:00.2: BAR 7: assigned [mem 0x90080000-0x9009ffff 64bit pref]
Dec 13 10:49:52 localhost kernel: pci 0000:04:00.2: BAR 10: assigned [mem 0x900a0000-0x900bffff 64bit pref]
Dec 13 10:49:52 localhost kernel: pci 0000:04:00.3: BAR 7: assigned [mem 0x900c0000-0x900dffff 64bit pref]
Dec 13 10:49:52 localhost kernel: pci 0000:04:00.3: BAR 10: assigned [mem 0x900e0000-0x900fffff 64bit pref]
Dec 13 10:49:52 localhost kernel: pci 0000:00:1c.4: PCI bridge to [bus 04]
Dec 13 10:49:52 localhost kernel: pci 0000:00:1c.4:   bridge window [io  0xe000-0xefff]
Dec 13 10:49:52 localhost kernel: pci 0000:00:1c.4:   bridge window [mem 0xdf200000-0xdf2fffff]
Dec 13 10:49:52 localhost kernel: pci 0000:00:1c.4:   bridge window [mem 0x90000000-0x900fffff 64bit pref]
Dec 13 10:49:52 localhost kernel: pci 0000:00:1d.0: PCI bridge to [bus 05]
Dec 13 10:49:52 localhost kernel: pci 0000:00:1d.0:   bridge window [io  0x2000-0x2fff]
Dec 13 10:49:52 localhost kernel: pci 0000:00:1d.0:   bridge window [mem 0x90100000-0x902fffff]
Dec 13 10:49:52 localhost kernel: pci 0000:00:1d.0:   bridge window [mem 0x90300000-0x904fffff 64bit pref]
Dec 13 10:49:52 localhost kernel: pci 0000:00:1d.2: PCI bridge to [bus 06]
Dec 13 10:49:52 localhost kernel: pci 0000:00:1d.2:   bridge window [io  0xd000-0xdfff]
Dec 13 10:49:52 localhost kernel: pci 0000:00:1d.2:   bridge window [mem 0xdf100000-0xdf1fffff]
Dec 13 10:49:52 localhost kernel: pci 0000:00:1d.3: PCI bridge to [bus 07]
Dec 13 10:49:52 localhost kernel: pci 0000:00:1d.3:   bridge window [io  0xc000-0xcfff]
Dec 13 10:49:52 localhost kernel: pci 0000:00:1d.3:   bridge window [mem 0xdf000000-0xdf0fffff]
Dec 13 10:49:52 localhost kernel: pci_bus 0000:00: resource 4 [io  0x0000-0x0cf7 window]
Dec 13 10:49:52 localhost kernel: pci_bus 0000:00: resource 5 [io  0x0d00-0xffff window]
Dec 13 10:49:52 localhost kernel: pci_bus 0000:00: resource 6 [mem 0x000a0000-0x000bffff window]
Dec 13 10:49:52 localhost kernel: pci_bus 0000:00: resource 7 [mem 0x90000000-0xdfffffff window]
Dec 13 10:49:52 localhost kernel: pci_bus 0000:00: resource 8 [mem 0xfd000000-0xfe7fffff window]
Dec 13 10:49:52 localhost kernel: pci_bus 0000:03: resource 1 [mem 0xdf300000-0xdf3fffff]
Dec 13 10:49:52 localhost kernel: pci_bus 0000:04: resource 0 [io  0xe000-0xefff]
Dec 13 10:49:52 localhost kernel: pci_bus 0000:04: resource 1 [mem 0xdf200000-0xdf2fffff]
Dec 13 10:49:52 localhost kernel: pci_bus 0000:04: resource 2 [mem 0x90000000-0x900fffff 64bit pref]
Dec 13 10:49:52 localhost kernel: pci_bus 0000:05: resource 0 [io  0x2000-0x2fff]
Dec 13 10:49:52 localhost kernel: pci_bus 0000:05: resource 1 [mem 0x90100000-0x902fffff]
Dec 13 10:49:52 localhost kernel: pci_bus 0000:05: resource 2 [mem 0x90300000-0x904fffff 64bit pref]
Dec 13 10:49:52 localhost kernel: pci_bus 0000:06: resource 0 [io  0xd000-0xdfff]
Dec 13 10:49:52 localhost kernel: pci_bus 0000:06: resource 1 [mem 0xdf100000-0xdf1fffff]
Dec 13 10:49:52 localhost kernel: pci_bus 0000:07: resource 0 [io  0xc000-0xcfff]
Dec 13 10:49:52 localhost kernel: pci_bus 0000:07: resource 1 [mem 0xdf000000-0xdf0fffff]
Dec 13 10:49:52 localhost kernel: NET: Registered protocol family 2
Dec 13 10:49:52 localhost kernel: tcp_listen_portaddr_hash hash table entries: 8192 (order: 5, 131072 bytes, vmalloc)
Dec 13 10:49:52 localhost kernel: TCP established hash table entries: 131072 (order: 8, 1048576 bytes, vmalloc)
Dec 13 10:49:52 localhost kernel: TCP bind hash table entries: 65536 (order: 8, 1048576 bytes, vmalloc)
Dec 13 10:49:52 localhost kernel: TCP: Hash tables configured (established 131072 bind 65536)
Dec 13 10:49:52 localhost kernel: MPTCP token hash table entries: 16384 (order: 6, 393216 bytes, vmalloc)
Dec 13 10:49:52 localhost kernel: UDP hash table entries: 8192 (order: 6, 262144 bytes, vmalloc)
Dec 13 10:49:52 localhost kernel: UDP-Lite hash table entries: 8192 (order: 6, 262144 bytes, vmalloc)
Dec 13 10:49:52 localhost kernel: NET: Registered protocol family 1
Dec 13 10:49:52 localhost kernel: NET: Registered protocol family 44
Dec 13 10:49:52 localhost kernel: pci 0000:00:02.0: Video device with shadowed ROM at [mem 0x000c0000-0x000dffff]
Dec 13 10:49:52 localhost kernel: PCI: CLS 64 bytes, default 64
Dec 13 10:49:52 localhost kernel: Unpacking initramfs...
Dec 13 10:49:52 localhost kernel: Freeing initrd memory: 77872K
Dec 13 10:49:52 localhost kernel: DMAR: ACPI device "device:79" under DMAR at fed91000 as 00:1e.0
Dec 13 10:49:52 localhost kernel: PCI-DMA: Using software bounce buffering for IO (SWIOTLB)
Dec 13 10:49:52 localhost kernel: software IO TLB: mapped [mem 0x0000000081279000-0x0000000085279000] (64MB)
Dec 13 10:49:52 localhost kernel: clocksource: tsc: mask: 0xffffffffffffffff max_cycles: 0x6a8d280fdb9, max_idle_ns: 881591151302 ns
Dec 13 10:49:52 localhost kernel: clocksource: Switched to clocksource tsc
Dec 13 10:49:52 localhost kernel: Initialise system trusted keyrings
Dec 13 10:49:52 localhost kernel: Key type blacklist registered
Dec 13 10:49:52 localhost kernel: workingset: timestamp_bits=36 max_order=22 bucket_order=0
Dec 13 10:49:52 localhost kernel: zbud: loaded
Dec 13 10:49:52 localhost kernel: pstore: using deflate compression
Dec 13 10:49:52 localhost kernel: Platform Keyring initialized
Dec 13 10:49:52 localhost kernel: NET: Registered protocol family 38
Dec 13 10:49:52 localhost kernel: Key type asymmetric registered
Dec 13 10:49:52 localhost kernel: Asymmetric key parser 'x509' registered
Dec 13 10:49:52 localhost kernel: Block layer SCSI generic (bsg) driver version 0.4 loaded (major 247)
Dec 13 10:49:52 localhost kernel: io scheduler mq-deadline registered
Dec 13 10:49:52 localhost kernel: io scheduler kyber registered
Dec 13 10:49:52 localhost kernel: io scheduler bfq registered
Dec 13 10:49:52 localhost kernel: atomic64_test: passed for x86-64 platform with CX8 and with SSE
Dec 13 10:49:52 localhost kernel: pcieport 0000:00:01.0: Signaling with IRQ 122
Dec 13 10:49:52 localhost kernel: pcieport 0000:00:01.0: enabled with IRQ 122
Dec 13 10:49:52 localhost kernel: pcieport 0000:00:01.1: Signaling with IRQ 123
Dec 13 10:49:52 localhost kernel: pcieport 0000:00:01.1: enabled with IRQ 123
Dec 13 10:49:52 localhost kernel: pcieport 0000:00:1c.0: Signaling with IRQ 124
Dec 13 10:49:52 localhost kernel: pcieport 0000:00:1c.0: enabled with IRQ 124
Dec 13 10:49:52 localhost kernel: pcieport 0000:00:1c.4: Signaling with IRQ 125
Dec 13 10:49:52 localhost kernel: pcieport 0000:00:1c.4: enabled with IRQ 125
Dec 13 10:49:52 localhost kernel: pcieport 0000:00:1d.0: Signaling with IRQ 126
Dec 13 10:49:52 localhost kernel: pcieport 0000:00:1d.0: Slot #0 AttnBtn- PwrCtrl- MRL- AttnInd- PwrInd- HotPlug+ Surprise+ Interlock- NoCompl+ IbPresDis- LLActRep+
Dec 13 10:49:52 localhost kernel: pcieport 0000:00:1d.2: Signaling with IRQ 127
Dec 13 10:49:52 localhost kernel: pcieport 0000:00:1d.2: enabled with IRQ 127
Dec 13 10:49:52 localhost kernel: pcieport 0000:00:1d.3: Signaling with IRQ 128
Dec 13 10:49:52 localhost kernel: pcieport 0000:00:1d.3: enabled with IRQ 128
Dec 13 10:49:52 localhost kernel: shpchp: Standard Hot Plug PCI Controller Driver version: 0.4
Dec 13 10:49:52 localhost kernel: efifb: probing for efifb
Dec 13 10:49:52 localhost kernel: efifb: framebuffer at 0xc0000000, using 1200k, total 1200k
Dec 13 10:49:52 localhost kernel: efifb: mode is 640x480x32, linelength=2560, pages=1
Dec 13 10:49:52 localhost kernel: efifb: scrolling: redraw
Dec 13 10:49:52 localhost kernel: efifb: Truecolor: size=8:8:8:8, shift=24:16:8:0
Dec 13 10:49:52 localhost kernel: Console: switching to colour frame buffer device 80x30
Dec 13 10:49:52 localhost kernel: fb0: EFI VGA frame buffer device
Dec 13 10:49:52 localhost kernel: input: Sleep Button as /devices/LNXSYSTM:00/LNXSYBUS:00/PNP0C0E:00/input/input0
Dec 13 10:49:52 localhost kernel: ACPI: Sleep Button [SLPB]
Dec 13 10:49:52 localhost kernel: input: Power Button as /devices/LNXSYSTM:00/LNXSYBUS:00/PNP0C0C:00/input/input1
Dec 13 10:49:52 localhost kernel: ACPI: Power Button [PWRB]
Dec 13 10:49:52 localhost kernel: input: Power Button as /devices/LNXSYSTM:00/LNXPWRBN:00/input/input2
Dec 13 10:49:52 localhost kernel: ACPI: Power Button [PWRF]
Dec 13 10:49:52 localhost kernel: thermal LNXTHERM:00: registered as thermal_zone0
Dec 13 10:49:52 localhost kernel: ACPI: Thermal Zone [TZ00] (28 C)
Dec 13 10:49:52 localhost kernel: thermal LNXTHERM:01: registered as thermal_zone1
Dec 13 10:49:52 localhost kernel: ACPI: Thermal Zone [TZ01] (30 C)
Dec 13 10:49:52 localhost kernel: Serial: 8250/16550 driver, 4 ports, IRQ sharing enabled
Dec 13 10:49:52 localhost kernel: 00:01: ttyS0 at I/O 0x3f8 (irq = 4, base_baud = 115200) is a 16550A
Dec 13 10:49:52 localhost kernel: 00:02: ttyS1 at I/O 0x2f8 (irq = 3, base_baud = 115200) is a 16550A
Dec 13 10:49:52 localhost kernel: Non-volatile memory driver v1.3
Dec 13 10:49:52 localhost kernel: rdac: device handler registered
Dec 13 10:49:52 localhost kernel: hp_sw: device handler registered
Dec 13 10:49:52 localhost kernel: emc: device handler registered
Dec 13 10:49:52 localhost kernel: alua: device handler registered
Dec 13 10:49:52 localhost kernel: libphy: Fixed MDIO Bus: probed
Dec 13 10:49:52 localhost kernel: ehci_hcd: USB 2.0 'Enhanced' Host Controller (EHCI) Driver
Dec 13 10:49:52 localhost kernel: ehci-pci: EHCI PCI platform driver
Dec 13 10:49:52 localhost kernel: ohci_hcd: USB 1.1 'Open' Host Controller (OHCI) Driver
Dec 13 10:49:52 localhost kernel: ohci-pci: OHCI PCI platform driver
Dec 13 10:49:52 localhost kernel: uhci_hcd: USB Universal Host Controller Interface driver
Dec 13 10:49:52 localhost kernel: xhci_hcd 0000:00:14.0: xHCI Host Controller
Dec 13 10:49:52 localhost kernel: xhci_hcd 0000:00:14.0: new USB bus registered, assigned bus number 1
Dec 13 10:49:52 localhost kernel: xhci_hcd 0000:00:14.0: hcc params 0x200077c1 hci version 0x100 quirks 0x0000000001109810
Dec 13 10:49:52 localhost kernel: xhci_hcd 0000:00:14.0: cache line size of 64 is not supported
Dec 13 10:49:52 localhost kernel: usb usb1: New USB device found, idVendor=1d6b, idProduct=0002, bcdDevice= 4.18
Dec 13 10:49:52 localhost kernel: usb usb1: New USB device strings: Mfr=3, Product=2, SerialNumber=1
Dec 13 10:49:52 localhost kernel: usb usb1: Product: xHCI Host Controller
Dec 13 10:49:52 localhost kernel: usb usb1: Manufacturer: Linux 4.18.0-348.el8.x86_64 xhci-hcd
Dec 13 10:49:52 localhost kernel: usb usb1: SerialNumber: 0000:00:14.0
Dec 13 10:49:52 localhost kernel: hub 1-0:1.0: USB hub found
Dec 13 10:49:52 localhost kernel: hub 1-0:1.0: 16 ports detected
Dec 13 10:49:52 localhost kernel: xhci_hcd 0000:00:14.0: xHCI Host Controller
Dec 13 10:49:52 localhost kernel: xhci_hcd 0000:00:14.0: new USB bus registered, assigned bus number 2
Dec 13 10:49:52 localhost kernel: xhci_hcd 0000:00:14.0: Host supports USB 3.0 SuperSpeed
Dec 13 10:49:52 localhost kernel: usb usb2: New USB device found, idVendor=1d6b, idProduct=0003, bcdDevice= 4.18
Dec 13 10:49:52 localhost kernel: usb usb2: New USB device strings: Mfr=3, Product=2, SerialNumber=1
Dec 13 10:49:52 localhost kernel: usb usb2: Product: xHCI Host Controller
Dec 13 10:49:52 localhost kernel: usb usb2: Manufacturer: Linux 4.18.0-348.el8.x86_64 xhci-hcd
Dec 13 10:49:52 localhost kernel: usb usb2: SerialNumber: 0000:00:14.0
Dec 13 10:49:52 localhost kernel: hub 2-0:1.0: USB hub found
Dec 13 10:49:52 localhost kernel: hub 2-0:1.0: 10 ports detected
Dec 13 10:49:52 localhost kernel: usbcore: registered new interface driver usbserial_generic
Dec 13 10:49:52 localhost kernel: usbserial: USB Serial support registered for generic
Dec 13 10:49:52 localhost kernel: i8042: PNP: No PS/2 controller found.
Dec 13 10:49:52 localhost kernel: mousedev: PS/2 mouse device common for all mice
Dec 13 10:49:52 localhost kernel: rtc_cmos 00:05: RTC can wake from S4
Dec 13 10:49:52 localhost kernel: rtc_cmos 00:05: registered as rtc0
Dec 13 10:49:52 localhost kernel: rtc_cmos 00:05: alarms up to one month, y3k, 242 bytes nvram, hpet irqs
Dec 13 10:49:52 localhost kernel: intel_pstate: Intel P-state driver initializing
Dec 13 10:49:52 localhost kernel: intel_pstate: Disabling energy efficiency optimization
Dec 13 10:49:52 localhost kernel: intel_pstate: HWP enabled
Dec 13 10:49:52 localhost kernel: EFI Variables Facility v0.08 2004-May-17
Dec 13 10:49:52 localhost kernel: hid: raw HID events driver (C) Jiri Kosina
Dec 13 10:49:52 localhost kernel: usbcore: registered new interface driver usbhid
Dec 13 10:49:52 localhost kernel: usbhid: USB HID core driver
Dec 13 10:49:52 localhost kernel: drop_monitor: Initializing network drop monitor service
Dec 13 10:49:52 localhost kernel: Initializing XFRM netlink socket
Dec 13 10:49:52 localhost kernel: NET: Registered protocol family 10
Dec 13 10:49:52 localhost kernel: Segment Routing with IPv6
Dec 13 10:49:52 localhost kernel: NET: Registered protocol family 17
Dec 13 10:49:52 localhost kernel: mpls_gso: MPLS GSO support
Dec 13 10:49:52 localhost kernel: microcode: sig=0x906e9, pf=0x2, revision=0x5e
Dec 13 10:49:52 localhost kernel: microcode: Microcode Update Driver: v2.2.
Dec 13 10:49:52 localhost kernel: AVX2 version of gcm_enc/dec engaged.
Dec 13 10:49:52 localhost kernel: AES CTR mode by8 optimization enabled
Dec 13 10:49:52 localhost kernel: sched_clock: Marking stable (4391366432, 0)->(4511518335, -120151903)
Dec 13 10:49:52 localhost kernel: registered taskstats version 1
Dec 13 10:49:52 localhost kernel: Loading compiled-in X.509 certificates
Dec 13 10:49:52 localhost kernel: Loaded X.509 cert 'AlmaLinux kernel signing key: c55cdb9357edfdff5b83fa160aa6773ba77dff83'
Dec 13 10:49:52 localhost kernel: Loaded X.509 cert 'AlmaLinux Driver update signing key: 7b863e0240ed208ab6b81b8a6f2860c0f4e8c7d6'
Dec 13 10:49:52 localhost kernel: Loaded X.509 cert 'AlmaLinux kpatch signing key: 69a6d9eed3f620d5c2e13a1d211c46510a5ad9f5'
Dec 13 10:49:52 localhost kernel: zswap: loaded using pool lzo/zbud
Dec 13 10:49:52 localhost kernel: page_owner is disabled
Dec 13 10:49:52 localhost kernel: Key type big_key registered
Dec 13 10:49:52 localhost kernel: Key type encrypted registered
Dec 13 10:49:52 localhost kernel: integrity: Loading X.509 certificate: UEFI:MokListRT (MOKvar table)
Dec 13 10:49:52 localhost kernel: integrity: Loaded X.509 cert 'Cloud Linux Software, Inc: 858e9d64bb6fbac59a62065485a7b61c45e2b9f8'
Dec 13 10:49:52 localhost kernel: ima: No TPM chip found, activating TPM-bypass!
Dec 13 10:49:52 localhost kernel: ima: Allocated hash algorithm: sha256
Dec 13 10:49:52 localhost kernel: ima: No architecture policies found
Dec 13 10:49:52 localhost kernel: evm: Initialising EVM extended attributes:
Dec 13 10:49:52 localhost kernel: evm: security.selinux
Dec 13 10:49:52 localhost kernel: evm: security.ima
Dec 13 10:49:52 localhost kernel: evm: security.capability
Dec 13 10:49:52 localhost kernel: evm: HMAC attrs: 0x1
Dec 13 10:49:52 localhost kernel: rtc_cmos 00:05: setting system clock to 2023-12-13 10:49:52 UTC (1702464592)
Dec 13 10:49:52 localhost kernel: Freeing unused decrypted memory: 2036K
Dec 13 10:49:52 localhost kernel: Freeing unused kernel memory: 2492K
Dec 13 10:49:52 localhost kernel: Write protecting the kernel read-only data: 22528k
Dec 13 10:49:52 localhost kernel: Freeing unused kernel memory: 2012K
Dec 13 10:49:52 localhost kernel: Freeing unused kernel memory: 320K
Dec 13 10:49:52 localhost systemd[1]: systemd 239 (239-51.el8) running in system mode. (+PAM +AUDIT +SELINUX +IMA -APPARMOR +SMACK +SYSVINIT +UTMP +LIBCRYPTSETUP +GCRYPT +GNUTLS +ACL +XZ +LZ4 +SECCOMP +BLKID +ELFUTILS +KMOD +IDN2 -IDN +PCRE2 default-hierarchy=legacy)
Dec 13 10:49:52 localhost systemd[1]: Detected architecture x86-64.
Dec 13 10:49:52 localhost systemd[1]: Running in initial RAM disk.
Dec 13 10:49:52 localhost systemd[1]: No hostname configured.
Dec 13 10:49:52 localhost systemd[1]: Set hostname to <localhost>.
Dec 13 10:49:52 localhost systemd[1]: Initializing machine ID from random generator.
Dec 13 10:49:52 localhost systemd[1]: Listening on Journal Socket.
Dec 13 10:49:52 localhost systemd[1]: Listening on Journal Socket (/dev/log).
Dec 13 10:49:52 localhost systemd[1]: Reached target Swap.
Dec 13 10:49:52 localhost systemd[1]: Listening on udev Kernel Socket.
Dec 13 10:49:52 localhost kernel: Loading iSCSI transport class v2.0-870.
Dec 13 10:49:52 localhost systemd-journald[383]: Journal started
Dec 13 10:49:52 localhost systemd-journald[383]: Runtime journal (/run/log/journal/9e1b11fd8fa2460891f36985f3cc398d) is 8.0M, max 796.7M, 788.7M free.
Dec 13 10:49:52 localhost systemd-modules-load[379]: Module 'msr' is builtin
Dec 13 10:49:52 localhost rngd[377]: Initializing available sources
Dec 13 10:49:52 localhost rngd[377]: [hwrng ]: Initialization Failed
Dec 13 10:49:52 localhost rngd[377]: [rdrand]: Enabling RDSEED rng support
Dec 13 10:49:52 localhost rngd[377]: [rdrand]: Initialized
Dec 13 10:49:52 localhost rngd[377]: [jitter]: Initializing AES buffer
Dec 13 10:49:52 localhost dracut-cmdline[394]: dracut-8.5 (Arctic Sphynx) dracut-049-191.git20210920.el8
Dec 13 10:49:52 localhost dracut-cmdline[394]: Using kernel command line parameters: BOOT_IMAGE=/images/pxeboot/vmlinuz inst.stage2=hd:LABEL=ALMALINUX8 inst.ks=hd:LABEL=ALMALINUX8:/uefi-auto.cfg
Dec 13 10:49:52 localhost dracut-cmdline[394]: Loading AlmaLinux 8.5 x86_64 installer...
Dec 13 10:49:52 localhost kernel: usb 1-2: new high-speed USB device number 2 using xhci_hcd
Dec 13 10:49:52 localhost dracut-cmdline[394]: rd.luks=0: removing cryptoluks activation
Dec 13 10:49:52 localhost dracut-cmdline[394]: rd.lvm=0: removing LVM activation
Dec 13 10:49:52 localhost kernel: iscsi: registered transport (tcp)
Dec 13 10:49:52 localhost kernel: iscsi: registered transport (qla4xxx)
Dec 13 10:49:52 localhost kernel: QLogic iSCSI HBA Driver
Dec 13 10:49:52 localhost kernel: libcxgbi:libcxgbi_init_module: Chelsio iSCSI driver library libcxgbi v0.9.1-ko (Apr. 2015)
Dec 13 10:49:52 localhost kernel: Chelsio T4-T6 iSCSI Driver cxgb4i v0.9.5-ko (Apr. 2015)
Dec 13 10:49:52 localhost kernel: iscsi: registered transport (cxgb4i)
Dec 13 10:49:52 localhost kernel: cnic: QLogic cnicDriver v2.5.22 (July 20, 2015)
Dec 13 10:49:52 localhost kernel: QLogic NetXtreme II iSCSI Driver bnx2i v2.7.10.1 (Jul 16, 2014)
Dec 13 10:49:52 localhost kernel: iscsi: registered transport (bnx2i)
Dec 13 10:49:52 localhost kernel: iscsi: registered transport (be2iscsi)
Dec 13 10:49:52 localhost kernel: In beiscsi_module_init, tt=0000000006327e65
Dec 13 10:49:52 localhost systemd[1]: Started dracut cmdline hook.
Dec 13 10:49:52 localhost systemd[1]: Starting dracut pre-udev hook...
Dec 13 10:49:52 localhost kernel: cramfs is deprecated and is slated for removal in a future RHEL release. Please use an alternative file system like squashfs.
Dec 13 10:49:53 localhost kernel: squashfs: version 4.0 (2009/01/31) Phillip Lougher
Dec 13 10:49:53 localhost dracut-pre-udev[666]: anaconda-modprobe: Module floppy not found
Dec 13 10:49:53 localhost dracut-pre-udev[666]: modprobe: ERROR: could not insert 'edd': No such device
Dec 13 10:49:53 localhost kernel: usb 1-2: New USB device found, idVendor=0557, idProduct=2888, bcdDevice= 1.00
Dec 13 10:49:53 localhost kernel: usb 1-2: New USB device strings: Mfr=1, Product=2, SerialNumber=3
Dec 13 10:49:53 localhost kernel: usb 1-2: Product: KVM Adapter
Dec 13 10:49:53 localhost kernel: usb 1-2: Manufacturer: Manufacturer
Dec 13 10:49:53 localhost kernel: usb 1-2: SerialNumber: ABLFCHLOAAAAAAAE
Dec 13 10:49:53 localhost kernel: No iBFT detected.
Dec 13 10:49:53 localhost kernel: raid6: sse2x1   gen()  8890 MB/s
Dec 13 10:49:53 localhost kernel: input: Manufacturer KVM Adapter as /devices/pci0000:00/0000:00:14.0/usb1/1-2/1-2:1.0/0003:0557:2888.0001/input/input3
Dec 13 10:49:53 localhost kernel: raid6: sse2x1   xor()  5481 MB/s
Dec 13 10:49:53 localhost kernel: raid6: sse2x2   gen() 10858 MB/s
Dec 13 10:49:53 localhost kernel: raid6: sse2x2   xor()  6498 MB/s
Dec 13 10:49:53 localhost kernel: hid-generic 0003:0557:2888.0001: input,hidraw0: USB HID v1.10 Keyboard [Manufacturer KVM Adapter] on usb-0000:00:14.0-2/input0
Dec 13 10:49:53 localhost kernel: raid6: sse2x4   gen() 10461 MB/s
Dec 13 10:49:53 localhost kernel: raid6: sse2x4   xor()  6551 MB/s
Dec 13 10:49:53 localhost kernel: raid6: avx2x1   gen() 18736 MB/s
Dec 13 10:49:53 localhost kernel: raid6: avx2x1   xor() 11102 MB/s
Dec 13 10:49:53 localhost kernel: raid6: avx2x2   gen() 22407 MB/s
Dec 13 10:49:53 localhost kernel: input: Manufacturer KVM Adapter as /devices/pci0000:00/0000:00:14.0/usb1/1-2/1-2:1.1/0003:0557:2888.0002/input/input4
Dec 13 10:49:53 localhost kernel: hid-generic 0003:0557:2888.0002: input,hidraw1: USB HID v1.10 Mouse [Manufacturer KVM Adapter] on usb-0000:00:14.0-2/input1
Dec 13 10:49:53 localhost kernel: raid6: avx2x2   xor() 13086 MB/s
Dec 13 10:49:53 localhost kernel: raid6: avx2x4   gen() 22078 MB/s
Dec 13 10:49:53 localhost kernel: raid6: avx2x4   xor() 12430 MB/s
Dec 13 10:49:53 localhost kernel: raid6: using algorithm avx2x2 gen() 22407 MB/s
Dec 13 10:49:53 localhost kernel: raid6: .... xor() 13086 MB/s, rmw enabled
Dec 13 10:49:53 localhost kernel: raid6: using avx2x2 recovery algorithm
Dec 13 10:49:53 localhost kernel: async_tx: api initialized (async)
Dec 13 10:49:53 localhost kernel: xor: automatically using best checksumming function   avx       
Dec 13 10:49:53 localhost kernel: usb 1-5: new high-speed USB device number 3 using xhci_hcd
Dec 13 10:49:53 localhost kernel: device-mapper: uevent: version 1.0.3
Dec 13 10:49:53 localhost kernel: device-mapper: ioctl: 4.43.0-ioctl (2020-10-01) initialised: dm-devel@redhat.com
Dec 13 10:49:53 localhost kernel: device-mapper: multipath round-robin: version 1.2.0 loaded
Dec 13 10:49:53 localhost dracut-pre-udev[666]: anaconda-modprobe: Module cbc not found
Dec 13 10:49:53 localhost kernel: usb 1-5: New USB device found, idVendor=0403, idProduct=6010, bcdDevice= 7.00
Dec 13 10:49:53 localhost kernel: usb 1-5: New USB device strings: Mfr=1, Product=2, SerialNumber=0
Dec 13 10:49:53 localhost kernel: usb 1-5: Product: Dual RS232-HS
Dec 13 10:49:53 localhost kernel: usb 1-5: Manufacturer: FTDI
Dec 13 10:49:53 localhost kernel: RPC: Registered named UNIX socket transport module.
Dec 13 10:49:53 localhost kernel: RPC: Registered udp transport module.
Dec 13 10:49:53 localhost kernel: RPC: Registered tcp transport module.
Dec 13 10:49:53 localhost kernel: RPC: Registered tcp NFSv4.1 backchannel transport module.
Dec 13 10:49:53 localhost rpc.statd[900]: Version 2.3.3 starting
Dec 13 10:49:53 localhost rpc.statd[900]: Initializing NSM state
Dec 13 10:49:53 localhost rpc.idmapd[905]: Setting log level to 0
Dec 13 10:49:53 localhost systemd[1]: Started dracut pre-udev hook.
Dec 13 10:49:53 localhost systemd[1]: Starting udev Kernel Device Manager...
Dec 13 10:49:53 localhost systemd[1]: Started udev Kernel Device Manager.
Dec 13 10:49:53 localhost systemd[1]: Starting dracut pre-trigger hook...
Dec 13 10:49:53 localhost kernel: usb-storage 1-2:1.2: USB Mass Storage device detected
Dec 13 10:49:53 localhost kernel: scsi host0: usb-storage 1-2:1.2
Dec 13 10:49:53 localhost kernel: usbcore: registered new interface driver usb-storage
Dec 13 10:49:53 localhost lldpad[940]: config file failed to load,
Dec 13 10:49:53 localhost lldpad[940]: create a new file.
Dec 13 10:49:53 localhost lldpad[940]: bound ctrl iface to /com/intel/lldpad
Dec 13 10:49:53 localhost kernel: usbcore: registered new interface driver uas
Dec 13 10:49:53 localhost dracut-pre-trigger[925]: 942
Dec 13 10:49:53 localhost dracut-pre-trigger[925]: rd.md=0: removing MD RAID activation
Dec 13 10:49:53 localhost systemd[1]: Started dracut pre-trigger hook.
Dec 13 10:49:53 localhost systemd[1]: Starting udev Coldplug all Devices...
Dec 13 10:49:53 localhost systemd[1]: Mounting Kernel Configuration File System...
Dec 13 10:49:53 localhost systemd[1]: Mounted Kernel Configuration File System.
Dec 13 10:49:53 localhost systemd[1]: Started udev Coldplug all Devices.
Dec 13 10:49:53 localhost systemd[1]: Starting Show Plymouth Boot Screen...
Dec 13 10:49:53 localhost systemd[1]: Starting udev Wait for Complete Device Initialization...
Dec 13 10:49:53 localhost systemd[1]: Received SIGRTMIN+20 from PID 1047 (plymouthd).
Dec 13 10:49:53 localhost systemd[1]: Started Show Plymouth Boot Screen.
Dec 13 10:49:53 localhost systemd[1]: Reached target Local Encrypted Volumes.
Dec 13 10:49:53 localhost systemd[1]: Reached target Paths.
Dec 13 10:49:53 localhost systemd[1]: Started Forward Password Requests to Plymouth Directory Watch.
Dec 13 10:49:53 localhost kernel: dca service started, version 1.12.1
Dec 13 10:49:53 localhost kernel: igb: Intel(R) Gigabit Ethernet Network Driver
Dec 13 10:49:53 localhost kernel: igb: Copyright (c) 2007-2014 Intel Corporation.
Dec 13 10:49:53 localhost kernel: igb 0000:04:00.0: enabling device (0000 -> 0002)
Dec 13 10:49:53 localhost kernel: libata version 3.00 loaded.
Dec 13 10:49:53 localhost systemd-udevd[1034]: link_config: autonegotiation is unset or enabled, the speed and duplex are not writable.
Dec 13 10:49:53 localhost kernel: ahci 0000:00:17.0: version 3.0
Dec 13 10:49:53 localhost kernel: ahci 0000:00:17.0: AHCI 0001.0301 32 slots 8 ports 6 Gbps 0xff impl SATA mode
Dec 13 10:49:53 localhost kernel: ahci 0000:00:17.0: flags: 64bit ncq sntf pm led clo only pio slum part ems deso sadm sds apst 
Dec 13 10:49:53 localhost kernel: igb 0000:04:00.0: added PHC on eth0
Dec 13 10:49:54 localhost kernel: igb 0000:04:00.0: Intel(R) Gigabit Ethernet Network Connection
Dec 13 10:49:54 localhost kernel: igb 0000:04:00.0: eth0: (PCIe:5.0Gb/s:Width x4) 74:fe:48:56:28:12
Dec 13 10:49:54 localhost kernel: igb 0000:04:00.0: eth0: PBA No: 200200-003
Dec 13 10:49:54 localhost kernel: igb 0000:04:00.0: Using MSI-X interrupts. 8 rx queue(s), 8 tx queue(s)
Dec 13 10:49:54 localhost kernel: igb 0000:04:00.1: enabling device (0000 -> 0002)
Dec 13 10:49:54 localhost kernel: 8021q: 802.1Q VLAN Support v1.8
Dec 13 10:49:54 localhost kernel: scsi host1: ahci
Dec 13 10:49:54 localhost kernel: scsi host2: ahci
Dec 13 10:49:54 localhost kernel: scsi host3: ahci
Dec 13 10:49:54 localhost kernel: scsi host4: ahci
Dec 13 10:49:54 localhost kernel: scsi host5: ahci
Dec 13 10:49:54 localhost kernel: scsi host6: ahci
Dec 13 10:49:54 localhost kernel: scsi host7: ahci
Dec 13 10:49:54 localhost kernel: scsi host8: ahci
Dec 13 10:49:54 localhost kernel: ata1: SATA max UDMA/133 abar m2048@0xdf42c000 port 0xdf42c100 irq 139
Dec 13 10:49:54 localhost kernel: ata2: SATA max UDMA/133 abar m2048@0xdf42c000 port 0xdf42c180 irq 139
Dec 13 10:49:54 localhost kernel: ata3: SATA max UDMA/133 abar m2048@0xdf42c000 port 0xdf42c200 irq 139
Dec 13 10:49:54 localhost kernel: ata4: SATA max UDMA/133 abar m2048@0xdf42c000 port 0xdf42c280 irq 139
Dec 13 10:49:54 localhost kernel: ata5: SATA max UDMA/133 abar m2048@0xdf42c000 port 0xdf42c300 irq 139
Dec 13 10:49:54 localhost kernel: ata6: SATA max UDMA/133 abar m2048@0xdf42c000 port 0xdf42c380 irq 139
Dec 13 10:49:54 localhost kernel: ata7: SATA max UDMA/133 abar m2048@0xdf42c000 port 0xdf42c400 irq 139
Dec 13 10:49:54 localhost kernel: ata8: SATA max UDMA/133 abar m2048@0xdf42c000 port 0xdf42c480 irq 139
Dec 13 10:49:54 localhost kernel: igb 0000:04:00.1: added PHC on eth1
Dec 13 10:49:54 localhost kernel: igb 0000:04:00.1: Intel(R) Gigabit Ethernet Network Connection
Dec 13 10:49:54 localhost kernel: igb 0000:04:00.1: eth1: (PCIe:5.0Gb/s:Width x4) 74:fe:48:56:28:13
Dec 13 10:49:54 localhost kernel: igb 0000:04:00.1: eth1: PBA No: 200200-003
Dec 13 10:49:54 localhost kernel: igb 0000:04:00.1: Using MSI-X interrupts. 8 rx queue(s), 8 tx queue(s)
Dec 13 10:49:54 localhost kernel: igb 0000:04:00.2: enabling device (0000 -> 0002)
Dec 13 10:49:54 localhost kernel: igb 0000:04:00.2: added PHC on eth2
Dec 13 10:49:54 localhost kernel: igb 0000:04:00.2: Intel(R) Gigabit Ethernet Network Connection
Dec 13 10:49:54 localhost kernel: igb 0000:04:00.2: eth2: (PCIe:5.0Gb/s:Width x4) 74:fe:48:56:28:14
Dec 13 10:49:54 localhost kernel: igb 0000:04:00.2: eth2: PBA No: 200200-003
Dec 13 10:49:54 localhost kernel: igb 0000:04:00.2: Using MSI-X interrupts. 8 rx queue(s), 8 tx queue(s)
Dec 13 10:49:54 localhost kernel: igb 0000:04:00.3: enabling device (0000 -> 0002)
Dec 13 10:49:54 localhost kernel: checking generic (c0000000 12c000) vs hw (de000000 1000000)
Dec 13 10:49:54 localhost kernel: checking generic (c0000000 12c000) vs hw (c0000000 10000000)
Dec 13 10:49:54 localhost kernel: fb: switching to inteldrmfb from EFI VGA
Dec 13 10:49:54 localhost kernel: Console: switching to colour dummy device 80x25
Dec 13 10:49:54 localhost kernel: i915 0000:00:02.0: vgaarb: deactivate vga console
Dec 13 10:49:54 localhost kernel: i915 0000:00:02.0: vgaarb: changed VGA decodes: olddecodes=io+mem,decodes=io+mem:owns=io+mem
Dec 13 10:49:54 localhost kernel: i915 0000:00:02.0: [drm] Finished loading DMC firmware i915/kbl_dmc_ver1_04.bin (v1.4)
Dec 13 10:49:54 localhost kernel: igb 0000:04:00.3: added PHC on eth3
Dec 13 10:49:54 localhost kernel: igb 0000:04:00.3: Intel(R) Gigabit Ethernet Network Connection
Dec 13 10:49:54 localhost kernel: igb 0000:04:00.3: eth3: (PCIe:5.0Gb/s:Width x4) 74:fe:48:56:28:15
Dec 13 10:49:54 localhost kernel: igb 0000:04:00.3: eth3: PBA No: 200200-003
Dec 13 10:49:54 localhost kernel: igb 0000:04:00.3: Using MSI-X interrupts. 8 rx queue(s), 8 tx queue(s)
Dec 13 10:49:54 localhost kernel: pps pps0: new PPS source ptp4
Dec 13 10:49:54 localhost kernel: igb 0000:06:00.0: added PHC on eth4
Dec 13 10:49:54 localhost kernel: igb 0000:06:00.0: Intel(R) Gigabit Ethernet Network Connection
Dec 13 10:49:54 localhost kernel: igb 0000:06:00.0: eth4: (PCIe:2.5Gb/s:Width x1) 74:fe:48:4f:ab:85
Dec 13 10:49:54 localhost kernel: igb 0000:06:00.0: eth4: PBA No: 000300-000
Dec 13 10:49:54 localhost kernel: igb 0000:06:00.0: Using MSI-X interrupts. 4 rx queue(s), 4 tx queue(s)
Dec 13 10:49:54 localhost kernel: pps pps1: new PPS source ptp5
Dec 13 10:49:54 localhost kernel: igb 0000:07:00.0: added PHC on eth5
Dec 13 10:49:54 localhost kernel: igb 0000:07:00.0: Intel(R) Gigabit Ethernet Network Connection
Dec 13 10:49:54 localhost kernel: igb 0000:07:00.0: eth5: (PCIe:2.5Gb/s:Width x1) 74:fe:48:4f:ab:86
Dec 13 10:49:54 localhost kernel: igb 0000:07:00.0: eth5: PBA No: 000300-000
Dec 13 10:49:54 localhost kernel: igb 0000:07:00.0: Using MSI-X interrupts. 4 rx queue(s), 4 tx queue(s)
Dec 13 10:49:54 localhost kernel: igb 0000:04:00.1 enp4s0f1: renamed from eth1
Dec 13 10:49:54 localhost systemd-udevd[1033]: Using default interface naming scheme 'rhel-8.0'.
Dec 13 10:49:54 localhost systemd-udevd[1022]: Using default interface naming scheme 'rhel-8.0'.
Dec 13 10:49:54 localhost systemd-udevd[1033]: link_config: autonegotiation is unset or enabled, the speed and duplex are not writable.
Dec 13 10:49:54 localhost systemd-udevd[1022]: link_config: autonegotiation is unset or enabled, the speed and duplex are not writable.
Dec 13 10:49:54 localhost systemd-udevd[1027]: Using default interface naming scheme 'rhel-8.0'.
Dec 13 10:49:54 localhost systemd-udevd[1040]: Using default interface naming scheme 'rhel-8.0'.
Dec 13 10:49:54 localhost systemd-udevd[1023]: Using default interface naming scheme 'rhel-8.0'.
Dec 13 10:49:54 localhost systemd-udevd[1038]: Using default interface naming scheme 'rhel-8.0'.
Dec 13 10:49:54 localhost kernel: igb 0000:04:00.2 enp4s0f2: renamed from eth2
Dec 13 10:49:54 localhost systemd-udevd[1024]: Using default interface naming scheme 'rhel-8.0'.
Dec 13 10:49:54 localhost systemd-udevd[1038]: link_config: autonegotiation is unset or enabled, the speed and duplex are not writable.
Dec 13 10:49:54 localhost systemd-udevd[1023]: link_config: autonegotiation is unset or enabled, the speed and duplex are not writable.
Dec 13 10:49:54 localhost systemd-udevd[1040]: link_config: autonegotiation is unset or enabled, the speed and duplex are not writable.
Dec 13 10:49:54 localhost kernel: igb 0000:04:00.3 enp4s0f3: renamed from eth3
Dec 13 10:49:54 localhost systemd-udevd[1027]: link_config: autonegotiation is unset or enabled, the speed and duplex are not writable.
Dec 13 10:49:54 localhost kernel: igb 0000:07:00.0 enp7s0: renamed from eth5
Dec 13 10:49:54 localhost kernel: igb 0000:04:00.0 enp4s0f0: renamed from eth0
Dec 13 10:49:54 localhost kernel: igb 0000:06:00.0 enp6s0: renamed from eth4
Dec 13 10:49:54 localhost kernel: ata7: SATA link down (SStatus 4 SControl 300)
Dec 13 10:49:54 localhost kernel: ata8: SATA link down (SStatus 4 SControl 300)
Dec 13 10:49:54 localhost kernel: ata4: SATA link down (SStatus 4 SControl 300)
Dec 13 10:49:54 localhost kernel: ata6: SATA link down (SStatus 4 SControl 300)
Dec 13 10:49:54 localhost kernel: ata5: SATA link down (SStatus 4 SControl 300)
Dec 13 10:49:54 localhost kernel: ata3: SATA link down (SStatus 4 SControl 300)
Dec 13 10:49:54 localhost kernel: ata1: SATA link up 6.0 Gbps (SStatus 133 SControl 300)
Dec 13 10:49:54 localhost kernel: ata2: SATA link down (SStatus 4 SControl 300)
Dec 13 10:49:54 localhost kernel: ata1.00: ACPI cmd ef/10:06:00:00:00:00 (SET FEATURES) succeeded
Dec 13 10:49:54 localhost kernel: ata1.00: ACPI cmd f5/00:00:00:00:00:00 (SECURITY FREEZE LOCK) filtered out
Dec 13 10:49:54 localhost kernel: ata1.00: ACPI cmd b1/c1:00:00:00:00:00 (DEVICE CONFIGURATION OVERLAY) filtered out
Dec 13 10:49:54 localhost kernel: ata1.00: ATA-9: LITEON CV1-8B128, 1.00, max UDMA/133
Dec 13 10:49:54 localhost kernel: ata1.00: 250069680 sectors, multi 2: LBA48 NCQ (depth 32), AA
Dec 13 10:49:54 localhost kernel: ata1.00: ACPI cmd ef/10:06:00:00:00:00 (SET FEATURES) succeeded
Dec 13 10:49:54 localhost kernel: ata1.00: ACPI cmd f5/00:00:00:00:00:00 (SECURITY FREEZE LOCK) filtered out
Dec 13 10:49:54 localhost kernel: ata1.00: ACPI cmd b1/c1:00:00:00:00:00 (DEVICE CONFIGURATION OVERLAY) filtered out
Dec 13 10:49:54 localhost kernel: ata1.00: configured for UDMA/133
Dec 13 10:49:54 localhost kernel: scsi 1:0:0:0: Direct-Access     ATA      LITEON CV1-8B128 1.00 PQ: 0 ANSI: 5
Dec 13 10:49:54 localhost kernel: scsi 1:0:0:0: Attached scsi generic sg0 type 0
Dec 13 10:49:54 localhost kernel: sd 1:0:0:0: [sda] 250069680 512-byte logical blocks: (128 GB/119 GiB)
Dec 13 10:49:54 localhost kernel: sd 1:0:0:0: [sda] Write Protect is off
Dec 13 10:49:54 localhost kernel: sd 1:0:0:0: [sda] Mode Sense: 00 3a 00 00
Dec 13 10:49:54 localhost kernel: sd 1:0:0:0: [sda] Write cache: enabled, read cache: enabled, doesn't support DPO or FUA
Dec 13 10:49:54 localhost kernel:  sda: sda1 sda2 sda3 sda4
Dec 13 10:49:54 localhost kernel: sd 1:0:0:0: [sda] Attached SCSI disk
Dec 13 10:49:54 localhost systemd[1]: Started cancel waiting for multipath siblings of sda.
Dec 13 10:49:54 localhost kernel: i915 0000:00:02.0: [drm] failed to retrieve link info, disabling eDP
Dec 13 10:49:54 localhost kernel: [drm] Initialized i915 1.6.0 20201103 for 0000:00:02.0 on minor 0
Dec 13 10:49:54 localhost kernel: ACPI: Video Device [GFX0] (multi-head: yes  rom: no  post: no)
Dec 13 10:49:54 localhost kernel: input: Video Bus as /devices/LNXSYSTM:00/LNXSYBUS:00/PNP0A08:00/LNXVIDEO:00/input/input5
Dec 13 10:49:54 localhost kernel: fbcon: i915drmfb (fb0) is primary device
Dec 13 10:49:54 localhost kernel: Console: switching to colour frame buffer device 128x48
Dec 13 10:49:54 localhost kernel: i915 0000:00:02.0: [drm] fb0: i915drmfb frame buffer device
Dec 13 10:49:54 localhost systemd[1]: Started udev Wait for Complete Device Initialization.
Dec 13 10:49:54 localhost systemd[1]: Starting Device-Mapper Multipath Device Controller...
Dec 13 10:49:54 localhost systemd[1]: Started Device-Mapper Multipath Device Controller.
Dec 13 10:49:54 localhost systemd[1]: Reached target Local File Systems (Pre).
Dec 13 10:49:54 localhost systemd[1]: Reached target Local File Systems.
Dec 13 10:49:54 localhost systemd[1]: Starting Create Volatile Files and Directories...
Dec 13 10:49:54 localhost systemd[1]: Starting Open-iSCSI...
Dec 13 10:49:54 localhost iscsid[1101]: iscsid: can't open InitiatorName configuration file /etc/iscsi/initiatorname.iscsi
Dec 13 10:49:54 localhost iscsid[1101]: iscsid: Warning: InitiatorName file /etc/iscsi/initiatorname.iscsi does not exist or does not contain a properly formatted InitiatorName. If using software iscsi (iscsi_tcp or ib_iser) or partial offload (bnx2i or cxgbi iscsi), you may not be able to log into or discover targets. Please create a file /etc/iscsi/initiatorname.iscsi that contains a sting with the format: InitiatorName=iqn.yyyy-mm.<reversed domain name>[:identifier].
Dec 13 10:49:54 localhost iscsid[1101]: Example: InitiatorName=iqn.2001-04.com.redhat:fc6.
Dec 13 10:49:54 localhost iscsid[1101]: If using hardware iscsi like qla4xxx this message can be ignored.
Dec 13 10:49:54 localhost iscsid[1101]: iscsid: can't open InitiatorAlias configuration file /etc/iscsi/initiatorname.iscsi
Dec 13 10:49:54 localhost multipathd[1099]: --------start up--------
Dec 13 10:49:54 localhost multipathd[1099]: read /etc/multipath.conf
Dec 13 10:49:54 localhost systemd[1]: Started Open-iSCSI.
Dec 13 10:49:54 localhost systemd[1]: Starting dracut initqueue hook...
Dec 13 10:49:54 localhost systemd[1]: Started Create Volatile Files and Directories.
Dec 13 10:49:54 localhost systemd[1]: Reached target System Initialization.
Dec 13 10:49:54 localhost systemd[1]: Reached target Basic System.
Dec 13 10:49:54 localhost multipathd[1099]: path checkers start up
Dec 13 10:49:54 localhost systemd[1]: Reloading.
Dec 13 10:49:54 localhost kernel: scsi 0:0:0:0: CD-ROM                     Virtual DVD-ROM  2.00 PQ: 0 ANSI: 0 CCS
Dec 13 10:49:54 localhost kernel: scsi 0:0:0:0: Attached scsi generic sg1 type 5
Dec 13 10:49:54 localhost kernel: sr 0:0:0:0: [sr0] scsi3-mmc drive: 62x/8x cd/rw xa/form2 cdda tray
Dec 13 10:49:54 localhost kernel: cdrom: Uniform CD-ROM driver Revision: 3.20
Dec 13 10:49:54 localhost kernel: sr 0:0:0:0: Attached scsi CD-ROM sr0
Dec 13 10:49:55 localhost rngd[377]: [jitter]: Enabling JITTER rng support
Dec 13 10:49:55 localhost rngd[377]: [jitter]: Initialized
Dec 13 10:49:57 localhost dracut-initqueue[1103]: anaconda using disk root at /dev/sr0
Dec 13 10:49:58 localhost kernel: ISO 9660 Extensions: Microsoft Joliet Level 3
Dec 13 10:49:58 localhost kernel: ISO 9660 Extensions: RRIP_1991A
Dec 13 10:49:58 localhost dracut-initqueue[1103]: anaconda: found /run/install/repo//images/install.img
Dec 13 10:49:59 localhost kernel: loop: module loaded
Dec 13 10:49:59 localhost kernel: loop0: detected capacity change from 0 to 662765568
Dec 13 10:49:59 localhost kernel: loop1: detected capacity change from 0 to 3221225472
Dec 13 10:49:59 localhost kernel: loop2: detected capacity change from 0 to 34359738368
Dec 13 10:49:59 localhost systemd[1]: run-initramfs-squashfs.mount: Succeeded.
Dec 13 10:49:59 localhost dracut-initqueue[1103]: anaconda: fetching kickstart from /dev/sr0:/uefi-auto.cfg
Dec 13 10:50:00 localhost systemd[1]: Started dracut initqueue hook.
Dec 13 10:50:00 localhost systemd[1]: Starting dracut pre-mount hook...
Dec 13 10:50:00 localhost systemd[1]: Reached target Remote File Systems (Pre).
Dec 13 10:50:00 localhost systemd[1]: Reached target Remote File Systems.
Dec 13 10:50:00 localhost systemd[1]: Started dracut pre-mount hook.
Dec 13 10:50:00 localhost systemd[1]: Reached target Initrd Root File System.
Dec 13 10:50:00 localhost systemd[1]: Starting Reload Configuration from the Real Root...
Dec 13 10:50:00 localhost systemd[1]: Reloading.
Dec 13 10:50:00 localhost systemd[1]: Stopping Device-Mapper Multipath Device Controller...
Dec 13 10:50:00 localhost systemd[1]: initrd-parse-etc.service: Succeeded.
Dec 13 10:50:00 localhost systemd[1]: Started Reload Configuration from the Real Root.
Dec 13 10:50:00 localhost systemd[1]: Reached target Initrd File Systems.
Dec 13 10:50:00 localhost systemd[1]: Reached target Initrd Default Target.
Dec 13 10:50:00 localhost systemd[1]: Starting dracut mount hook...
Dec 13 10:50:00 localhost multipathd[1622]: ok
Dec 13 10:50:00 localhost multipathd[1099]: --------shut down-------
Dec 13 10:50:00 localhost systemd[1]: multipathd.service: Succeeded.
Dec 13 10:50:00 localhost systemd[1]: Stopped Device-Mapper Multipath Device Controller.
Dec 13 10:50:00 localhost kernel: EXT4-fs (dm-0): mounted filesystem with ordered data mode. Opts: (null)
Dec 13 10:50:00 localhost systemd[1]: Started dracut mount hook.
Dec 13 10:50:00 localhost systemd[1]: Starting dracut pre-pivot and cleanup hook...
Dec 13 10:50:01 localhost systemd[1]: var-lib-nfs-rpc_pipefs.mount: Succeeded.
Dec 13 10:50:01 localhost systemd[1]: Started dracut pre-pivot and cleanup hook.
Dec 13 10:50:01 localhost systemd[1]: Starting Cleaning Up and Shutting Down Daemons...
Dec 13 10:50:01 localhost systemd[1]: cancel-multipath-wait-sda.timer: Succeeded.
Dec 13 10:50:01 localhost systemd[1]: Stopped cancel waiting for multipath siblings of sda.
Dec 13 10:50:01 localhost systemd[1]: dracut-pre-pivot.service: Succeeded.
Dec 13 10:50:01 localhost systemd[1]: Stopped dracut pre-pivot and cleanup hook.
Dec 13 10:50:01 localhost systemd[1]: Stopped target Initrd Default Target.
Dec 13 10:50:01 localhost systemd[1]: Stopped target Timers.
Dec 13 10:50:01 localhost systemd[1]: dracut-mount.service: Succeeded.
Dec 13 10:50:01 localhost systemd[1]: Stopped dracut mount hook.
Dec 13 10:50:01 localhost systemd[1]: dracut-pre-mount.service: Succeeded.
Dec 13 10:50:01 localhost systemd[1]: Stopped dracut pre-mount hook.
Dec 13 10:50:01 localhost systemd[1]: Starting Plymouth switch root service...
Dec 13 10:50:01 localhost systemd[1]: Stopped target Remote File Systems.
Dec 13 10:50:01 localhost systemd[1]: Stopped target Basic System.
Dec 13 10:50:01 localhost systemd[1]: Stopped target System Initialization.
Dec 13 10:50:01 localhost systemd[1]: systemd-sysctl.service: Succeeded.
Dec 13 10:50:01 localhost systemd[1]: Stopped Apply Kernel Variables.
Dec 13 10:50:01 localhost systemd[1]: Stopped target Swap.
Dec 13 10:50:01 localhost systemd[1]: Stopped target Sockets.
Dec 13 10:50:01 localhost systemd[1]: Stopped target Paths.
Dec 13 10:50:01 localhost systemd[1]: Stopped target Local Encrypted Volumes.
Dec 13 10:50:01 localhost systemd[1]: Starting Setup Virtual Console...
Dec 13 10:50:01 localhost systemd[1]: Stopped target Slices.
Dec 13 10:50:01 localhost systemd[1]: systemd-modules-load.service: Succeeded.
Dec 13 10:50:01 localhost systemd[1]: Stopped Load Kernel Modules.
Dec 13 10:50:01 localhost systemd[1]: systemd-udev-settle.service: Succeeded.
Dec 13 10:50:01 localhost systemd[1]: Stopped udev Wait for Complete Device Initialization.
Dec 13 10:50:01 localhost systemd[1]: Stopped target Remote File Systems (Pre).
Dec 13 10:50:01 localhost systemd[1]: dracut-initqueue.service: Succeeded.
