[    0.000000] microcode: microcode updated early to revision 0x5003302, date = 2021-12-10
[    0.000000] Initializing cgroup subsys cpuset
[    0.000000] Initializing cgroup subsys cpu
[    0.000000] Initializing cgroup subsys cpuacct
[    0.000000] Linux version 3.10.0-1160.90.1.el7.x86_64 (mockbuild@kbuilder.bsys.centos.org) (gcc version 4.8.5 20150623 (Red Hat 4.8.5-44) (GCC) ) #1 SMP Thu May 4 15:21:22 UTC 2023
[    0.000000] Command line: BOOT_IMAGE=/vmlinuz-3.10.0-1160.90.1.el7.x86_64 root=/dev/mapper/vg_main-lv_root ro crashkernel=auto rd.lvm.lv=vg_main/lv_root rhgb quiet
[    0.000000] e820: BIOS-provided physical RAM map:
[    0.000000] BIOS-e820: [mem 0x0000000000000000-0x000000000009abff] usable
[    0.000000] BIOS-e820: [mem 0x000000000009ac00-0x000000000009ffff] reserved
[    0.000000] BIOS-e820: [mem 0x00000000000e0000-0x00000000000fffff] reserved
[    0.000000] BIOS-e820: [mem 0x0000000000100000-0x000000005cdecfff] usable
[    0.000000] BIOS-e820: [mem 0x000000005cded000-0x000000005d0d7fff] ACPI data
[    0.000000] BIOS-e820: [mem 0x000000005d0d8000-0x000000005f705fff] usable
[    0.000000] BIOS-e820: [mem 0x000000005f706000-0x000000005f760fff] ACPI data
[    0.000000] BIOS-e820: [mem 0x000000005f761000-0x000000005f7c8fff] usable
[    0.000000] BIOS-e820: [mem 0x000000005f7c9000-0x000000005f7f7fff] ACPI data
[    0.000000] BIOS-e820: [mem 0x000000005f7f8000-0x000000005fcd3fff] usable
[    0.000000] BIOS-e820: [mem 0x000000005fcd4000-0x000000005fefafff] reserved
[    0.000000] BIOS-e820: [mem 0x000000005fefb000-0x00000000638affff] usable
[    0.000000] BIOS-e820: [mem 0x00000000638b0000-0x0000000063963fff] reserved
[    0.000000] BIOS-e820: [mem 0x0000000063964000-0x0000000063fc2fff] usable
[    0.000000] BIOS-e820: [mem 0x0000000063fc3000-0x000000006404bfff] reserved
[    0.000000] BIOS-e820: [mem 0x000000006404c000-0x0000000064347fff] usable
[    0.000000] BIOS-e820: [mem 0x0000000064348000-0x0000000064b49fff] reserved
[    0.000000] BIOS-e820: [mem 0x0000000064b4a000-0x0000000064c2cfff] usable
[    0.000000] BIOS-e820: [mem 0x0000000064c2d000-0x0000000065c2cfff] reserved
[    0.000000] BIOS-e820: [mem 0x0000000065c2d000-0x000000006756cfff] usable
[    0.000000] BIOS-e820: [mem 0x000000006756d000-0x000000006786cfff] reserved
[    0.000000] BIOS-e820: [mem 0x000000006786d000-0x000000006829cfff] ACPI NVS
[    0.000000] BIOS-e820: [mem 0x000000006829d000-0x000000006839cfff] ACPI data
[    0.000000] BIOS-e820: [mem 0x000000006839d000-0x000000006f7fffff] usable
[    0.000000] BIOS-e820: [mem 0x000000006f800000-0x000000008fffffff] reserved
[    0.000000] BIOS-e820: [mem 0x00000000fd000000-0x00000000fe7fffff] reserved
[    0.000000] BIOS-e820: [mem 0x00000000fec00000-0x00000000fec00fff] reserved
[    0.000000] BIOS-e820: [mem 0x00000000fec80000-0x00000000fed00fff] reserved
[    0.000000] BIOS-e820: [mem 0x00000000ff800000-0x0000000100bfffff] reserved
[    0.000000] BIOS-e820: [mem 0x0000000100c00000-0x000000303fffffff] usable
[    0.000000] NX (Execute Disable) protection: active
[    0.000000] SMBIOS 2.8 present.
[    0.000000] DMI: Intel Corporation S2600WFT/S2600WFT, BIOS SE5C620.86B.02.01.0013.121520200651 12/15/2020
[    0.000000] e820: update [mem 0x00000000-0x00000fff] usable ==> reserved
[    0.000000] e820: remove [mem 0x000a0000-0x000fffff] usable
[    0.000000] e820: last_pfn = 0x3040000 max_arch_pfn = 0x400000000
[    0.000000] MTRR default type: uncachable
[    0.000000] MTRR fixed ranges enabled:
[    0.000000]   00000-9FFFF write-back
[    0.000000]   A0000-FFFFF uncachable
[    0.000000] MTRR variable ranges enabled:
[    0.000000]   0 base 000000000000 mask 3FE000000000 write-back
[    0.000000]   1 base 002000000000 mask 3FF000000000 write-back
[    0.000000]   2 base 003000000000 mask 3FFFC0000000 write-back
[    0.000000]   3 base 000080000000 mask 3FFF80000000 uncachable
[    0.000000]   4 base 00007F000000 mask 3FFFFF000000 uncachable
[    0.000000]   5 disabled
[    0.000000]   6 disabled
[    0.000000]   7 disabled
[    0.000000]   8 disabled
[    0.000000]   9 disabled
[    0.000000] PAT configuration [0-7]: WB  WC  UC- UC  WB  WP  UC- UC  
[    0.000000] original variable MTRRs
[    0.000000] reg 0, base: 0GB, range: 128GB, type WB
[    0.000000] reg 1, base: 128GB, range: 64GB, type WB
[    0.000000] reg 2, base: 192GB, range: 1GB, type WB
[    0.000000] reg 3, base: 2GB, range: 2GB, type UC
[    0.000000] reg 4, base: 2032MB, range: 16MB, type UC
[    0.000000] total RAM covered: 195568M
[    0.000000] Found optimal setting for mtrr clean up
[    0.000000]  gran_size: 64K 	chunk_size: 32M 	num_reg: 9  	lose cover RAM: 0G
[    0.000000] New variable MTRRs
[    0.000000] reg 0, base: 0GB, range: 2GB, type WB
[    0.000000] reg 1, base: 2032MB, range: 16MB, type UC
[    0.000000] reg 2, base: 4GB, range: 4GB, type WB
[    0.000000] reg 3, base: 8GB, range: 8GB, type WB
[    0.000000] reg 4, base: 16GB, range: 16GB, type WB
[    0.000000] reg 5, base: 32GB, range: 32GB, type WB
[    0.000000] reg 6, base: 64GB, range: 64GB, type WB
[    0.000000] reg 7, base: 128GB, range: 64GB, type WB
[    0.000000] reg 8, base: 192GB, range: 1GB, type WB
[    0.000000] e820: update [mem 0x7f000000-0xffffffff] usable ==> reserved
[    0.000000] e820: last_pfn = 0x6f800 max_arch_pfn = 0x400000000
[    0.000000] Base memory trampoline at [ffffa00b80094000] 94000 size 24576
[    0.000000] Using GB pages for direct mapping
[    0.000000] BRK [0x22932a5000, 0x22932a5fff] PGTABLE
[    0.000000] BRK [0x22932a6000, 0x22932a6fff] PGTABLE
[    0.000000] BRK [0x22932a7000, 0x22932a7fff] PGTABLE
[    0.000000] BRK [0x22932a8000, 0x22932a8fff] PGTABLE
[    0.000000] BRK [0x22932a9000, 0x22932a9fff] PGTABLE
[    0.000000] BRK [0x22932aa000, 0x22932aafff] PGTABLE
[    0.000000] BRK [0x22932ab000, 0x22932abfff] PGTABLE
[    0.000000] BRK [0x22932ac000, 0x22932acfff] PGTABLE
[    0.000000] BRK [0x22932ad000, 0x22932adfff] PGTABLE
[    0.000000] BRK [0x22932ae000, 0x22932aefff] PGTABLE
[    0.000000] BRK [0x22932af000, 0x22932affff] PGTABLE
[    0.000000] BRK [0x22932b0000, 0x22932b0fff] PGTABLE
[    0.000000] RAMDISK: [mem 0x35624000-0x36b09fff]
[    0.000000] Early table checksum verification disabled
[    0.000000] ACPI: RSDP 00000000000f0510 00024 (v02 INTEL )
[    0.000000] ACPI: XSDT 00000000682bb188 000FC (v01 INTEL  S2600WF  00000000 INTL 20091013)
[    0.000000] ACPI: FACP 0000000068399000 0010C (v05 INTEL  S2600WF  00000000 INTL 20091013)
[    0.000000] ACPI: DSDT 000000005cded000 2EA8F4 (v02 INTEL  S2600WF  00000003 INTL 20091013)
[    0.000000] ACPI: FACS 00000000681de000 00040
[    0.000000] ACPI: SSDT 000000006839a000 004B0 (v02 INTEL  S2600WF  00000000 MSFT 0100000D)
[    0.000000] ACPI: UEFI 0000000068242000 00042 (v01 INTEL  S2600WF  00000002 INTL 20091013)
[    0.000000] ACPI: UEFI 00000000681e0000 0005C (v01  INTEL RstUefiV 00000000      00000000)
[    0.000000] ACPI: HPET 0000000068398000 00038 (v01 INTEL  S2600WF  00000001 INTL 20091013)
[    0.000000] ACPI: APIC 0000000068396000 016DE (v03 INTEL  S2600WF  00000000 INTL 20091013)
[    0.000000] ACPI: MCFG 0000000068395000 0003C (v01 INTEL  S2600WF  00000001 INTL 20091013)
[    0.000000] ACPI: MSCT 0000000068394000 00090 (v01 INTEL  S2600WF  00000001 INTL 20091013)
[    0.000000] ACPI: PCAT 0000000068393000 00088 (v02 INTEL  S2600WF  00000002 INTL 20091013)
[    0.000000] ACPI: PCCT 0000000068392000 0006E (v01 INTEL  S2600WF  00000002 INTL 20091013)
[    0.000000] ACPI: RASF 0000000068391000 00030 (v01 INTEL  S2600WF  00000001 INTL 20091013)
[    0.000000] ACPI: SLIT 0000000068390000 0042C (v01 INTEL  S2600WF  00000001 INTL 20091013)
[    0.000000] ACPI: SRAT 000000006838d000 02D30 (v03 INTEL  S2600WF  00000002 INTL 20091013)
[    0.000000] ACPI: SPMI 000000006838c000 00041 (v05 INTEL  S2600WF  00000001 INTL 20091013)
[    0.000000] ACPI: WDDT 000000006838b000 00040 (v01 INTEL  S2600WF  00000000 INTL 20091013)
[    0.000000] ACPI: WSMT 000000006838a000 00028 (v01 INTEL  S2600WF  00000000 INTL 20091013)
[    0.000000] ACPI: OEM4 00000000682e7000 A27C4 (v02  INTEL CPU  CST 00003000 INTL 20140828)
[    0.000000] ACPI: OEM1 00000000682bc000 2A2C4 (v02  INTEL CPU EIST 00003000 INTL 20140828)
[    0.000000] ACPI: OEM2 000000005f7c9000 2EA84 (v02  INTEL CPU  HWP 00003000 INTL 20140828)
[    0.000000] ACPI: SSDT 000000005f72d000 33990 (v02 INTEL  S2600WF  00004000 INTL 20091013)
[    0.000000] ACPI: OEM3 000000005f706000 26664 (v02  INTEL CPU  TST 00003000 INTL 20140828)
[    0.000000] ACPI: SSDT 00000000682b8000 02B10 (v02 INTEL  S2600WF  00000002 INTL 20091013)
[    0.000000] ACPI: HEST 000000006839b000 000A8 (v01 INTEL  S2600WF  00000001 INTL 00000001)
[    0.000000] ACPI: BERT 00000000682b7000 00030 (v01 INTEL  S2600WF  00000001 INTL 00000001)
[    0.000000] ACPI: ERST 00000000682b6000 00230 (v01 INTEL  S2600WF  00000001 INTL 00000001)
[    0.000000] ACPI: EINJ 00000000682b5000 00150 (v01 INTEL  S2600WF  00000001 INTL 00000001)
[    0.000000] ACPI: BGRT 00000000682b4000 00038 (v01 INTEL  S2600WF  00000002 INTL 20091013)
[    0.000000] ACPI: Local APIC address 0xfee00000
[    0.000000] SRAT: PXM 0 -> APIC 0x00 -> Node 0
[    0.000000] SRAT: PXM 0 -> APIC 0x02 -> Node 0
[    0.000000] SRAT: PXM 0 -> APIC 0x04 -> Node 0
[    0.000000] SRAT: PXM 0 -> APIC 0x06 -> Node 0
[    0.000000] SRAT: PXM 0 -> APIC 0x08 -> Node 0
[    0.000000] SRAT: PXM 0 -> APIC 0x0a -> Node 0
[    0.000000] SRAT: PXM 0 -> APIC 0x0c -> Node 0
[    0.000000] SRAT: PXM 0 -> APIC 0x10 -> Node 0
[    0.000000] SRAT: PXM 0 -> APIC 0x12 -> Node 0
[    0.000000] SRAT: PXM 0 -> APIC 0x14 -> Node 0
[    0.000000] SRAT: PXM 0 -> APIC 0x16 -> Node 0
[    0.000000] SRAT: PXM 0 -> APIC 0x18 -> Node 0
[    0.000000] SRAT: PXM 0 -> APIC 0x1a -> Node 0
[    0.000000] SRAT: PXM 0 -> APIC 0x20 -> Node 0
[    0.000000] SRAT: PXM 0 -> APIC 0x22 -> Node 0
[    0.000000] SRAT: PXM 0 -> APIC 0x24 -> Node 0
[    0.000000] SRAT: PXM 0 -> APIC 0x26 -> Node 0
[    0.000000] SRAT: PXM 0 -> APIC 0x28 -> Node 0
[    0.000000] SRAT: PXM 0 -> APIC 0x2a -> Node 0
[    0.000000] SRAT: PXM 0 -> APIC 0x32 -> Node 0
[    0.000000] SRAT: PXM 0 -> APIC 0x34 -> Node 0
[    0.000000] SRAT: PXM 0 -> APIC 0x36 -> Node 0
[    0.000000] SRAT: PXM 0 -> APIC 0x38 -> Node 0
[    0.000000] SRAT: PXM 0 -> APIC 0x3a -> Node 0
[    0.000000] SRAT: PXM 1 -> APIC 0x40 -> Node 1
[    0.000000] SRAT: PXM 1 -> APIC 0x42 -> Node 1
[    0.000000] SRAT: PXM 1 -> APIC 0x44 -> Node 1
[    0.000000] SRAT: PXM 1 -> APIC 0x46 -> Node 1
[    0.000000] SRAT: PXM 1 -> APIC 0x48 -> Node 1
[    0.000000] SRAT: PXM 1 -> APIC 0x4a -> Node 1
[    0.000000] SRAT: PXM 1 -> APIC 0x4c -> Node 1
[    0.000000] SRAT: PXM 1 -> APIC 0x50 -> Node 1
[    0.000000] SRAT: PXM 1 -> APIC 0x52 -> Node 1
[    0.000000] SRAT: PXM 1 -> APIC 0x54 -> Node 1
[    0.000000] SRAT: PXM 1 -> APIC 0x56 -> Node 1
[    0.000000] SRAT: PXM 1 -> APIC 0x58 -> Node 1
[    0.000000] SRAT: PXM 1 -> APIC 0x5a -> Node 1
[    0.000000] SRAT: PXM 1 -> APIC 0x60 -> Node 1
[    0.000000] SRAT: PXM 1 -> APIC 0x62 -> Node 1
[    0.000000] SRAT: PXM 1 -> APIC 0x64 -> Node 1
[    0.000000] SRAT: PXM 1 -> APIC 0x66 -> Node 1
[    0.000000] SRAT: PXM 1 -> APIC 0x68 -> Node 1
[    0.000000] SRAT: PXM 1 -> APIC 0x6a -> Node 1
[    0.000000] SRAT: PXM 1 -> APIC 0x72 -> Node 1
[    0.000000] SRAT: PXM 1 -> APIC 0x74 -> Node 1
[    0.000000] SRAT: PXM 1 -> APIC 0x76 -> Node 1
[    0.000000] SRAT: PXM 1 -> APIC 0x78 -> Node 1
[    0.000000] SRAT: PXM 1 -> APIC 0x7a -> Node 1
[    0.000000] SRAT: PXM 0 -> APIC 0x01 -> Node 0
[    0.000000] SRAT: PXM 0 -> APIC 0x03 -> Node 0
[    0.000000] SRAT: PXM 0 -> APIC 0x05 -> Node 0
[    0.000000] SRAT: PXM 0 -> APIC 0x07 -> Node 0
[    0.000000] SRAT: PXM 0 -> APIC 0x09 -> Node 0
[    0.000000] SRAT: PXM 0 -> APIC 0x0b -> Node 0
[    0.000000] SRAT: PXM 0 -> APIC 0x0d -> Node 0
[    0.000000] SRAT: PXM 0 -> APIC 0x11 -> Node 0
[    0.000000] SRAT: PXM 0 -> APIC 0x13 -> Node 0
[    0.000000] SRAT: PXM 0 -> APIC 0x15 -> Node 0
[    0.000000] SRAT: PXM 0 -> APIC 0x17 -> Node 0
[    0.000000] SRAT: PXM 0 -> APIC 0x19 -> Node 0
[    0.000000] SRAT: PXM 0 -> APIC 0x1b -> Node 0
[    0.000000] SRAT: PXM 0 -> APIC 0x21 -> Node 0
[    0.000000] SRAT: PXM 0 -> APIC 0x23 -> Node 0
[    0.000000] SRAT: PXM 0 -> APIC 0x25 -> Node 0
[    0.000000] SRAT: PXM 0 -> APIC 0x27 -> Node 0
[    0.000000] SRAT: PXM 0 -> APIC 0x29 -> Node 0
[    0.000000] SRAT: PXM 0 -> APIC 0x2b -> Node 0
[    0.000000] SRAT: PXM 0 -> APIC 0x33 -> Node 0
[    0.000000] SRAT: PXM 0 -> APIC 0x35 -> Node 0
[    0.000000] SRAT: PXM 0 -> APIC 0x37 -> Node 0
[    0.000000] SRAT: PXM 0 -> APIC 0x39 -> Node 0
[    0.000000] SRAT: PXM 0 -> APIC 0x3b -> Node 0
[    0.000000] SRAT: PXM 1 -> APIC 0x41 -> Node 1
[    0.000000] SRAT: PXM 1 -> APIC 0x43 -> Node 1
[    0.000000] SRAT: PXM 1 -> APIC 0x45 -> Node 1
[    0.000000] SRAT: PXM 1 -> APIC 0x47 -> Node 1
[    0.000000] SRAT: PXM 1 -> APIC 0x49 -> Node 1
[    0.000000] SRAT: PXM 1 -> APIC 0x4b -> Node 1
[    0.000000] SRAT: PXM 1 -> APIC 0x4d -> Node 1
[    0.000000] SRAT: PXM 1 -> APIC 0x51 -> Node 1
[    0.000000] SRAT: PXM 1 -> APIC 0x53 -> Node 1
[    0.000000] SRAT: PXM 1 -> APIC 0x55 -> Node 1
[    0.000000] SRAT: PXM 1 -> APIC 0x57 -> Node 1
[    0.000000] SRAT: PXM 1 -> APIC 0x59 -> Node 1
[    0.000000] SRAT: PXM 1 -> APIC 0x5b -> Node 1
[    0.000000] SRAT: PXM 1 -> APIC 0x61 -> Node 1
[    0.000000] SRAT: PXM 1 -> APIC 0x63 -> Node 1
[    0.000000] SRAT: PXM 1 -> APIC 0x65 -> Node 1
[    0.000000] SRAT: PXM 1 -> APIC 0x67 -> Node 1
[    0.000000] SRAT: PXM 1 -> APIC 0x69 -> Node 1
[    0.000000] SRAT: PXM 1 -> APIC 0x6b -> Node 1
[    0.000000] SRAT: PXM 1 -> APIC 0x73 -> Node 1
[    0.000000] SRAT: PXM 1 -> APIC 0x75 -> Node 1
[    0.000000] SRAT: PXM 1 -> APIC 0x77 -> Node 1
[    0.000000] SRAT: PXM 1 -> APIC 0x79 -> Node 1
[    0.000000] SRAT: PXM 1 -> APIC 0x7b -> Node 1
[    0.000000] SRAT: Node 0 PXM 0 [mem 0x00000000-0x7fffffff]
[    0.000000] SRAT: Node 0 PXM 0 [mem 0x100000000-0x183fffffff]
[    0.000000] SRAT: Node 1 PXM 1 [mem 0x1840000000-0x303fffffff]
[    0.000000] NUMA: Initialized distance table, cnt=2
[    0.000000] NUMA: Node 0 [mem 0x00000000-0x7fffffff] + [mem 0x100000000-0x183fffffff] -> [mem 0x00000000-0x183fffffff]
[    0.000000] NODE_DATA(0) allocated [mem 0x183ffd9000-0x183fffffff]
[    0.000000] NODE_DATA(1) allocated [mem 0x303ffd0000-0x303fff6fff]
[    0.000000] Reserving 172MB of memory at 672MB for crashkernel (System RAM: 195262MB)
[    0.000000] Zone ranges:
[    0.000000]   DMA      [mem 0x00001000-0x00ffffff]
[    0.000000]   DMA32    [mem 0x01000000-0xffffffff]
[    0.000000]   Normal   [mem 0x100000000-0x303fffffff]
[    0.000000] Movable zone start for each node
[    0.000000] Early memory node ranges
[    0.000000]   node   0: [mem 0x00001000-0x00099fff]
[    0.000000]   node   0: [mem 0x00100000-0x5cdecfff]
[    0.000000]   node   0: [mem 0x5d0d8000-0x5f705fff]
[    0.000000]   node   0: [mem 0x5f761000-0x5f7c8fff]
[    0.000000]   node   0: [mem 0x5f7f8000-0x5fcd3fff]
[    0.000000]   node   0: [mem 0x5fefb000-0x638affff]
[    0.000000]   node   0: [mem 0x63964000-0x63fc2fff]
[    0.000000]   node   0: [mem 0x6404c000-0x64347fff]
[    0.000000]   node   0: [mem 0x64b4a000-0x64c2cfff]
[    0.000000]   node   0: [mem 0x65c2d000-0x6756cfff]
[    0.000000]   node   0: [mem 0x6839d000-0x6f7fffff]
[    0.000000]   node   0: [mem 0x100c00000-0x183fffffff]
[    0.000000]   node   1: [mem 0x1840000000-0x303fffffff]
[    0.000000] Initmem setup node 0 [mem 0x00001000-0x183fffffff]
[    0.000000] On node 0 totalpages: 24821390
[    0.000000]   DMA zone: 64 pages used for memmap
[    0.000000]   DMA zone: 21 pages reserved
[    0.000000]   DMA zone: 3993 pages, LIFO batch:0
[    0.000000]   DMA32 zone: 6892 pages used for memmap
[    0.000000]   DMA32 zone: 441077 pages, LIFO batch:31
[    0.000000]   Normal zone: 380928 pages used for memmap
[    0.000000]   Normal zone: 24376320 pages, LIFO batch:31
[    0.000000] Initmem setup node 1 [mem 0x1840000000-0x303fffffff]
[    0.000000] On node 1 totalpages: 25165824
[    0.000000]   Normal zone: 393216 pages used for memmap
[    0.000000]   Normal zone: 25165824 pages, LIFO batch:31
[    0.000000] ACPI: PM-Timer IO Port: 0x508
[    0.000000] ACPI: Local APIC address 0xfee00000
[    0.000000] ACPI: LAPIC (acpi_id[0x00] lapic_id[0x00] enabled)
[    0.000000] ACPI: LAPIC (acpi_id[0x01] lapic_id[0x02] enabled)
[    0.000000] ACPI: LAPIC (acpi_id[0x02] lapic_id[0x04] enabled)
[    0.000000] ACPI: LAPIC (acpi_id[0x03] lapic_id[0x06] enabled)
[    0.000000] ACPI: LAPIC (acpi_id[0x04] lapic_id[0x08] enabled)
[    0.000000] ACPI: LAPIC (acpi_id[0x05] lapic_id[0x0a] enabled)
[    0.000000] ACPI: LAPIC (acpi_id[0x06] lapic_id[0x0c] enabled)
[    0.000000] ACPI: LAPIC (acpi_id[0x07] lapic_id[0x10] enabled)
[    0.000000] ACPI: LAPIC (acpi_id[0x08] lapic_id[0x12] enabled)
[    0.000000] ACPI: LAPIC (acpi_id[0x09] lapic_id[0x14] enabled)
[    0.000000] ACPI: LAPIC (acpi_id[0x0a] lapic_id[0x16] enabled)
[    0.000000] ACPI: LAPIC (acpi_id[0x0b] lapic_id[0x18] enabled)
[    0.000000] ACPI: LAPIC (acpi_id[0x0c] lapic_id[0x1a] enabled)
[    0.000000] ACPI: LAPIC (acpi_id[0x0d] lapic_id[0x20] enabled)
[    0.000000] ACPI: LAPIC (acpi_id[0x0e] lapic_id[0x22] enabled)
[    0.000000] ACPI: LAPIC (acpi_id[0x0f] lapic_id[0x24] enabled)
[    0.000000] ACPI: LAPIC (acpi_id[0x10] lapic_id[0x26] enabled)
[    0.000000] ACPI: LAPIC (acpi_id[0x11] lapic_id[0x28] enabled)
[    0.000000] ACPI: LAPIC (acpi_id[0x12] lapic_id[0x2a] enabled)
[    0.000000] ACPI: LAPIC (acpi_id[0x13] lapic_id[0x32] enabled)
[    0.000000] ACPI: LAPIC (acpi_id[0x14] lapic_id[0x34] enabled)
[    0.000000] ACPI: LAPIC (acpi_id[0x15] lapic_id[0x36] enabled)
[    0.000000] ACPI: LAPIC (acpi_id[0x16] lapic_id[0x38] enabled)
[    0.000000] ACPI: LAPIC (acpi_id[0x17] lapic_id[0x3a] enabled)
[    0.000000] ACPI: LAPIC (acpi_id[0x40] lapic_id[0x40] enabled)
[    0.000000] ACPI: LAPIC (acpi_id[0x41] lapic_id[0x42] enabled)
[    0.000000] ACPI: LAPIC (acpi_id[0x42] lapic_id[0x44] enabled)
[    0.000000] ACPI: LAPIC (acpi_id[0x43] lapic_id[0x46] enabled)
[    0.000000] ACPI: LAPIC (acpi_id[0x44] lapic_id[0x48] enabled)
[    0.000000] ACPI: LAPIC (acpi_id[0x45] lapic_id[0x4a] enabled)
[    0.000000] ACPI: LAPIC (acpi_id[0x46] lapic_id[0x4c] enabled)
[    0.000000] ACPI: LAPIC (acpi_id[0x47] lapic_id[0x50] enabled)
[    0.000000] ACPI: LAPIC (acpi_id[0x48] lapic_id[0x52] enabled)
[    0.000000] ACPI: LAPIC (acpi_id[0x49] lapic_id[0x54] enabled)
[    0.000000] ACPI: LAPIC (acpi_id[0x4a] lapic_id[0x56] enabled)
[    0.000000] ACPI: LAPIC (acpi_id[0x4b] lapic_id[0x58] enabled)
[    0.000000] ACPI: LAPIC (acpi_id[0x4c] lapic_id[0x5a] enabled)
[    0.000000] ACPI: LAPIC (acpi_id[0x4d] lapic_id[0x60] enabled)
[    0.000000] ACPI: LAPIC (acpi_id[0x4e] lapic_id[0x62] enabled)
[    0.000000] ACPI: LAPIC (acpi_id[0x4f] lapic_id[0x64] enabled)
[    0.000000] ACPI: LAPIC (acpi_id[0x50] lapic_id[0x66] enabled)
[    0.000000] ACPI: LAPIC (acpi_id[0x51] lapic_id[0x68] enabled)
[    0.000000] ACPI: LAPIC (acpi_id[0x52] lapic_id[0x6a] enabled)
[    0.000000] ACPI: LAPIC (acpi_id[0x53] lapic_id[0x72] enabled)
[    0.000000] ACPI: LAPIC (acpi_id[0x54] lapic_id[0x74] enabled)
[    0.000000] ACPI: LAPIC (acpi_id[0x55] lapic_id[0x76] enabled)
[    0.000000] ACPI: LAPIC (acpi_id[0x56] lapic_id[0x78] enabled)
[    0.000000] ACPI: LAPIC (acpi_id[0x57] lapic_id[0x7a] enabled)
[    0.000000] ACPI: LAPIC (acpi_id[0x18] lapic_id[0x01] enabled)
[    0.000000] ACPI: LAPIC (acpi_id[0x19] lapic_id[0x03] enabled)
[    0.000000] ACPI: LAPIC (acpi_id[0x1a] lapic_id[0x05] enabled)
[    0.000000] ACPI: LAPIC (acpi_id[0x1b] lapic_id[0x07] enabled)
[    0.000000] ACPI: LAPIC (acpi_id[0x1c] lapic_id[0x09] enabled)
[    0.000000] ACPI: LAPIC (acpi_id[0x1d] lapic_id[0x0b] enabled)
[    0.000000] ACPI: LAPIC (acpi_id[0x1e] lapic_id[0x0d] enabled)
[    0.000000] ACPI: LAPIC (acpi_id[0x1f] lapic_id[0x11] enabled)
[    0.000000] ACPI: LAPIC (acpi_id[0x20] lapic_id[0x13] enabled)
[    0.000000] ACPI: LAPIC (acpi_id[0x21] lapic_id[0x15] enabled)
[    0.000000] ACPI: LAPIC (acpi_id[0x22] lapic_id[0x17] enabled)
[    0.000000] ACPI: LAPIC (acpi_id[0x23] lapic_id[0x19] enabled)
[    0.000000] ACPI: LAPIC (acpi_id[0x24] lapic_id[0x1b] enabled)
[    0.000000] ACPI: LAPIC (acpi_id[0x25] lapic_id[0x21] enabled)
[    0.000000] ACPI: LAPIC (acpi_id[0x26] lapic_id[0x23] enabled)
[    0.000000] ACPI: LAPIC (acpi_id[0x27] lapic_id[0x25] enabled)
[    0.000000] ACPI: LAPIC (acpi_id[0x28] lapic_id[0x27] enabled)
[    0.000000] ACPI: LAPIC (acpi_id[0x29] lapic_id[0x29] enabled)
[    0.000000] ACPI: LAPIC (acpi_id[0x2a] lapic_id[0x2b] enabled)
[    0.000000] ACPI: LAPIC (acpi_id[0x2b] lapic_id[0x33] enabled)
[    0.000000] ACPI: LAPIC (acpi_id[0x2c] lapic_id[0x35] enabled)
[    0.000000] ACPI: LAPIC (acpi_id[0x2d] lapic_id[0x37] enabled)
[    0.000000] ACPI: LAPIC (acpi_id[0x2e] lapic_id[0x39] enabled)
[    0.000000] ACPI: LAPIC (acpi_id[0x2f] lapic_id[0x3b] enabled)
[    0.000000] ACPI: LAPIC (acpi_id[0x58] lapic_id[0x41] enabled)
[    0.000000] ACPI: LAPIC (acpi_id[0x59] lapic_id[0x43] enabled)
[    0.000000] ACPI: LAPIC (acpi_id[0x5a] lapic_id[0x45] enabled)
[    0.000000] ACPI: LAPIC (acpi_id[0x5b] lapic_id[0x47] enabled)
[    0.000000] ACPI: LAPIC (acpi_id[0x5c] lapic_id[0x49] enabled)
[    0.000000] ACPI: LAPIC (acpi_id[0x5d] lapic_id[0x4b] enabled)
[    0.000000] ACPI: LAPIC (acpi_id[0x5e] lapic_id[0x4d] enabled)
[    0.000000] ACPI: LAPIC (acpi_id[0x5f] lapic_id[0x51] enabled)
[    0.000000] ACPI: LAPIC (acpi_id[0x60] lapic_id[0x53] enabled)
[    0.000000] ACPI: LAPIC (acpi_id[0x61] lapic_id[0x55] enabled)
[    0.000000] ACPI: LAPIC (acpi_id[0x62] lapic_id[0x57] enabled)
[    0.000000] ACPI: LAPIC (acpi_id[0x63] lapic_id[0x59] enabled)
[    0.000000] ACPI: LAPIC (acpi_id[0x64] lapic_id[0x5b] enabled)
[    0.000000] ACPI: LAPIC (acpi_id[0x65] lapic_id[0x61] enabled)
[    0.000000] ACPI: LAPIC (acpi_id[0x66] lapic_id[0x63] enabled)
[    0.000000] ACPI: LAPIC (acpi_id[0x67] lapic_id[0x65] enabled)
[    0.000000] ACPI: LAPIC (acpi_id[0x68] lapic_id[0x67] enabled)
[    0.000000] ACPI: LAPIC (acpi_id[0x69] lapic_id[0x69] enabled)
[    0.000000] ACPI: LAPIC (acpi_id[0x6a] lapic_id[0x6b] enabled)
[    0.000000] ACPI: LAPIC (acpi_id[0x6b] lapic_id[0x73] enabled)
[    0.000000] ACPI: LAPIC (acpi_id[0x6c] lapic_id[0x75] enabled)
[    0.000000] ACPI: LAPIC (acpi_id[0x6d] lapic_id[0x77] enabled)
[    0.000000] ACPI: LAPIC (acpi_id[0x6e] lapic_id[0x79] enabled)
[    0.000000] ACPI: LAPIC (acpi_id[0x6f] lapic_id[0x7b] enabled)
[    0.000000] ACPI: LAPIC (acpi_id[0xff] lapic_id[0xff] disabled)
[    0.000000] ACPI: LAPIC (acpi_id[0xff] lapic_id[0xff] disabled)
[    0.000000] ACPI: LAPIC (acpi_id[0xff] lapic_id[0xff] disabled)
[    0.000000] ACPI: LAPIC (acpi_id[0xff] lapic_id[0xff] disabled)
[    0.000000] ACPI: LAPIC (acpi_id[0xff] lapic_id[0xff] disabled)
[    0.000000] ACPI: LAPIC (acpi_id[0xff] lapic_id[0xff] disabled)
[    0.000000] ACPI: LAPIC (acpi_id[0xff] lapic_id[0xff] disabled)
[    0.000000] ACPI: LAPIC (acpi_id[0xff] lapic_id[0xff] disabled)
[    0.000000] ACPI: LAPIC (acpi_id[0xff] lapic_id[0xff] disabled)
[    0.000000] ACPI: LAPIC (acpi_id[0xff] lapic_id[0xff] disabled)
[    0.000000] ACPI: LAPIC (acpi_id[0xff] lapic_id[0xff] disabled)
[    0.000000] ACPI: LAPIC (acpi_id[0xff] lapic_id[0xff] disabled)
[    0.000000] ACPI: LAPIC (acpi_id[0xff] lapic_id[0xff] disabled)
[    0.000000] ACPI: LAPIC (acpi_id[0xff] lapic_id[0xff] disabled)
[    0.000000] ACPI: LAPIC (acpi_id[0xff] lapic_id[0xff] disabled)
[    0.000000] ACPI: LAPIC (acpi_id[0xff] lapic_id[0xff] disabled)
[    0.000000] ACPI: LAPIC (acpi_id[0xff] lapic_id[0xff] disabled)
[    0.000000] ACPI: LAPIC (acpi_id[0xff] lapic_id[0xff] disabled)
[    0.000000] ACPI: LAPIC (acpi_id[0xff] lapic_id[0xff] disabled)
[    0.000000] ACPI: LAPIC (acpi_id[0xff] lapic_id[0xff] disabled)
[    0.000000] ACPI: LAPIC (acpi_id[0xff] lapic_id[0xff] disabled)
[    0.000000] ACPI: LAPIC (acpi_id[0xff] lapic_id[0xff] disabled)
[    0.000000] ACPI: LAPIC (acpi_id[0xff] lapic_id[0xff] disabled)
[    0.000000] ACPI: LAPIC (acpi_id[0xff] lapic_id[0xff] disabled)
[    0.000000] ACPI: LAPIC (acpi_id[0xff] lapic_id[0xff] disabled)
[    0.000000] ACPI: LAPIC (acpi_id[0xff] lapic_id[0xff] disabled)
[    0.000000] ACPI: LAPIC (acpi_id[0xff] lapic_id[0xff] disabled)
[    0.000000] ACPI: LAPIC (acpi_id[0xff] lapic_id[0xff] disabled)
[    0.000000] ACPI: LAPIC (acpi_id[0xff] lapic_id[0xff] disabled)
[    0.000000] ACPI: LAPIC (acpi_id[0xff] lapic_id[0xff] disabled)
[    0.000000] ACPI: LAPIC (acpi_id[0xff] lapic_id[0xff] disabled)
[    0.000000] ACPI: LAPIC (acpi_id[0xff] lapic_id[0xff] disabled)
[    0.000000] ACPI: LAPIC (acpi_id[0xff] lapic_id[0xff] disabled)
[    0.000000] ACPI: LAPIC (acpi_id[0xff] lapic_id[0xff] disabled)
[    0.000000] ACPI: LAPIC (acpi_id[0xff] lapic_id[0xff] disabled)
[    0.000000] ACPI: LAPIC (acpi_id[0xff] lapic_id[0xff] disabled)
[    0.000000] ACPI: LAPIC (acpi_id[0xff] lapic_id[0xff] disabled)
[    0.000000] ACPI: LAPIC (acpi_id[0xff] lapic_id[0xff] disabled)
[    0.000000] ACPI: LAPIC (acpi_id[0xff] lapic_id[0xff] disabled)
[    0.000000] ACPI: LAPIC (acpi_id[0xff] lapic_id[0xff] disabled)
[    0.000000] ACPI: LAPIC (acpi_id[0xff] lapic_id[0xff] disabled)
[    0.000000] ACPI: LAPIC (acpi_id[0xff] lapic_id[0xff] disabled)
[    0.000000] ACPI: LAPIC (acpi_id[0xff] lapic_id[0xff] disabled)
[    0.000000] ACPI: LAPIC (acpi_id[0xff] lapic_id[0xff] disabled)
[    0.000000] ACPI: LAPIC (acpi_id[0xff] lapic_id[0xff] disabled)
[    0.000000] ACPI: LAPIC (acpi_id[0xff] lapic_id[0xff] disabled)
[    0.000000] ACPI: LAPIC (acpi_id[0xff] lapic_id[0xff] disabled)
[    0.000000] ACPI: LAPIC (acpi_id[0xff] lapic_id[0xff] disabled)
[    0.000000] ACPI: LAPIC (acpi_id[0xff] lapic_id[0xff] disabled)
[    0.000000] ACPI: LAPIC (acpi_id[0xff] lapic_id[0xff] disabled)
[    0.000000] ACPI: LAPIC (acpi_id[0xff] lapic_id[0xff] disabled)
[    0.000000] ACPI: LAPIC (acpi_id[0xff] lapic_id[0xff] disabled)
[    0.000000] ACPI: LAPIC (acpi_id[0xff] lapic_id[0xff] disabled)
[    0.000000] ACPI: LAPIC (acpi_id[0xff] lapic_id[0xff] disabled)
[    0.000000] ACPI: LAPIC (acpi_id[0xff] lapic_id[0xff] disabled)
[    0.000000] ACPI: LAPIC (acpi_id[0xff] lapic_id[0xff] disabled)
[    0.000000] ACPI: LAPIC (acpi_id[0xff] lapic_id[0xff] disabled)
[    0.000000] ACPI: LAPIC (acpi_id[0xff] lapic_id[0xff] disabled)
[    0.000000] ACPI: LAPIC (acpi_id[0xff] lapic_id[0xff] disabled)
[    0.000000] ACPI: LAPIC (acpi_id[0xff] lapic_id[0xff] disabled)
[    0.000000] ACPI: LAPIC (acpi_id[0xff] lapic_id[0xff] disabled)
[    0.000000] ACPI: LAPIC (acpi_id[0xff] lapic_id[0xff] disabled)
[    0.000000] ACPI: LAPIC (acpi_id[0xff] lapic_id[0xff] disabled)
[    0.000000] ACPI: LAPIC (acpi_id[0xff] lapic_id[0xff] disabled)
[    0.000000] ACPI: LAPIC (acpi_id[0xff] lapic_id[0xff] disabled)
[    0.000000] ACPI: LAPIC (acpi_id[0xff] lapic_id[0xff] disabled)
[    0.000000] ACPI: LAPIC (acpi_id[0xff] lapic_id[0xff] disabled)
[    0.000000] ACPI: LAPIC (acpi_id[0xff] lapic_id[0xff] disabled)
[    0.000000] ACPI: LAPIC (acpi_id[0xff] lapic_id[0xff] disabled)
[    0.000000] ACPI: LAPIC (acpi_id[0xff] lapic_id[0xff] disabled)
[    0.000000] ACPI: LAPIC (acpi_id[0xff] lapic_id[0xff] disabled)
[    0.000000] ACPI: LAPIC (acpi_id[0xff] lapic_id[0xff] disabled)
[    0.000000] ACPI: LAPIC (acpi_id[0xff] lapic_id[0xff] disabled)
[    0.000000] ACPI: LAPIC (acpi_id[0xff] lapic_id[0xff] disabled)
[    0.000000] ACPI: LAPIC (acpi_id[0xff] lapic_id[0xff] disabled)
[    0.000000] ACPI: LAPIC (acpi_id[0xff] lapic_id[0xff] disabled)
[    0.000000] ACPI: LAPIC (acpi_id[0xff] lapic_id[0xff] disabled)
[    0.000000] ACPI: LAPIC (acpi_id[0xff] lapic_id[0xff] disabled)
[    0.000000] ACPI: LAPIC (acpi_id[0xff] lapic_id[0xff] disabled)
[    0.000000] ACPI: LAPIC (acpi_id[0xff] lapic_id[0xff] disabled)
[    0.000000] ACPI: LAPIC (acpi_id[0xff] lapic_id[0xff] disabled)
[    0.000000] ACPI: LAPIC (acpi_id[0xff] lapic_id[0xff] disabled)
[    0.000000] ACPI: LAPIC (acpi_id[0xff] lapic_id[0xff] disabled)
[    0.000000] ACPI: LAPIC (acpi_id[0xff] lapic_id[0xff] disabled)
[    0.000000] ACPI: LAPIC (acpi_id[0xff] lapic_id[0xff] disabled)
[    0.000000] ACPI: LAPIC (acpi_id[0xff] lapic_id[0xff] disabled)
[    0.000000] ACPI: LAPIC (acpi_id[0xff] lapic_id[0xff] disabled)
[    0.000000] ACPI: LAPIC (acpi_id[0xff] lapic_id[0xff] disabled)
[    0.000000] ACPI: LAPIC (acpi_id[0xff] lapic_id[0xff] disabled)
[    0.000000] ACPI: LAPIC (acpi_id[0xff] lapic_id[0xff] disabled)
[    0.000000] ACPI: LAPIC (acpi_id[0xff] lapic_id[0xff] disabled)
[    0.000000] ACPI: LAPIC (acpi_id[0xff] lapic_id[0xff] disabled)
[    0.000000] ACPI: LAPIC (acpi_id[0xff] lapic_id[0xff] disabled)
[    0.000000] ACPI: LAPIC (acpi_id[0xff] lapic_id[0xff] disabled)
[    0.000000] ACPI: LAPIC (acpi_id[0xff] lapic_id[0xff] disabled)
[    0.000000] ACPI: LAPIC (acpi_id[0xff] lapic_id[0xff] disabled)
[    0.000000] ACPI: LAPIC (acpi_id[0xff] lapic_id[0xff] disabled)
[    0.000000] ACPI: LAPIC (acpi_id[0xff] lapic_id[0xff] disabled)
[    0.000000] ACPI: LAPIC (acpi_id[0xff] lapic_id[0xff] disabled)
[    0.000000] ACPI: LAPIC (acpi_id[0xff] lapic_id[0xff] disabled)
[    0.000000] ACPI: LAPIC (acpi_id[0xff] lapic_id[0xff] disabled)
[    0.000000] ACPI: LAPIC (acpi_id[0xff] lapic_id[0xff] disabled)
[    0.000000] ACPI: LAPIC (acpi_id[0xff] lapic_id[0xff] disabled)
[    0.000000] ACPI: LAPIC (acpi_id[0xff] lapic_id[0xff] disabled)
[    0.000000] ACPI: LAPIC (acpi_id[0xff] lapic_id[0xff] disabled)
[    0.000000] ACPI: LAPIC (acpi_id[0xff] lapic_id[0xff] disabled)
[    0.000000] ACPI: LAPIC (acpi_id[0xff] lapic_id[0xff] disabled)
[    0.000000] ACPI: LAPIC (acpi_id[0xff] lapic_id[0xff] disabled)
[    0.000000] ACPI: LAPIC (acpi_id[0xff] lapic_id[0xff] disabled)
[    0.000000] ACPI: LAPIC (acpi_id[0xff] lapic_id[0xff] disabled)
[    0.000000] ACPI: LAPIC (acpi_id[0xff] lapic_id[0xff] disabled)
[    0.000000] ACPI: LAPIC (acpi_id[0xff] lapic_id[0xff] disabled)
[    0.000000] ACPI: LAPIC (acpi_id[0xff] lapic_id[0xff] disabled)
[    0.000000] ACPI: LAPIC (acpi_id[0xff] lapic_id[0xff] disabled)
[    0.000000] ACPI: LAPIC (acpi_id[0xff] lapic_id[0xff] disabled)
[    0.000000] ACPI: LAPIC (acpi_id[0xff] lapic_id[0xff] disabled)
[    0.000000] ACPI: LAPIC (acpi_id[0xff] lapic_id[0xff] disabled)
[    0.000000] ACPI: LAPIC (acpi_id[0xff] lapic_id[0xff] disabled)
[    0.000000] ACPI: LAPIC (acpi_id[0xff] lapic_id[0xff] disabled)
[    0.000000] ACPI: LAPIC (acpi_id[0xff] lapic_id[0xff] disabled)
[    0.000000] ACPI: LAPIC (acpi_id[0xff] lapic_id[0xff] disabled)
[    0.000000] ACPI: LAPIC (acpi_id[0xff] lapic_id[0xff] disabled)
[    0.000000] ACPI: LAPIC (acpi_id[0xff] lapic_id[0xff] disabled)
[    0.000000] ACPI: LAPIC (acpi_id[0xff] lapic_id[0xff] disabled)
[    0.000000] ACPI: LAPIC (acpi_id[0xff] lapic_id[0xff] disabled)
[    0.000000] ACPI: LAPIC (acpi_id[0xff] lapic_id[0xff] disabled)
[    0.000000] ACPI: LAPIC (acpi_id[0xff] lapic_id[0xff] disabled)
[    0.000000] ACPI: LAPIC (acpi_id[0xff] lapic_id[0xff] disabled)
[    0.000000] ACPI: X2APIC (apic_id[0xffffffff] uid[0x00] disabled)
[    0.000000] ACPI: X2APIC (apic_id[0xffffffff] uid[0x01] disabled)
[    0.000000] ACPI: X2APIC (apic_id[0xffffffff] uid[0x02] disabled)
[    0.000000] ACPI: X2APIC (apic_id[0xffffffff] uid[0x03] disabled)
[    0.000000] ACPI: X2APIC (apic_id[0xffffffff] uid[0x04] disabled)
[    0.000000] ACPI: X2APIC (apic_id[0xffffffff] uid[0x05] disabled)
[    0.000000] ACPI: X2APIC (apic_id[0xffffffff] uid[0x06] disabled)
[    0.000000] ACPI: X2APIC (apic_id[0xffffffff] uid[0x07] disabled)
[    0.000000] ACPI: X2APIC (apic_id[0xffffffff] uid[0x08] disabled)
[    0.000000] ACPI: X2APIC (apic_id[0xffffffff] uid[0x09] disabled)
[    0.000000] ACPI: X2APIC (apic_id[0xffffffff] uid[0x0a] disabled)
[    0.000000] ACPI: X2APIC (apic_id[0xffffffff] uid[0x0b] disabled)
[    0.000000] ACPI: X2APIC (apic_id[0xffffffff] uid[0x0c] disabled)
[    0.000000] ACPI: X2APIC (apic_id[0xffffffff] uid[0x0d] disabled)
[    0.000000] ACPI: X2APIC (apic_id[0xffffffff] uid[0x0e] disabled)
[    0.000000] ACPI: X2APIC (apic_id[0xffffffff] uid[0x0f] disabled)
[    0.000000] ACPI: X2APIC (apic_id[0xffffffff] uid[0x10] disabled)
[    0.000000] ACPI: X2APIC (apic_id[0xffffffff] uid[0x11] disabled)
[    0.000000] ACPI: X2APIC (apic_id[0xffffffff] uid[0x12] disabled)
[    0.000000] ACPI: X2APIC (apic_id[0xffffffff] uid[0x13] disabled)
[    0.000000] ACPI: X2APIC (apic_id[0xffffffff] uid[0x14] disabled)
[    0.000000] ACPI: X2APIC (apic_id[0xffffffff] uid[0x15] disabled)
[    0.000000] ACPI: X2APIC (apic_id[0xffffffff] uid[0x16] disabled)
[    0.000000] ACPI: X2APIC (apic_id[0xffffffff] uid[0x17] disabled)
[    0.000000] ACPI: X2APIC (apic_id[0xffffffff] uid[0x18] disabled)
[    0.000000] ACPI: X2APIC (apic_id[0xffffffff] uid[0x19] disabled)
[    0.000000] ACPI: X2APIC (apic_id[0xffffffff] uid[0x1a] disabled)
[    0.000000] ACPI: X2APIC (apic_id[0xffffffff] uid[0x1b] disabled)
[    0.000000] ACPI: X2APIC (apic_id[0xffffffff] uid[0x1c] disabled)
[    0.000000] ACPI: X2APIC (apic_id[0xffffffff] uid[0x1d] disabled)
[    0.000000] ACPI: X2APIC (apic_id[0xffffffff] uid[0x1e] disabled)
[    0.000000] ACPI: X2APIC (apic_id[0xffffffff] uid[0x1f] disabled)
[    0.000000] ACPI: X2APIC (apic_id[0xffffffff] uid[0x20] disabled)
[    0.000000] ACPI: X2APIC (apic_id[0xffffffff] uid[0x21] disabled)
[    0.000000] ACPI: X2APIC (apic_id[0xffffffff] uid[0x22] disabled)
[    0.000000] ACPI: X2APIC (apic_id[0xffffffff] uid[0x23] disabled)
[    0.000000] ACPI: X2APIC (apic_id[0xffffffff] uid[0x24] disabled)
[    0.000000] ACPI: X2APIC (apic_id[0xffffffff] uid[0x25] disabled)
[    0.000000] ACPI: X2APIC (apic_id[0xffffffff] uid[0x26] disabled)
[    0.000000] ACPI: X2APIC (apic_id[0xffffffff] uid[0x27] disabled)
[    0.000000] ACPI: X2APIC (apic_id[0xffffffff] uid[0x28] disabled)
[    0.000000] ACPI: X2APIC (apic_id[0xffffffff] uid[0x29] disabled)
[    0.000000] ACPI: X2APIC (apic_id[0xffffffff] uid[0x2a] disabled)
[    0.000000] ACPI: X2APIC (apic_id[0xffffffff] uid[0x2b] disabled)
[    0.000000] ACPI: X2APIC (apic_id[0xffffffff] uid[0x2c] disabled)
[    0.000000] ACPI: X2APIC (apic_id[0xffffffff] uid[0x2d] disabled)
[    0.000000] ACPI: X2APIC (apic_id[0xffffffff] uid[0x2e] disabled)
[    0.000000] ACPI: X2APIC (apic_id[0xffffffff] uid[0x2f] disabled)
[    0.000000] ACPI: X2APIC (apic_id[0xffffffff] uid[0x30] disabled)
[    0.000000] ACPI: X2APIC (apic_id[0xffffffff] uid[0x31] disabled)
[    0.000000] ACPI: X2APIC (apic_id[0xffffffff] uid[0x32] disabled)
[    0.000000] ACPI: X2APIC (apic_id[0xffffffff] uid[0x33] disabled)
[    0.000000] ACPI: X2APIC (apic_id[0xffffffff] uid[0x34] disabled)
[    0.000000] ACPI: X2APIC (apic_id[0xffffffff] uid[0x35] disabled)
[    0.000000] ACPI: X2APIC (apic_id[0xffffffff] uid[0x36] disabled)
[    0.000000] ACPI: X2APIC (apic_id[0xffffffff] uid[0x37] disabled)
[    0.000000] ACPI: X2APIC (apic_id[0xffffffff] uid[0x38] disabled)
[    0.000000] ACPI: X2APIC (apic_id[0xffffffff] uid[0x39] disabled)
[    0.000000] ACPI: X2APIC (apic_id[0xffffffff] uid[0x3a] disabled)
[    0.000000] ACPI: X2APIC (apic_id[0xffffffff] uid[0x3b] disabled)
[    0.000000] ACPI: X2APIC (apic_id[0xffffffff] uid[0x3c] disabled)
[    0.000000] ACPI: X2APIC (apic_id[0xffffffff] uid[0x3d] disabled)
[    0.000000] ACPI: X2APIC (apic_id[0xffffffff] uid[0x3e] disabled)
[    0.000000] ACPI: X2APIC (apic_id[0xffffffff] uid[0x3f] disabled)
[    0.000000] ACPI: X2APIC (apic_id[0xffffffff] uid[0x40] disabled)
[    0.000000] ACPI: X2APIC (apic_id[0xffffffff] uid[0x41] disabled)
[    0.000000] ACPI: X2APIC (apic_id[0xffffffff] uid[0x42] disabled)
[    0.000000] ACPI: X2APIC (apic_id[0xffffffff] uid[0x43] disabled)
[    0.000000] ACPI: X2APIC (apic_id[0xffffffff] uid[0x44] disabled)
[    0.000000] ACPI: X2APIC (apic_id[0xffffffff] uid[0x45] disabled)
[    0.000000] ACPI: X2APIC (apic_id[0xffffffff] uid[0x46] disabled)
[    0.000000] ACPI: X2APIC (apic_id[0xffffffff] uid[0x47] disabled)
[    0.000000] ACPI: X2APIC (apic_id[0xffffffff] uid[0x48] disabled)
[    0.000000] ACPI: X2APIC (apic_id[0xffffffff] uid[0x49] disabled)
[    0.000000] ACPI: X2APIC (apic_id[0xffffffff] uid[0x4a] disabled)
[    0.000000] ACPI: X2APIC (apic_id[0xffffffff] uid[0x4b] disabled)
[    0.000000] ACPI: X2APIC (apic_id[0xffffffff] uid[0x4c] disabled)
[    0.000000] ACPI: X2APIC (apic_id[0xffffffff] uid[0x4d] disabled)
[    0.000000] ACPI: X2APIC (apic_id[0xffffffff] uid[0x4e] disabled)
[    0.000000] ACPI: X2APIC (apic_id[0xffffffff] uid[0x4f] disabled)
[    0.000000] ACPI: X2APIC (apic_id[0xffffffff] uid[0x50] disabled)
[    0.000000] ACPI: X2APIC (apic_id[0xffffffff] uid[0x51] disabled)
[    0.000000] ACPI: X2APIC (apic_id[0xffffffff] uid[0x52] disabled)
[    0.000000] ACPI: X2APIC (apic_id[0xffffffff] uid[0x53] disabled)
[    0.000000] ACPI: X2APIC (apic_id[0xffffffff] uid[0x54] disabled)
[    0.000000] ACPI: X2APIC (apic_id[0xffffffff] uid[0x55] disabled)
[    0.000000] ACPI: X2APIC (apic_id[0xffffffff] uid[0x56] disabled)
[    0.000000] ACPI: X2APIC (apic_id[0xffffffff] uid[0x57] disabled)
[    0.000000] ACPI: X2APIC (apic_id[0xffffffff] uid[0x58] disabled)
[    0.000000] ACPI: X2APIC (apic_id[0xffffffff] uid[0x59] disabled)
[    0.000000] ACPI: X2APIC (apic_id[0xffffffff] uid[0x5a] disabled)
[    0.000000] ACPI: X2APIC (apic_id[0xffffffff] uid[0x5b] disabled)
[    0.000000] ACPI: X2APIC (apic_id[0xffffffff] uid[0x5c] disabled)
[    0.000000] ACPI: X2APIC (apic_id[0xffffffff] uid[0x5d] disabled)
[    0.000000] ACPI: X2APIC (apic_id[0xffffffff] uid[0x5e] disabled)
[    0.000000] ACPI: X2APIC (apic_id[0xffffffff] uid[0x5f] disabled)
[    0.000000] ACPI: X2APIC (apic_id[0xffffffff] uid[0x60] disabled)
[    0.000000] ACPI: X2APIC (apic_id[0xffffffff] uid[0x61] disabled)
[    0.000000] ACPI: X2APIC (apic_id[0xffffffff] uid[0x62] disabled)
[    0.000000] ACPI: X2APIC (apic_id[0xffffffff] uid[0x63] disabled)
[    0.000000] ACPI: X2APIC (apic_id[0xffffffff] uid[0x64] disabled)
[    0.000000] ACPI: X2APIC (apic_id[0xffffffff] uid[0x65] disabled)
[    0.000000] ACPI: X2APIC (apic_id[0xffffffff] uid[0x66] disabled)
[    0.000000] ACPI: X2APIC (apic_id[0xffffffff] uid[0x67] disabled)
[    0.000000] ACPI: X2APIC (apic_id[0xffffffff] uid[0x68] disabled)
[    0.000000] ACPI: X2APIC (apic_id[0xffffffff] uid[0x69] disabled)
[    0.000000] ACPI: X2APIC (apic_id[0xffffffff] uid[0x6a] disabled)
[    0.000000] ACPI: X2APIC (apic_id[0xffffffff] uid[0x6b] disabled)
[    0.000000] ACPI: X2APIC (apic_id[0xffffffff] uid[0x6c] disabled)
[    0.000000] ACPI: X2APIC (apic_id[0xffffffff] uid[0x6d] disabled)
[    0.000000] ACPI: X2APIC (apic_id[0xffffffff] uid[0x6e] disabled)
[    0.000000] ACPI: X2APIC (apic_id[0xffffffff] uid[0x6f] disabled)
[    0.000000] ACPI: X2APIC (apic_id[0xffffffff] uid[0x70] disabled)
[    0.000000] ACPI: X2APIC (apic_id[0xffffffff] uid[0x71] disabled)
[    0.000000] ACPI: X2APIC (apic_id[0xffffffff] uid[0x72] disabled)
[    0.000000] ACPI: X2APIC (apic_id[0xffffffff] uid[0x73] disabled)
[    0.000000] ACPI: X2APIC (apic_id[0xffffffff] uid[0x74] disabled)
[    0.000000] ACPI: X2APIC (apic_id[0xffffffff] uid[0x75] disabled)
[    0.000000] ACPI: X2APIC (apic_id[0xffffffff] uid[0x76] disabled)
[    0.000000] ACPI: X2APIC (apic_id[0xffffffff] uid[0x77] disabled)
[    0.000000] ACPI: X2APIC (apic_id[0xffffffff] uid[0x78] disabled)
[    0.000000] ACPI: X2APIC (apic_id[0xffffffff] uid[0x79] disabled)
[    0.000000] ACPI: X2APIC (apic_id[0xffffffff] uid[0x7a] disabled)
[    0.000000] ACPI: X2APIC (apic_id[0xffffffff] uid[0x7b] disabled)
[    0.000000] ACPI: X2APIC (apic_id[0xffffffff] uid[0x7c] disabled)
[    0.000000] ACPI: X2APIC (apic_id[0xffffffff] uid[0x7d] disabled)
[    0.000000] ACPI: X2APIC (apic_id[0xffffffff] uid[0x7e] disabled)
[    0.000000] ACPI: X2APIC (apic_id[0xffffffff] uid[0x7f] disabled)
[    0.000000] ACPI: X2APIC (apic_id[0xffffffff] uid[0x80] disabled)
[    0.000000] ACPI: X2APIC (apic_id[0xffffffff] uid[0x81] disabled)
[    0.000000] ACPI: X2APIC (apic_id[0xffffffff] uid[0x82] disabled)
[    0.000000] ACPI: X2APIC (apic_id[0xffffffff] uid[0x83] disabled)
[    0.000000] ACPI: X2APIC (apic_id[0xffffffff] uid[0x84] disabled)
[    0.000000] ACPI: X2APIC (apic_id[0xffffffff] uid[0x85] disabled)
[    0.000000] ACPI: X2APIC (apic_id[0xffffffff] uid[0x86] disabled)
[    0.000000] ACPI: X2APIC (apic_id[0xffffffff] uid[0x87] disabled)
[    0.000000] ACPI: X2APIC (apic_id[0xffffffff] uid[0x88] disabled)
[    0.000000] ACPI: X2APIC (apic_id[0xffffffff] uid[0x89] disabled)
[    0.000000] ACPI: X2APIC (apic_id[0xffffffff] uid[0x8a] disabled)
[    0.000000] ACPI: X2APIC (apic_id[0xffffffff] uid[0x8b] disabled)
[    0.000000] ACPI: X2APIC (apic_id[0xffffffff] uid[0x8c] disabled)
[    0.000000] ACPI: X2APIC (apic_id[0xffffffff] uid[0x8d] disabled)
[    0.000000] ACPI: X2APIC (apic_id[0xffffffff] uid[0x8e] disabled)
[    0.000000] ACPI: X2APIC (apic_id[0xffffffff] uid[0x8f] disabled)
[    0.000000] ACPI: X2APIC (apic_id[0xffffffff] uid[0x90] disabled)
[    0.000000] ACPI: X2APIC (apic_id[0xffffffff] uid[0x91] disabled)
[    0.000000] ACPI: X2APIC (apic_id[0xffffffff] uid[0x92] disabled)
[    0.000000] ACPI: X2APIC (apic_id[0xffffffff] uid[0x93] disabled)
[    0.000000] ACPI: X2APIC (apic_id[0xffffffff] uid[0x94] disabled)
[    0.000000] ACPI: X2APIC (apic_id[0xffffffff] uid[0x95] disabled)
[    0.000000] ACPI: X2APIC (apic_id[0xffffffff] uid[0x96] disabled)
[    0.000000] ACPI: X2APIC (apic_id[0xffffffff] uid[0x97] disabled)
[    0.000000] ACPI: X2APIC (apic_id[0xffffffff] uid[0x98] disabled)
[    0.000000] ACPI: X2APIC (apic_id[0xffffffff] uid[0x99] disabled)
[    0.000000] ACPI: X2APIC (apic_id[0xffffffff] uid[0x9a] disabled)
[    0.000000] ACPI: X2APIC (apic_id[0xffffffff] uid[0x9b] disabled)
[    0.000000] ACPI: X2APIC (apic_id[0xffffffff] uid[0x9c] disabled)
[    0.000000] ACPI: X2APIC (apic_id[0xffffffff] uid[0x9d] disabled)
[    0.000000] ACPI: X2APIC (apic_id[0xffffffff] uid[0x9e] disabled)
[    0.000000] ACPI: X2APIC (apic_id[0xffffffff] uid[0x9f] disabled)
[    0.000000] ACPI: X2APIC (apic_id[0xffffffff] uid[0xa0] disabled)
[    0.000000] ACPI: X2APIC (apic_id[0xffffffff] uid[0xa1] disabled)
[    0.000000] ACPI: X2APIC (apic_id[0xffffffff] uid[0xa2] disabled)
[    0.000000] ACPI: X2APIC (apic_id[0xffffffff] uid[0xa3] disabled)
[    0.000000] ACPI: X2APIC (apic_id[0xffffffff] uid[0xa4] disabled)
[    0.000000] ACPI: X2APIC (apic_id[0xffffffff] uid[0xa5] disabled)
[    0.000000] ACPI: X2APIC (apic_id[0xffffffff] uid[0xa6] disabled)
[    0.000000] ACPI: X2APIC (apic_id[0xffffffff] uid[0xa7] disabled)
[    0.000000] ACPI: X2APIC (apic_id[0xffffffff] uid[0xa8] disabled)
[    0.000000] ACPI: X2APIC (apic_id[0xffffffff] uid[0xa9] disabled)
[    0.000000] ACPI: X2APIC (apic_id[0xffffffff] uid[0xaa] disabled)
[    0.000000] ACPI: X2APIC (apic_id[0xffffffff] uid[0xab] disabled)
[    0.000000] ACPI: X2APIC (apic_id[0xffffffff] uid[0xac] disabled)
[    0.000000] ACPI: X2APIC (apic_id[0xffffffff] uid[0xad] disabled)
[    0.000000] ACPI: X2APIC (apic_id[0xffffffff] uid[0xae] disabled)
[    0.000000] ACPI: X2APIC (apic_id[0xffffffff] uid[0xaf] disabled)
[    0.000000] ACPI: X2APIC (apic_id[0xffffffff] uid[0xb0] disabled)
[    0.000000] ACPI: X2APIC (apic_id[0xffffffff] uid[0xb1] disabled)
[    0.000000] ACPI: X2APIC (apic_id[0xffffffff] uid[0xb2] disabled)
[    0.000000] ACPI: X2APIC (apic_id[0xffffffff] uid[0xb3] disabled)
[    0.000000] ACPI: X2APIC (apic_id[0xffffffff] uid[0xb4] disabled)
[    0.000000] ACPI: X2APIC (apic_id[0xffffffff] uid[0xb5] disabled)
[    0.000000] ACPI: X2APIC (apic_id[0xffffffff] uid[0xb6] disabled)
[    0.000000] ACPI: X2APIC (apic_id[0xffffffff] uid[0xb7] disabled)
[    0.000000] ACPI: X2APIC (apic_id[0xffffffff] uid[0xb8] disabled)
[    0.000000] ACPI: X2APIC (apic_id[0xffffffff] uid[0xb9] disabled)
[    0.000000] ACPI: X2APIC (apic_id[0xffffffff] uid[0xba] disabled)
[    0.000000] ACPI: X2APIC (apic_id[0xffffffff] uid[0xbb] disabled)
[    0.000000] ACPI: X2APIC (apic_id[0xffffffff] uid[0xbc] disabled)
[    0.000000] ACPI: X2APIC (apic_id[0xffffffff] uid[0xbd] disabled)
[    0.000000] ACPI: X2APIC (apic_id[0xffffffff] uid[0xbe] disabled)
[    0.000000] ACPI: X2APIC (apic_id[0xffffffff] uid[0xbf] disabled)
[    0.000000] ACPI: X2APIC (apic_id[0xffffffff] uid[0xc0] disabled)
[    0.000000] ACPI: X2APIC (apic_id[0xffffffff] uid[0xc1] disabled)
[    0.000000] ACPI: X2APIC (apic_id[0xffffffff] uid[0xc2] disabled)
[    0.000000] ACPI: X2APIC (apic_id[0xffffffff] uid[0xc3] disabled)
[    0.000000] ACPI: X2APIC (apic_id[0xffffffff] uid[0xc4] disabled)
[    0.000000] ACPI: X2APIC (apic_id[0xffffffff] uid[0xc5] disabled)
[    0.000000] ACPI: X2APIC (apic_id[0xffffffff] uid[0xc6] disabled)
[    0.000000] ACPI: X2APIC (apic_id[0xffffffff] uid[0xc7] disabled)
[    0.000000] ACPI: X2APIC (apic_id[0xffffffff] uid[0xc8] disabled)
[    0.000000] ACPI: X2APIC (apic_id[0xffffffff] uid[0xc9] disabled)
[    0.000000] ACPI: X2APIC (apic_id[0xffffffff] uid[0xca] disabled)
[    0.000000] ACPI: X2APIC (apic_id[0xffffffff] uid[0xcb] disabled)
[    0.000000] ACPI: X2APIC (apic_id[0xffffffff] uid[0xcc] disabled)
[    0.000000] ACPI: X2APIC (apic_id[0xffffffff] uid[0xcd] disabled)
[    0.000000] ACPI: X2APIC (apic_id[0xffffffff] uid[0xce] disabled)
[    0.000000] ACPI: X2APIC (apic_id[0xffffffff] uid[0xcf] disabled)
[    0.000000] ACPI: X2APIC (apic_id[0xffffffff] uid[0xd0] disabled)
[    0.000000] ACPI: X2APIC (apic_id[0xffffffff] uid[0xd1] disabled)
[    0.000000] ACPI: X2APIC (apic_id[0xffffffff] uid[0xd2] disabled)
[    0.000000] ACPI: X2APIC (apic_id[0xffffffff] uid[0xd3] disabled)
[    0.000000] ACPI: X2APIC (apic_id[0xffffffff] uid[0xd4] disabled)
[    0.000000] ACPI: X2APIC (apic_id[0xffffffff] uid[0xd5] disabled)
[    0.000000] ACPI: X2APIC (apic_id[0xffffffff] uid[0xd6] disabled)
[    0.000000] ACPI: X2APIC (apic_id[0xffffffff] uid[0xd7] disabled)
[    0.000000] ACPI: X2APIC (apic_id[0xffffffff] uid[0xd8] disabled)
[    0.000000] ACPI: X2APIC (apic_id[0xffffffff] uid[0xd9] disabled)
[    0.000000] ACPI: X2APIC (apic_id[0xffffffff] uid[0xda] disabled)
[    0.000000] ACPI: X2APIC (apic_id[0xffffffff] uid[0xdb] disabled)
[    0.000000] ACPI: X2APIC (apic_id[0xffffffff] uid[0xdc] disabled)
[    0.000000] ACPI: X2APIC (apic_id[0xffffffff] uid[0xdd] disabled)
[    0.000000] ACPI: X2APIC (apic_id[0xffffffff] uid[0xde] disabled)
[    0.000000] ACPI: X2APIC (apic_id[0xffffffff] uid[0xdf] disabled)
[    0.000000] ACPI: X2APIC_NMI (uid[0xffffffff] high level lint[0x1])
[    0.000000] ACPI: LAPIC_NMI (acpi_id[0xff] high level lint[0x1])
[    0.000000] ACPI: IOAPIC (id[0x08] address[0xfec00000] gsi_base[0])
[    0.000000] IOAPIC[0]: apic_id 8, version 32, address 0xfec00000, GSI 0-23
[    0.000000] ACPI: IOAPIC (id[0x09] address[0xfec01000] gsi_base[24])
[    0.000000] IOAPIC[1]: apic_id 9, version 32, address 0xfec01000, GSI 24-31
[    0.000000] ACPI: IOAPIC (id[0x0a] address[0xfec08000] gsi_base[32])
[    0.000000] IOAPIC[2]: apic_id 10, version 32, address 0xfec08000, GSI 32-39
[    0.000000] ACPI: IOAPIC (id[0x0b] address[0xfec10000] gsi_base[40])
[    0.000000] IOAPIC[3]: apic_id 11, version 32, address 0xfec10000, GSI 40-47
[    0.000000] ACPI: IOAPIC (id[0x0c] address[0xfec18000] gsi_base[48])
[    0.000000] IOAPIC[4]: apic_id 12, version 32, address 0xfec18000, GSI 48-55
[    0.000000] ACPI: IOAPIC (id[0x0f] address[0xfec20000] gsi_base[72])
[    0.000000] IOAPIC[5]: apic_id 15, version 32, address 0xfec20000, GSI 72-79
[    0.000000] ACPI: IOAPIC (id[0x10] address[0xfec28000] gsi_base[80])
[    0.000000] IOAPIC[6]: apic_id 16, version 32, address 0xfec28000, GSI 80-87
[    0.000000] ACPI: IOAPIC (id[0x11] address[0xfec30000] gsi_base[88])
[    0.000000] IOAPIC[7]: apic_id 17, version 32, address 0xfec30000, GSI 88-95
[    0.000000] ACPI: IOAPIC (id[0x12] address[0xfec38000] gsi_base[96])
[    0.000000] IOAPIC[8]: apic_id 18, version 32, address 0xfec38000, GSI 96-103
[    0.000000] ACPI: INT_SRC_OVR (bus 0 bus_irq 0 global_irq 2 dfl dfl)
[    0.000000] ACPI: INT_SRC_OVR (bus 0 bus_irq 9 global_irq 9 high level)
[    0.000000] ACPI: IRQ0 used by override.
[    0.000000] ACPI: IRQ9 used by override.
[    0.000000] Using ACPI (MADT) for SMP configuration information
[    0.000000] ACPI: HPET id: 0x8086a701 base: 0xfed00000
[    0.000000] smpboot: Allowing 320 CPUs, 224 hotplug CPUs
[    0.000000] smpboot: Ignoring 128 unusable CPUs in ACPI table
[    0.000000] PM: Registered nosave memory: [mem 0x0009a000-0x0009afff]
[    0.000000] PM: Registered nosave memory: [mem 0x0009b000-0x0009ffff]
[    0.000000] PM: Registered nosave memory: [mem 0x000a0000-0x000dffff]
[    0.000000] PM: Registered nosave memory: [mem 0x000e0000-0x000fffff]
[    0.000000] PM: Registered nosave memory: [mem 0x5cded000-0x5d0d7fff]
[    0.000000] PM: Registered nosave memory: [mem 0x5f706000-0x5f760fff]
[    0.000000] PM: Registered nosave memory: [mem 0x5f7c9000-0x5f7f7fff]
[    0.000000] PM: Registered nosave memory: [mem 0x5fcd4000-0x5fefafff]
[    0.000000] PM: Registered nosave memory: [mem 0x638b0000-0x63963fff]
[    0.000000] PM: Registered nosave memory: [mem 0x63fc3000-0x6404bfff]
[    0.000000] PM: Registered nosave memory: [mem 0x64348000-0x64b49fff]
[    0.000000] PM: Registered nosave memory: [mem 0x64c2d000-0x65c2cfff]
[    0.000000] PM: Registered nosave memory: [mem 0x6756d000-0x6786cfff]
[    0.000000] PM: Registered nosave memory: [mem 0x6786d000-0x6829cfff]
[    0.000000] PM: Registered nosave memory: [mem 0x6829d000-0x6839cfff]
[    0.000000] PM: Registered nosave memory: [mem 0x6f800000-0x8fffffff]
[    0.000000] PM: Registered nosave memory: [mem 0x90000000-0xfcffffff]
[    0.000000] PM: Registered nosave memory: [mem 0xfd000000-0xfe7fffff]
[    0.000000] PM: Registered nosave memory: [mem 0xfe800000-0xfebfffff]
[    0.000000] PM: Registered nosave memory: [mem 0xfec00000-0xfec00fff]
[    0.000000] PM: Registered nosave memory: [mem 0xfec01000-0xfec7ffff]
[    0.000000] PM: Registered nosave memory: [mem 0xfec80000-0xfed00fff]
[    0.000000] PM: Registered nosave memory: [mem 0xfed01000-0xff7fffff]
[    0.000000] PM: Registered nosave memory: [mem 0xff800000-0x100bfffff]
[    0.000000] e820: [mem 0x90000000-0xfcffffff] available for PCI devices
[    0.000000] Booting paravirtualized kernel on bare hardware
[    0.000000] setup_percpu: NR_CPUS:5120 nr_cpumask_bits:320 nr_cpu_ids:320 nr_node_ids:2
[    0.000000] percpu: Embedded 38 pages/cpu s118784 r8192 d28672 u262144
[    0.000000] pcpu-alloc: s118784 r8192 d28672 u262144 alloc=1*2097152
[    0.000000] pcpu-alloc: [0] 000 001 002 003 004 005 006 007 
[    0.000000] pcpu-alloc: [0] 008 009 010 011 012 013 014 015 
[    0.000000] pcpu-alloc: [0] 016 017 018 019 020 021 022 023 
[    0.000000] pcpu-alloc: [0] 048 049 050 051 052 053 054 055 
[    0.000000] pcpu-alloc: [0] 056 057 058 059 060 061 062 063 
[    0.000000] pcpu-alloc: [0] 064 065 066 067 068 069 070 071 
[    0.000000] pcpu-alloc: [0] 096 098 100 102 104 106 108 110 
[    0.000000] pcpu-alloc: [0] 112 114 116 118 120 122 124 126 
[    0.000000] pcpu-alloc: [0] 128 130 132 134 136 138 140 142 
[    0.000000] pcpu-alloc: [0] 144 146 148 150 152 154 156 158 
[    0.000000] pcpu-alloc: [0] 160 162 164 166 168 170 172 174 
[    0.000000] pcpu-alloc: [0] 176 178 180 182 184 186 188 190 
[    0.000000] pcpu-alloc: [0] 192 194 196 198 200 202 204 206 
[    0.000000] pcpu-alloc: [0] 208 210 212 214 216 218 220 222 
[    0.000000] pcpu-alloc: [0] 224 226 228 230 232 234 236 238 
[    0.000000] pcpu-alloc: [0] 240 242 244 246 248 250 252 254 
[    0.000000] pcpu-alloc: [0] 256 258 260 262 264 266 268 270 
[    0.000000] pcpu-alloc: [0] 272 274 276 278 280 282 284 286 
[    0.000000] pcpu-alloc: [0] 288 290 292 294 296 298 300 302 
[    0.000000] pcpu-alloc: [0] 304 306 308 310 312 314 316 318 
[    0.000000] pcpu-alloc: [1] 024 025 026 027 028 029 030 031 
[    0.000000] pcpu-alloc: [1] 032 033 034 035 036 037 038 039 
[    0.000000] pcpu-alloc: [1] 040 041 042 043 044 045 046 047 
[    0.000000] pcpu-alloc: [1] 072 073 074 075 076 077 078 079 
[    0.000000] pcpu-alloc: [1] 080 081 082 083 084 085 086 087 
[    0.000000] pcpu-alloc: [1] 088 089 090 091 092 093 094 095 
[    0.000000] pcpu-alloc: [1] 097 099 101 103 105 107 109 111 
[    0.000000] pcpu-alloc: [1] 113 115 117 119 121 123 125 127 
[    0.000000] pcpu-alloc: [1] 129 131 133 135 137 139 141 143 
[    0.000000] pcpu-alloc: [1] 145 147 149 151 153 155 157 159 
[    0.000000] pcpu-alloc: [1] 161 163 165 167 169 171 173 175 
[    0.000000] pcpu-alloc: [1] 177 179 181 183 185 187 189 191 
[    0.000000] pcpu-alloc: [1] 193 195 197 199 201 203 205 207 
[    0.000000] pcpu-alloc: [1] 209 211 213 215 217 219 221 223 
[    0.000000] pcpu-alloc: [1] 225 227 229 231 233 235 237 239 
[    0.000000] pcpu-alloc: [1] 241 243 245 247 249 251 253 255 
[    0.000000] pcpu-alloc: [1] 257 259 261 263 265 267 269 271 
[    0.000000] pcpu-alloc: [1] 273 275 277 279 281 283 285 287 
[    0.000000] pcpu-alloc: [1] 289 291 293 295 297 299 301 303 
[    0.000000] pcpu-alloc: [1] 305 307 309 311 313 315 317 319 
[    0.000000] Built 2 zonelists in Zone order, mobility grouping on.  Total pages: 49206093
[    0.000000] Policy zone: Normal
[    0.000000] Kernel command line: BOOT_IMAGE=/vmlinuz-3.10.0-1160.90.1.el7.x86_64 root=/dev/mapper/vg_main-lv_root ro crashkernel=auto rd.lvm.lv=vg_main/lv_root rhgb quiet
[    0.000000] PID hash table entries: 4096 (order: 3, 32768 bytes)
[    0.000000] x86/fpu: xstate_offset[2]: 0240, xstate_sizes[2]: 0100
[    0.000000] x86/fpu: xstate_offset[3]: 03c0, xstate_sizes[3]: 0040
[    0.000000] x86/fpu: xstate_offset[4]: 0400, xstate_sizes[4]: 0040
[    0.000000] x86/fpu: xstate_offset[5]: 0440, xstate_sizes[5]: 0040
[    0.000000] x86/fpu: xstate_offset[6]: 0480, xstate_sizes[6]: 0200
[    0.000000] x86/fpu: xstate_offset[7]: 0680, xstate_sizes[7]: 0400
[    0.000000] x86/fpu: xstate_offset[8]: 0000, xstate_sizes[8]: 0080
[    0.000000] x86/fpu: xstate_offset[9]: 0a80, xstate_sizes[9]: 0008
[    0.000000] xsave: enabled xstate_bv 0x2ff, cntxt size 0xa88 using standard form
[    0.000000] Memory: 5699116k/202375168k available (7988k kernel code, 2426312k absent, 3457508k reserved, 5756k data, 2176k init)
[    0.000000] SLUB: HWalign=64, Order=0-3, MinObjects=0, CPUs=320, Nodes=2
[    0.000000] Hierarchical RCU implementation.
[    0.000000] 	RCU restricting CPUs from NR_CPUS=5120 to nr_cpu_ids=320.
[    0.000000] NR_IRQS:327936 nr_irqs:4344 0
[    0.000000] Console: colour VGA+ 80x25
[    0.000000] console [tty0] enabled
[    0.000000] allocated 1600126976 bytes of page_cgroup
[    0.000000] please try 'cgroup_disable=memory' option if you don't want memory cgroups
[    0.000000] Enabling automatic NUMA balancing. Configure with numa_balancing= or the kernel.numa_balancing sysctl
[    0.000000] hpet clockevent registered
[    0.000000] tsc: Detected 2400.000 MHz processor
[    0.000130] Calibrating delay loop (skipped), value calculated using timer frequency.. 4800.00 BogoMIPS (lpj=2400000)
[    0.000133] pid_max: default: 327680 minimum: 2560
[    0.001278] Security Framework initialized
[    0.001286] SELinux:  Initializing.
[    0.001582] SELinux:  Starting in permissive mode
[    0.001583] Yama: becoming mindful.
[    0.021069] Dentry cache hash table entries: 33554432 (order: 16, 268435456 bytes)
[    0.076150] Inode-cache hash table entries: 16777216 (order: 15, 134217728 bytes)
[    0.105560] Mount-cache hash table entries: 524288 (order: 10, 4194304 bytes)
[    0.105871] Mountpoint-cache hash table entries: 524288 (order: 10, 4194304 bytes)
[    0.108864] Initializing cgroup subsys memory
[    0.108920] Initializing cgroup subsys devices
[    0.108922] Initializing cgroup subsys freezer
[    0.108923] Initializing cgroup subsys net_cls
[    0.108925] Initializing cgroup subsys blkio
[    0.108927] Initializing cgroup subsys perf_event
[    0.108976] Initializing cgroup subsys hugetlb
[    0.108978] Initializing cgroup subsys pids
[    0.108979] Initializing cgroup subsys net_prio
[    0.109245] ENERGY_PERF_BIAS: Set to 'normal', was 'performance'
[    0.109246] ENERGY_PERF_BIAS: View and update with x86_energy_perf_policy(8)
[    0.110400] CPU0: Thermal monitoring enabled (TM1)
[    0.110567] Last level iTLB entries: 4KB 0, 2MB 0, 4MB 0
[    0.110568] Last level dTLB entries: 4KB 64, 2MB 0, 4MB 0
[    0.110569] tlb_flushall_shift: 6
[    0.110637] FEATURE SPEC_CTRL Present
[    0.110638] FEATURE IBPB_SUPPORT Present
[    0.110639] Spectre V1 : Mitigation: Load fences, usercopy/swapgs barriers and __user pointer sanitization
[    0.110641] Spectre V2 : Enabling Indirect Branch Prediction Barrier
[    0.110696] Spectre V2 : Mitigation: Enhanced IBRS
[    0.110697] Filling RSB on context switch
[    0.110698] RETBleed: Mitigation: Enhanced IBRS
[    0.110725] Speculative Store Bypass: Mitigation: Speculative Store Bypass disabled via prctl and seccomp
[    0.110775] TAA: Mitigation: Clear CPU buffers
[    0.110776] MMIO Stale Data: Mitigation: Clear CPU buffers
[    0.125512] Freeing SMP alternatives: 28k freed
[    0.127601] ACPI: Core revision 20130517
[    0.165657] ACPI: All ACPI Tables successfully acquired
[    0.166984] ftrace: allocating 29705 entries in 117 pages
[    0.181907] IRQ remapping doesn't support X2APIC mode, disable x2apic.
[    0.182016] Switched APIC routing to physical flat.
[    0.183014] ..TIMER: vector=0x30 apic1=0 pin1=2 apic2=-1 pin2=-1
[    0.193017] smpboot: CPU0: Intel(R) Xeon(R) Gold 6240R CPU @ 2.40GHz (fam: 06, model: 55, stepping: 07)
[    0.193025] TSC deadline timer enabled
[    0.193104] Performance Events: PEBS fmt3+, Skylake events, 32-deep LBR, full-width counters, Intel PMU driver.
[    0.193114] ... version:                4
[    0.193115] ... bit width:              48
[    0.193116] ... generic registers:      4
[    0.193117] ... value mask:             0000ffffffffffff
[    0.193118] ... max period:             00007fffffffffff
[    0.193118] ... fixed-purpose events:   3
[    0.193119] ... event mask:             000000070000000f
[    0.213624] NMI watchdog: enabled on all CPUs, permanently consumes one hw-PMU counter.
[    0.197392] smpboot: Booting Node   0, Processors  #1 #2 #3 #4 #5 #6 #7 #8 #9 #10 #11 #12 #13 #14 #15 #16 #17 #18 #19 #20 #21 #22 #23 OK
[    0.442920] smpboot: CPU 24 Converting physical 0 to logical die 1
[    0.430755] smpboot: Booting Node   1, Processors  #24 #25 #26 #27 #28 #29 #30 #31 #32 #33 #34 #35 #36 #37 #38 #39 #40 #41 #42 #43 #44 #45 #46 #47 OK
[    0.768291] smpboot: Booting Node   0, Processors  #48
[    0.773356] TAA CPU bug present and SMT on, data leak possible. See https://www.kernel.org/doc/html/latest/admin-guide/hw-vuln/tsx_async_abort.html for more details.
[    0.773360] MMIO Stale Data CPU bug present and SMT on, data leak possible. See https://www.kernel.org/doc/html/latest/admin-guide/hw-vuln/processor_mmio_stale_data.html for more details.
[    0.773493]  #49 #50 #51 #52 #53 #54 #55 #56 #57 #58 #59 #60 #61 #62 #63 #64 #65 #66 #67 #68 #69 #70 #71 OK
[    0.880701] smpboot: Booting Node   1, Processors  #72 #73 #74 #75 #76 #77 #78 #79 #80 #81 #82 #83 #84 #85 #86 #87 #88 #89 #90 #91 #92 #93 #94 #95
[    0.991910] Brought up 96 CPUs
[    0.991913] smpboot: Max logical packages: 7
[    0.991918] smpboot: Total of 96 processors activated (461067.64 BogoMIPS)
[    2.102517] node 0 initialised, 23460800 pages in 467ms
[    2.124570] node 1 initialised, 24237254 pages in 489ms
[    2.125259] devtmpfs: initialized
[    2.125339] x86/mm: Memory block size: 1024MB
[    2.128444] EVM: security.selinux
[    2.128446] EVM: security.ima
[    2.128447] EVM: security.capability
[    2.128643] PM: Registering ACPI NVS region [mem 0x6786d000-0x6829cfff] (10682368 bytes)
[    2.130635] atomic64 test passed for x86-64 platform with CX8 and with SSE
[    2.130638] pinctrl core: initialized pinctrl subsystem
[    2.130863] RTC time:  1:06:00, date: 02/27/24
[    2.131258] NET: Registered protocol family 16
[    2.131740] ACPI FADT declares the system doesn't support PCIe ASPM, so disable it
[    2.131742] ACPI: bus type PCI registered
[    2.131744] acpiphp: ACPI Hot Plug PCI Controller Driver version: 0.5
[    2.132350] PCI: MMCONFIG for domain 0000 [bus 00-ff] at [mem 0x80000000-0x8fffffff] (base 0x80000000)
[    2.132353] PCI: MMCONFIG at [mem 0x80000000-0x8fffffff] reserved in E820
[    2.132366] PCI: Using configuration type 1 for base access
[    2.145073] ACPI: Added _OSI(Module Device)
[    2.145075] ACPI: Added _OSI(Processor Device)
[    2.145077] ACPI: Added _OSI(3.0 _SCP Extensions)
[    2.145078] ACPI: Added _OSI(Processor Aggregator Device)
[    2.145079] ACPI: Added _OSI(Linux-Dell-Video)
[    2.154786] ACPI: EC: Look up EC in DSDT
[    2.182606] ACPI: [Firmware Bug]: BIOS _OSI(Linux) query ignored
[    2.210160] ACPI: Dynamic OEM Table Load:
[    2.210164] ACPI: OEM1           (null) 2A2C4 (v02  INTEL CPU EIST 00003000 INTL 20140828)
[    2.216032] ACPI: Dynamic OEM Table Load:
[    2.216034] ACPI: OEM3           (null) 26664 (v02  INTEL CPU  TST 00003000 INTL 20140828)
[    2.232618] ACPI: Dynamic OEM Table Load:
[    2.232620] ACPI: OEM4           (null) A27C4 (v02  INTEL CPU  CST 00003000 INTL 20140828)
[    2.273877] ACPI: Interpreter enabled
[    2.273896] ACPI: (supports S0 S5)
[    2.273897] ACPI: Using IOAPIC for interrupt routing
[    2.273944] HEST: Table parsing has been initialized.
[    2.273947] PCI: Using host bridge windows from ACPI; if necessary, use "pci=nocrs" and report a bug
[    2.274009] ACPI: Enabled 7 GPEs in block 00 to 7F
[    2.341642] ACPI: PCI Root Bridge [PC00] (domain 0000 [bus 00-16])
[    2.341648] acpi PNP0A08:00: _OSC: OS supports [ExtendedConfig ASPM ClockPM Segments MSI]
[    2.341720] acpi PNP0A08:00: _OSC: platform does not support [SHPCHotplug AER]
[    2.341784] acpi PNP0A08:00: _OSC: OS now controls [PCIeHotplug PME PCIeCapability]
[    2.341786] acpi PNP0A08:00: FADT indicates ASPM is unsupported, using BIOS configuration
[    2.343042] PCI host bridge to bus 0000:00
[    2.343045] pci_bus 0000:00: root bus resource [io  0x0000-0x0cf7 window]
[    2.343047] pci_bus 0000:00: root bus resource [io  0x1000-0x3fff window]
[    2.343048] pci_bus 0000:00: root bus resource [mem 0x000a0000-0x000bffff window]
[    2.343050] pci_bus 0000:00: root bus resource [mem 0x000c4000-0x000c7fff window]
[    2.343051] pci_bus 0000:00: root bus resource [mem 0xfe010000-0xfe010fff window]
[    2.343052] pci_bus 0000:00: root bus resource [mem 0x90000000-0x9d7fffff window]
[    2.343054] pci_bus 0000:00: root bus resource [mem 0x380000000000-0x383fffffffff window]
[    2.343055] pci_bus 0000:00: root bus resource [bus 00-16]
[    2.343065] pci 0000:00:00.0: [8086:2020] type 00 class 0x060000
[    2.343641] pci 0000:00:04.0: [8086:2021] type 00 class 0x088000
[    2.343663] pci 0000:00:04.0: reg 0x10: [mem 0x383ffff2c000-0x383ffff2ffff 64bit]
[    2.344230] pci 0000:00:04.1: [8086:2021] type 00 class 0x088000
[    2.344250] pci 0000:00:04.1: reg 0x10: [mem 0x383ffff28000-0x383ffff2bfff 64bit]
[    2.344814] pci 0000:00:04.2: [8086:2021] type 00 class 0x088000
[    2.344834] pci 0000:00:04.2: reg 0x10: [mem 0x383ffff24000-0x383ffff27fff 64bit]
[    2.345396] pci 0000:00:04.3: [8086:2021] type 00 class 0x088000
[    2.345416] pci 0000:00:04.3: reg 0x10: [mem 0x383ffff20000-0x383ffff23fff 64bit]
[    2.345980] pci 0000:00:04.4: [8086:2021] type 00 class 0x088000
[    2.345999] pci 0000:00:04.4: reg 0x10: [mem 0x383ffff1c000-0x383ffff1ffff 64bit]
[    2.346560] pci 0000:00:04.5: [8086:2021] type 00 class 0x088000
[    2.346580] pci 0000:00:04.5: reg 0x10: [mem 0x383ffff18000-0x383ffff1bfff 64bit]
[    2.347144] pci 0000:00:04.6: [8086:2021] type 00 class 0x088000
[    2.347163] pci 0000:00:04.6: reg 0x10: [mem 0x383ffff14000-0x383ffff17fff 64bit]
[    2.347722] pci 0000:00:04.7: [8086:2021] type 00 class 0x088000
[    2.347743] pci 0000:00:04.7: reg 0x10: [mem 0x383ffff10000-0x383ffff13fff 64bit]
[    2.348305] pci 0000:00:05.0: [8086:2024] type 00 class 0x088000
[    2.348853] pci 0000:00:05.2: [8086:2025] type 00 class 0x088000
[    2.349396] pci 0000:00:05.4: [8086:2026] type 00 class 0x080020
[    2.349410] pci 0000:00:05.4: reg 0x10: [mem 0x9220a000-0x9220afff]
[    2.349976] pci 0000:00:08.0: [8086:2014] type 00 class 0x088000
[    2.350506] pci 0000:00:08.1: [8086:2015] type 00 class 0x110100
[    2.351032] pci 0000:00:08.2: [8086:2016] type 00 class 0x088000
[    2.351572] pci 0000:00:11.0: [8086:a1ec] type 00 class 0xff0000
[    2.351578] pci 0000:00:11.0: device has non-compliant BARs; disabling IO/MEM decoding
[    2.352103] pci 0000:00:11.1: [8086:a1ed] type 00 class 0xff0000
[    2.352109] pci 0000:00:11.1: device has non-compliant BARs; disabling IO/MEM decoding
[    2.352632] pci 0000:00:11.5: [8086:a1d2] type 00 class 0x010601
[    2.352653] pci 0000:00:11.5: reg 0x10: [mem 0x92206000-0x92207fff]
[    2.352668] pci 0000:00:11.5: reg 0x14: [mem 0x92209000-0x922090ff]
[    2.352682] pci 0000:00:11.5: reg 0x18: [io  0x3068-0x306f]
[    2.352696] pci 0000:00:11.5: reg 0x1c: [io  0x3074-0x3077]
[    2.352711] pci 0000:00:11.5: reg 0x20: [io  0x3040-0x305f]
[    2.352725] pci 0000:00:11.5: reg 0x24: [mem 0x92180000-0x921fffff]
[    2.352773] pci 0000:00:11.5: PME# supported from D3hot
[    2.353311] pci 0000:00:14.0: [8086:a1af] type 00 class 0x0c0330
[    2.353339] pci 0000:00:14.0: reg 0x10: [mem 0x383ffff00000-0x383ffff0ffff 64bit]
[    2.353438] pci 0000:00:14.0: PME# supported from D3hot D3cold
[    2.353945] pci 0000:00:14.0: System wakeup disabled by ACPI
[    2.353979] pci 0000:00:14.2: [8086:a1b1] type 00 class 0x118000
[    2.354006] pci 0000:00:14.2: reg 0x10: [mem 0x383ffff34000-0x383ffff34fff 64bit]
[    2.354602] pci 0000:00:16.0: [8086:a1ba] type 00 class 0x078000
[    2.354635] pci 0000:00:16.0: reg 0x10: [mem 0x383ffff33000-0x383ffff33fff 64bit]
[    2.354756] pci 0000:00:16.0: PME# supported from D3hot
[    2.355261] pci 0000:00:16.1: [8086:a1bb] type 00 class 0x078000
[    2.355295] pci 0000:00:16.1: reg 0x10: [mem 0x383ffff32000-0x383ffff32fff 64bit]
[    2.355415] pci 0000:00:16.1: PME# supported from D3hot
[    2.355922] pci 0000:00:16.4: [8086:a1be] type 00 class 0x078000
[    2.355955] pci 0000:00:16.4: reg 0x10: [mem 0x383ffff31000-0x383ffff31fff 64bit]
[    2.356075] pci 0000:00:16.4: PME# supported from D3hot
[    2.356579] pci 0000:00:17.0: [8086:a182] type 00 class 0x010601
[    2.356600] pci 0000:00:17.0: reg 0x10: [mem 0x92204000-0x92205fff]
[    2.356614] pci 0000:00:17.0: reg 0x14: [mem 0x92208000-0x922080ff]
[    2.356628] pci 0000:00:17.0: reg 0x18: [io  0x3060-0x3067]
[    2.356643] pci 0000:00:17.0: reg 0x1c: [io  0x3070-0x3073]
[    2.356657] pci 0000:00:17.0: reg 0x20: [io  0x3020-0x303f]
[    2.356671] pci 0000:00:17.0: reg 0x24: [mem 0x92100000-0x9217ffff]
[    2.356717] pci 0000:00:17.0: PME# supported from D3hot
[    2.357250] pci 0000:00:1c.0: [8086:a193] type 01 class 0x060400
[    2.357340] pci 0000:00:1c.0: PME# supported from D0 D3hot D3cold
[    2.357859] pci 0000:00:1c.0: System wakeup disabled by ACPI
[    2.357904] pci 0000:00:1f.0: [8086:a1c3] type 00 class 0x060100
[    2.358529] pci 0000:00:1f.2: [8086:a1a1] type 00 class 0x058000
[    2.358548] pci 0000:00:1f.2: reg 0x10: [mem 0x92200000-0x92203fff]
[    2.359156] pci 0000:00:1f.4: [8086:a1a3] type 00 class 0x0c0500
[    2.359183] pci 0000:00:1f.4: reg 0x10: [mem 0x383ffff30000-0x383ffff300ff 64bit]
[    2.359227] pci 0000:00:1f.4: reg 0x20: [io  0x3000-0x301f]
[    2.359750] pci 0000:00:1f.5: [8086:a1a4] type 00 class 0x0c8000
[    2.359769] pci 0000:00:1f.5: reg 0x10: [mem 0xfe010000-0xfe010fff]
[    2.360404] pci 0000:01:00.0: [1a03:1150] type 01 class 0x060400
[    2.360533] pci 0000:01:00.0: supports D1 D2
[    2.360535] pci 0000:01:00.0: PME# supported from D0 D1 D2 D3hot D3cold
[    2.360579] pci 0000:01:00.0: System wakeup disabled by ACPI
[    2.360611] pci 0000:00:1c.0: PCI bridge to [bus 01-02]
[    2.360614] pci 0000:00:1c.0:   bridge window [io  0x2000-0x2fff]
[    2.360617] pci 0000:00:1c.0:   bridge window [mem 0x91000000-0x920fffff]
[    2.360672] pci 0000:02:00.0: [1a03:2000] type 00 class 0x030000
[    2.360700] pci 0000:02:00.0: reg 0x10: [mem 0x91000000-0x91ffffff]
[    2.360719] pci 0000:02:00.0: reg 0x14: [mem 0x92000000-0x9201ffff]
[    2.360737] pci 0000:02:00.0: reg 0x18: [io  0x2000-0x207f]
[    2.360856] pci 0000:02:00.0: supports D1 D2
[    2.360858] pci 0000:02:00.0: PME# supported from D0 D1 D2 D3hot D3cold
[    2.360946] pci 0000:01:00.0: PCI bridge to [bus 02]
[    2.360952] pci 0000:01:00.0:   bridge window [io  0x2000-0x2fff]
[    2.360956] pci 0000:01:00.0:   bridge window [mem 0x91000000-0x920fffff]
[    2.360984] pci_bus 0000:00: on NUMA node 0
[    2.361190] ACPI: PCI Interrupt Link [LNKA] (IRQs 3 4 5 6 10 *11 12 14 15)
[    2.361255] ACPI: PCI Interrupt Link [LNKB] (IRQs 3 4 5 6 *10 11 12 14 15)
[    2.361319] ACPI: PCI Interrupt Link [LNKC] (IRQs 3 4 5 6 10 *11 12 14 15)
[    2.361382] ACPI: PCI Interrupt Link [LNKD] (IRQs 3 4 5 6 10 *11 12 14 15)
[    2.361445] ACPI: PCI Interrupt Link [LNKE] (IRQs 3 4 5 6 10 *11 12 14 15)
[    2.361507] ACPI: PCI Interrupt Link [LNKF] (IRQs 3 4 5 6 10 *11 12 14 15)
[    2.361569] ACPI: PCI Interrupt Link [LNKG] (IRQs 3 4 5 6 10 *11 12 14 15)
[    2.361631] ACPI: PCI Interrupt Link [LNKH] (IRQs 3 4 5 6 10 *11 12 14 15)
[    2.361946] ACPI: PCI Root Bridge [PC01] (domain 0000 [bus 17-39])
[    2.361950] acpi PNP0A08:01: _OSC: OS supports [ExtendedConfig ASPM ClockPM Segments MSI]
[    2.362279] acpi PNP0A08:01: _OSC: platform does not support [SHPCHotplug AER]
[    2.362466] acpi PNP0A08:01: _OSC: OS now controls [PCIeHotplug PME PCIeCapability]
[    2.362468] acpi PNP0A08:01: FADT indicates ASPM is unsupported, using BIOS configuration
[    2.362667] PCI host bridge to bus 0000:17
[    2.362669] pci_bus 0000:17: root bus resource [io  0x4000-0x5fff window]
[    2.362671] pci_bus 0000:17: root bus resource [mem 0x9d800000-0xaaffffff window]
[    2.362672] pci_bus 0000:17: root bus resource [mem 0x384000000000-0x387fffffffff window]
[    2.362674] pci_bus 0000:17: root bus resource [bus 17-39]
[    2.362683] pci 0000:17:05.0: [8086:2034] type 00 class 0x088000
[    2.362810] pci 0000:17:05.2: [8086:2035] type 00 class 0x088000
[    2.362932] pci 0000:17:05.4: [8086:2036] type 00 class 0x080020
[    2.362947] pci 0000:17:05.4: reg 0x10: [mem 0x9d800000-0x9d800fff]
[    2.363087] pci 0000:17:08.0: [8086:208d] type 00 class 0x088000
[    2.363190] pci 0000:17:08.1: [8086:208d] type 00 class 0x088000
[    2.363287] pci 0000:17:08.2: [8086:208d] type 00 class 0x088000
[    2.363385] pci 0000:17:08.3: [8086:208d] type 00 class 0x088000
[    2.363482] pci 0000:17:08.4: [8086:208d] type 00 class 0x088000
[    2.363579] pci 0000:17:08.5: [8086:208d] type 00 class 0x088000
[    2.363675] pci 0000:17:08.6: [8086:208d] type 00 class 0x088000
[    2.363775] pci 0000:17:08.7: [8086:208d] type 00 class 0x088000
[    2.363875] pci 0000:17:09.0: [8086:208d] type 00 class 0x088000
[    2.363976] pci 0000:17:09.1: [8086:208d] type 00 class 0x088000
[    2.364072] pci 0000:17:09.2: [8086:208d] type 00 class 0x088000
[    2.364169] pci 0000:17:09.3: [8086:208d] type 00 class 0x088000
[    2.364265] pci 0000:17:09.4: [8086:208d] type 00 class 0x088000
[    2.364362] pci 0000:17:09.5: [8086:208d] type 00 class 0x088000
[    2.364458] pci 0000:17:09.6: [8086:208d] type 00 class 0x088000
[    2.364555] pci 0000:17:09.7: [8086:208d] type 00 class 0x088000
[    2.364651] pci 0000:17:0a.0: [8086:208d] type 00 class 0x088000
[    2.364754] pci 0000:17:0a.1: [8086:208d] type 00 class 0x088000
[    2.364853] pci 0000:17:0a.2: [8086:208d] type 00 class 0x088000
[    2.364951] pci 0000:17:0a.3: [8086:208d] type 00 class 0x088000
[    2.365047] pci 0000:17:0a.4: [8086:208d] type 00 class 0x088000
[    2.365146] pci 0000:17:0a.5: [8086:208d] type 00 class 0x088000
[    2.365242] pci 0000:17:0a.6: [8086:208d] type 00 class 0x088000
[    2.365340] pci 0000:17:0a.7: [8086:208d] type 00 class 0x088000
[    2.365436] pci 0000:17:0b.0: [8086:208d] type 00 class 0x088000
[    2.365539] pci 0000:17:0b.1: [8086:208d] type 00 class 0x088000
[    2.365636] pci 0000:17:0b.2: [8086:208d] type 00 class 0x088000
[    2.365733] pci 0000:17:0b.3: [8086:208d] type 00 class 0x088000
[    2.365835] pci 0000:17:0e.0: [8086:208e] type 00 class 0x088000
[    2.365937] pci 0000:17:0e.1: [8086:208e] type 00 class 0x088000
[    2.366033] pci 0000:17:0e.2: [8086:208e] type 00 class 0x088000
[    2.366130] pci 0000:17:0e.3: [8086:208e] type 00 class 0x088000
[    2.366226] pci 0000:17:0e.4: [8086:208e] type 00 class 0x088000
[    2.366324] pci 0000:17:0e.5: [8086:208e] type 00 class 0x088000
[    2.366419] pci 0000:17:0e.6: [8086:208e] type 00 class 0x088000
[    2.366516] pci 0000:17:0e.7: [8086:208e] type 00 class 0x088000
[    2.366612] pci 0000:17:0f.0: [8086:208e] type 00 class 0x088000
[    2.366715] pci 0000:17:0f.1: [8086:208e] type 00 class 0x088000
[    2.366815] pci 0000:17:0f.2: [8086:208e] type 00 class 0x088000
[    2.366916] pci 0000:17:0f.3: [8086:208e] type 00 class 0x088000
[    2.367013] pci 0000:17:0f.4: [8086:208e] type 00 class 0x088000
[    2.367111] pci 0000:17:0f.5: [8086:208e] type 00 class 0x088000
[    2.367207] pci 0000:17:0f.6: [8086:208e] type 00 class 0x088000
[    2.367305] pci 0000:17:0f.7: [8086:208e] type 00 class 0x088000
[    2.367402] pci 0000:17:10.0: [8086:208e] type 00 class 0x088000
[    2.367503] pci 0000:17:10.1: [8086:208e] type 00 class 0x088000
[    2.367600] pci 0000:17:10.2: [8086:208e] type 00 class 0x088000
[    2.367697] pci 0000:17:10.3: [8086:208e] type 00 class 0x088000
[    2.367796] pci 0000:17:10.4: [8086:208e] type 00 class 0x088000
[    2.367898] pci 0000:17:10.5: [8086:208e] type 00 class 0x088000
[    2.367995] pci 0000:17:10.6: [8086:208e] type 00 class 0x088000
[    2.368093] pci 0000:17:10.7: [8086:208e] type 00 class 0x088000
[    2.368190] pci 0000:17:11.0: [8086:208e] type 00 class 0x088000
[    2.368292] pci 0000:17:11.1: [8086:208e] type 00 class 0x088000
[    2.368389] pci 0000:17:11.2: [8086:208e] type 00 class 0x088000
[    2.368486] pci 0000:17:11.3: [8086:208e] type 00 class 0x088000
[    2.368595] pci 0000:17:1d.0: [8086:2054] type 00 class 0x088000
[    2.368698] pci 0000:17:1d.1: [8086:2055] type 00 class 0x088000
[    2.368797] pci 0000:17:1d.2: [8086:2056] type 00 class 0x088000
[    2.368897] pci 0000:17:1d.3: [8086:2057] type 00 class 0x088000
[    2.368998] pci 0000:17:1e.0: [8086:2080] type 00 class 0x088000
[    2.369099] pci 0000:17:1e.1: [8086:2081] type 00 class 0x088000
[    2.369196] pci 0000:17:1e.2: [8086:2082] type 00 class 0x088000
[    2.369294] pci 0000:17:1e.3: [8086:2083] type 00 class 0x088000
[    2.369393] pci 0000:17:1e.4: [8086:2084] type 00 class 0x088000
[    2.369492] pci 0000:17:1e.5: [8086:2085] type 00 class 0x088000
[    2.369590] pci 0000:17:1e.6: [8086:2086] type 00 class 0x088000
[    2.369691] pci_bus 0000:17: on NUMA node 0
[    2.369774] ACPI: PCI Root Bridge [PC02] (domain 0000 [bus 3a-5c])
[    2.369777] acpi PNP0A08:02: _OSC: OS supports [ExtendedConfig ASPM ClockPM Segments MSI]
[    2.370116] acpi PNP0A08:02: _OSC: platform does not support [SHPCHotplug AER]
[    2.370306] acpi PNP0A08:02: _OSC: OS now controls [PCIeHotplug PME PCIeCapability]
[    2.370308] acpi PNP0A08:02: FADT indicates ASPM is unsupported, using BIOS configuration
[    2.370432] PCI host bridge to bus 0000:3a
[    2.370434] pci_bus 0000:3a: root bus resource [io  0x6000-0x7fff window]
[    2.370436] pci_bus 0000:3a: root bus resource [mem 0xab000000-0xb87fffff window]
[    2.370437] pci_bus 0000:3a: root bus resource [mem 0x388000000000-0x38bfffffffff window]
[    2.370439] pci_bus 0000:3a: root bus resource [bus 3a-5c]
[    2.370446] pci 0000:3a:00.0: [8086:2030] type 01 class 0x060400
[    2.370523] pci 0000:3a:00.0: PME# supported from D0 D3hot D3cold
[    2.370556] pci 0000:3a:00.0: System wakeup disabled by ACPI
[    2.370589] pci 0000:3a:05.0: [8086:2034] type 00 class 0x088000
[    2.370686] pci 0000:3a:05.2: [8086:2035] type 00 class 0x088000
[    2.370783] pci 0000:3a:05.4: [8086:2036] type 00 class 0x080020
[    2.370797] pci 0000:3a:05.4: reg 0x10: [mem 0xb0400000-0xb0400fff]
[    2.370915] pci 0000:3a:08.0: [8086:2066] type 00 class 0x088000
[    2.371007] pci 0000:3a:09.0: [8086:2066] type 00 class 0x088000
[    2.371099] pci 0000:3a:0a.0: [8086:2040] type 00 class 0x088000
[    2.371189] pci 0000:3a:0a.1: [8086:2041] type 00 class 0x088000
[    2.371274] pci 0000:3a:0a.2: [8086:2042] type 00 class 0x088000
[    2.371361] pci 0000:3a:0a.3: [8086:2043] type 00 class 0x088000
[    2.371448] pci 0000:3a:0a.4: [8086:2044] type 00 class 0x088000
[    2.371533] pci 0000:3a:0a.5: [8086:2045] type 00 class 0x088000
[    2.371619] pci 0000:3a:0a.6: [8086:2046] type 00 class 0x088000
[    2.371704] pci 0000:3a:0a.7: [8086:2047] type 00 class 0x088000
[    2.371794] pci 0000:3a:0b.0: [8086:2048] type 00 class 0x088000
[    2.371886] pci 0000:3a:0b.1: [8086:2049] type 00 class 0x088000
[    2.371973] pci 0000:3a:0b.2: [8086:204a] type 00 class 0x088000
[    2.372059] pci 0000:3a:0b.3: [8086:204b] type 00 class 0x088000
[    2.372148] pci 0000:3a:0c.0: [8086:2040] type 00 class 0x088000
[    2.372241] pci 0000:3a:0c.1: [8086:2041] type 00 class 0x088000
[    2.372327] pci 0000:3a:0c.2: [8086:2042] type 00 class 0x088000
[    2.372417] pci 0000:3a:0c.3: [8086:2043] type 00 class 0x088000
[    2.372506] pci 0000:3a:0c.4: [8086:2044] type 00 class 0x088000
[    2.372594] pci 0000:3a:0c.5: [8086:2045] type 00 class 0x088000
[    2.372681] pci 0000:3a:0c.6: [8086:2046] type 00 class 0x088000
[    2.372771] pci 0000:3a:0c.7: [8086:2047] type 00 class 0x088000
[    2.372859] pci 0000:3a:0d.0: [8086:2048] type 00 class 0x088000
[    2.372952] pci 0000:3a:0d.1: [8086:2049] type 00 class 0x088000
[    2.373040] pci 0000:3a:0d.2: [8086:204a] type 00 class 0x088000
[    2.373127] pci 0000:3a:0d.3: [8086:204b] type 00 class 0x088000
[    2.373267] pci 0000:3b:00.0: [8086:37c0] type 01 class 0x060400
[    2.373291] pci 0000:3b:00.0: reg 0x10: [mem 0xb0300000-0xb031ffff 64bit]
[    2.373305] pci 0000:3b:00.0: reg 0x38: [mem 0xfff00000-0xffffffff pref]
[    2.373361] pci 0000:3b:00.0: PME# supported from D0 D3hot D3cold
[    2.373393] pci 0000:3b:00.0: System wakeup disabled by ACPI
[    2.373438] pci 0000:3a:00.0: PCI bridge to [bus 3b-3e]
[    2.373441] pci 0000:3a:00.0:   bridge window [mem 0xb0300000-0xb03fffff]
[    2.373444] pci 0000:3a:00.0:   bridge window [mem 0xab000000-0xb02fffff 64bit pref]
[    2.373501] pci 0000:3c:03.0: [8086:37c5] type 01 class 0x060400
[    2.373606] pci 0000:3c:03.0: PME# supported from D0 D3hot D3cold
[    2.373635] pci 0000:3c:03.0: System wakeup disabled by ACPI
[    2.373687] pci 0000:3b:00.0: PCI bridge to [bus 3c-3e]
[    2.373694] pci 0000:3b:00.0:   bridge window [mem 0xab000000-0xb02fffff 64bit pref]
[    2.373751] pci 0000:3d:00.0: [8086:37d2] type 00 class 0x020000
[    2.373783] pci 0000:3d:00.0: reg 0x10: [mem 0xae000000-0xaeffffff 64bit pref]
[    2.373818] pci 0000:3d:00.0: reg 0x1c: [mem 0xb0018000-0xb001ffff 64bit pref]
[    2.373846] pci 0000:3d:00.0: reg 0x30: [mem 0xfff80000-0xffffffff pref]
[    2.373914] pci 0000:3d:00.0: PME# supported from D0 D3hot D3cold
[    2.373948] pci 0000:3d:00.0: reg 0x184: [mem 0xafc00000-0xafc1ffff 64bit pref]
[    2.373950] pci 0000:3d:00.0: VF(n) BAR0 space: [mem 0xafc00000-0xafffffff 64bit pref] (contains BAR0 for 32 VFs)
[    2.373972] pci 0000:3d:00.0: reg 0x190: [mem 0xb01a0000-0xb01a3fff 64bit pref]
[    2.373974] pci 0000:3d:00.0: VF(n) BAR3 space: [mem 0xb01a0000-0xb021ffff 64bit pref] (contains BAR3 for 32 VFs)
[    2.374068] pci 0000:3d:00.0: 2.000 Gb/s available PCIe bandwidth, limited by 2.5 GT/s x1 link at 0000:3c:03.0 (capable of 7.876 Gb/s with 8 GT/s x1 link)
[    2.374116] pci 0000:3d:00.1: [8086:37d2] type 00 class 0x020000
[    2.374146] pci 0000:3d:00.1: reg 0x10: [mem 0xad000000-0xadffffff 64bit pref]
[    2.374181] pci 0000:3d:00.1: reg 0x1c: [mem 0xb0010000-0xb0017fff 64bit pref]
[    2.374209] pci 0000:3d:00.1: reg 0x30: [mem 0xfff80000-0xffffffff pref]
[    2.374275] pci 0000:3d:00.1: PME# supported from D0 D3hot D3cold
[    2.374304] pci 0000:3d:00.1: reg 0x184: [mem 0xaf800000-0xaf81ffff 64bit pref]
[    2.374305] pci 0000:3d:00.1: VF(n) BAR0 space: [mem 0xaf800000-0xafbfffff 64bit pref] (contains BAR0 for 32 VFs)
[    2.374327] pci 0000:3d:00.1: reg 0x190: [mem 0xb0120000-0xb0123fff 64bit pref]
[    2.374329] pci 0000:3d:00.1: VF(n) BAR3 space: [mem 0xb0120000-0xb019ffff 64bit pref] (contains BAR3 for 32 VFs)
[    2.374459] pci 0000:3d:00.2: [8086:37d2] type 00 class 0x020000
[    2.374489] pci 0000:3d:00.2: reg 0x10: [mem 0xac000000-0xacffffff 64bit pref]
[    2.374524] pci 0000:3d:00.2: reg 0x1c: [mem 0xb0008000-0xb000ffff 64bit pref]
[    2.374552] pci 0000:3d:00.2: reg 0x30: [mem 0xfff80000-0xffffffff pref]
[    2.374618] pci 0000:3d:00.2: PME# supported from D0 D3hot D3cold
[    2.374646] pci 0000:3d:00.2: reg 0x184: [mem 0xaf400000-0xaf41ffff 64bit pref]
[    2.374648] pci 0000:3d:00.2: VF(n) BAR0 space: [mem 0xaf400000-0xaf7fffff 64bit pref] (contains BAR0 for 32 VFs)
[    2.374669] pci 0000:3d:00.2: reg 0x190: [mem 0xb00a0000-0xb00a3fff 64bit pref]
[    2.374671] pci 0000:3d:00.2: VF(n) BAR3 space: [mem 0xb00a0000-0xb011ffff 64bit pref] (contains BAR3 for 32 VFs)
[    2.374802] pci 0000:3d:00.3: [8086:37d2] type 00 class 0x020000
[    2.374832] pci 0000:3d:00.3: reg 0x10: [mem 0xab000000-0xabffffff 64bit pref]
[    2.374867] pci 0000:3d:00.3: reg 0x1c: [mem 0xb0000000-0xb0007fff 64bit pref]
[    2.374897] pci 0000:3d:00.3: reg 0x30: [mem 0xfff80000-0xffffffff pref]
[    2.374964] pci 0000:3d:00.3: PME# supported from D0 D3hot D3cold
[    2.374993] pci 0000:3d:00.3: reg 0x184: [mem 0xaf000000-0xaf01ffff 64bit pref]
[    2.374994] pci 0000:3d:00.3: VF(n) BAR0 space: [mem 0xaf000000-0xaf3fffff 64bit pref] (contains BAR0 for 32 VFs)
[    2.375016] pci 0000:3d:00.3: reg 0x190: [mem 0xb0020000-0xb0023fff 64bit pref]
[    2.375018] pci 0000:3d:00.3: VF(n) BAR3 space: [mem 0xb0020000-0xb009ffff 64bit pref] (contains BAR3 for 32 VFs)
[    2.375174] pci 0000:3c:03.0: PCI bridge to [bus 3d-3e]
[    2.375181] pci 0000:3c:03.0:   bridge window [mem 0xab000000-0xb02fffff 64bit pref]
[    2.375214] pci_bus 0000:3a: on NUMA node 0
[    2.375288] ACPI: PCI Root Bridge [PC03] (domain 0000 [bus 5d-7f])
[    2.375290] acpi PNP0A08:03: _OSC: OS supports [ExtendedConfig ASPM ClockPM Segments MSI]
[    2.375617] acpi PNP0A08:03: _OSC: platform does not support [SHPCHotplug AER]
[    2.375810] acpi PNP0A08:03: _OSC: OS now controls [PCIeHotplug PME PCIeCapability]
[    2.375811] acpi PNP0A08:03: FADT indicates ASPM is unsupported, using BIOS configuration
[    2.375962] PCI host bridge to bus 0000:5d
[    2.375964] pci_bus 0000:5d: root bus resource [io  0x8000-0x9fff window]
[    2.375965] pci_bus 0000:5d: root bus resource [mem 0xb8800000-0xc5ffffff window]
[    2.375966] pci_bus 0000:5d: root bus resource [mem 0x38c000000000-0x38ffffffffff window]
[    2.375968] pci_bus 0000:5d: root bus resource [bus 5d-7f]
[    2.375977] pci 0000:5d:02.0: [8086:2032] type 01 class 0x060400
[    2.376060] pci 0000:5d:02.0: PME# supported from D0 D3hot D3cold
[    2.376094] pci 0000:5d:02.0: System wakeup disabled by ACPI
[    2.376129] pci 0000:5d:03.0: [8086:2033] type 01 class 0x060400
[    2.376210] pci 0000:5d:03.0: PME# supported from D0 D3hot D3cold
[    2.376244] pci 0000:5d:03.0: System wakeup disabled by ACPI
[    2.376275] pci 0000:5d:05.0: [8086:2034] type 00 class 0x088000
[    2.376376] pci 0000:5d:05.2: [8086:2035] type 00 class 0x088000
[    2.376474] pci 0000:5d:05.4: [8086:2036] type 00 class 0x080020
[    2.376489] pci 0000:5d:05.4: reg 0x10: [mem 0xb8800000-0xb8800fff]
[    2.376615] pci 0000:5d:0e.0: [8086:2058] type 00 class 0x110100
[    2.376705] pci 0000:5d:0e.1: [8086:2059] type 00 class 0x088000
[    2.376794] pci 0000:5d:0f.0: [8086:2058] type 00 class 0x110100
[    2.376885] pci 0000:5d:0f.1: [8086:2059] type 00 class 0x088000
[    2.376973] pci 0000:5d:10.0: [8086:2058] type 00 class 0x110100
[    2.377059] pci 0000:5d:10.1: [8086:2059] type 00 class 0x088000
[    2.377142] pci 0000:5d:12.0: [8086:204c] type 00 class 0x110100
[    2.377231] pci 0000:5d:12.1: [8086:204d] type 00 class 0x110100
[    2.377305] pci 0000:5d:12.2: [8086:204e] type 00 class 0x088000
[    2.377381] pci 0000:5d:12.4: [8086:204c] type 00 class 0x110100
[    2.377464] pci 0000:5d:12.5: [8086:204d] type 00 class 0x110100
[    2.377542] pci 0000:5d:15.0: [8086:2018] type 00 class 0x088000
[    2.377621] pci 0000:5d:15.1: [8086:2088] type 00 class 0x110100
[    2.377697] pci 0000:5d:16.0: [8086:2018] type 00 class 0x088000
[    2.377775] pci 0000:5d:16.1: [8086:2088] type 00 class 0x110100
[    2.377849] pci 0000:5d:16.4: [8086:2018] type 00 class 0x088000
[    2.377926] pci 0000:5d:16.5: [8086:2088] type 00 class 0x110100
[    2.378001] pci 0000:5d:17.0: [8086:2018] type 00 class 0x088000
[    2.378078] pci 0000:5d:17.1: [8086:2088] type 00 class 0x110100
[    2.378191] pci 0000:5d:02.0: PCI bridge to [bus 5e]
[    2.378230] pci 0000:5d:03.0: PCI bridge to [bus 5f]
[    2.378256] pci_bus 0000:5d: on NUMA node 0
[    2.378367] ACPI: PCI Root Bridge [PC06] (domain 0000 [bus 80-84])
[    2.378370] acpi PNP0A08:06: _OSC: OS supports [ExtendedConfig ASPM ClockPM Segments MSI]
[    2.378554] acpi PNP0A08:06: _OSC: platform does not support [SHPCHotplug AER]
[    2.378690] acpi PNP0A08:06: _OSC: OS now controls [PCIeHotplug PME PCIeCapability]
[    2.378691] acpi PNP0A08:06: FADT indicates ASPM is unsupported, using BIOS configuration
[    2.378821] PCI host bridge to bus 0000:80
[    2.378822] pci_bus 0000:80: root bus resource [io  0xa000-0xbfff window]
[    2.378824] pci_bus 0000:80: root bus resource [mem 0xc6000000-0xd37fffff window]
[    2.378826] pci_bus 0000:80: root bus resource [mem 0x390000000000-0x393fffffffff window]
[    2.378827] pci_bus 0000:80: root bus resource [bus 80-84]
[    2.378836] pci 0000:80:04.0: [8086:2021] type 00 class 0x088000
[    2.378858] pci 0000:80:04.0: reg 0x10: [mem 0x393ffff1c000-0x393ffff1ffff 64bit]
[    2.378988] pci 0000:80:04.1: [8086:2021] type 00 class 0x088000
[    2.379009] pci 0000:80:04.1: reg 0x10: [mem 0x393ffff18000-0x393ffff1bfff 64bit]
[    2.379133] pci 0000:80:04.2: [8086:2021] type 00 class 0x088000
[    2.379153] pci 0000:80:04.2: reg 0x10: [mem 0x393ffff14000-0x393ffff17fff 64bit]
[    2.379277] pci 0000:80:04.3: [8086:2021] type 00 class 0x088000
[    2.379297] pci 0000:80:04.3: reg 0x10: [mem 0x393ffff10000-0x393ffff13fff 64bit]
[    2.379420] pci 0000:80:04.4: [8086:2021] type 00 class 0x088000
[    2.379440] pci 0000:80:04.4: reg 0x10: [mem 0x393ffff0c000-0x393ffff0ffff 64bit]
[    2.379562] pci 0000:80:04.5: [8086:2021] type 00 class 0x088000
[    2.379583] pci 0000:80:04.5: reg 0x10: [mem 0x393ffff08000-0x393ffff0bfff 64bit]
[    2.379706] pci 0000:80:04.6: [8086:2021] type 00 class 0x088000
[    2.379726] pci 0000:80:04.6: reg 0x10: [mem 0x393ffff04000-0x393ffff07fff 64bit]
[    2.379849] pci 0000:80:04.7: [8086:2021] type 00 class 0x088000
[    2.379870] pci 0000:80:04.7: reg 0x10: [mem 0x393ffff00000-0x393ffff03fff 64bit]
[    2.379994] pci 0000:80:05.0: [8086:2024] type 00 class 0x088000
[    2.380096] pci 0000:80:05.2: [8086:2025] type 00 class 0x088000
[    2.380199] pci 0000:80:05.4: [8086:2026] type 00 class 0x080020
[    2.380213] pci 0000:80:05.4: reg 0x10: [mem 0xc6000000-0xc6000fff]
[    2.380339] pci 0000:80:08.0: [8086:2014] type 00 class 0x088000
[    2.380427] pci 0000:80:08.1: [8086:2015] type 00 class 0x110100
[    2.380507] pci 0000:80:08.2: [8086:2016] type 00 class 0x088000
[    2.380606] pci_bus 0000:80: on NUMA node 1
[    2.380671] ACPI: PCI Root Bridge [PC07] (domain 0000 [bus 85-ad])
[    2.380674] acpi PNP0A08:07: _OSC: OS supports [ExtendedConfig ASPM ClockPM Segments MSI]
[    2.381006] acpi PNP0A08:07: _OSC: platform does not support [SHPCHotplug AER]
[    2.381194] acpi PNP0A08:07: _OSC: OS now controls [PCIeHotplug PME PCIeCapability]
[    2.381195] acpi PNP0A08:07: FADT indicates ASPM is unsupported, using BIOS configuration
[    2.381419] PCI host bridge to bus 0000:85
[    2.381421] pci_bus 0000:85: root bus resource [io  0xc000-0xdfff window]
[    2.381423] pci_bus 0000:85: root bus resource [mem 0xd3800000-0xe0ffffff window]
[    2.381424] pci_bus 0000:85: root bus resource [mem 0x394000000000-0x397fffffffff window]
[    2.381426] pci_bus 0000:85: root bus resource [bus 85-ad]
[    2.381435] pci 0000:85:05.0: [8086:2034] type 00 class 0x088000
[    2.381563] pci 0000:85:05.2: [8086:2035] type 00 class 0x088000
[    2.381686] pci 0000:85:05.4: [8086:2036] type 00 class 0x080020
[    2.381701] pci 0000:85:05.4: reg 0x10: [mem 0xd3800000-0xd3800fff]
[    2.381851] pci 0000:85:08.0: [8086:208d] type 00 class 0x088000
[    2.381957] pci 0000:85:08.1: [8086:208d] type 00 class 0x088000
[    2.382059] pci 0000:85:08.2: [8086:208d] type 00 class 0x088000
[    2.382159] pci 0000:85:08.3: [8086:208d] type 00 class 0x088000
[    2.382259] pci 0000:85:08.4: [8086:208d] type 00 class 0x088000
[    2.382359] pci 0000:85:08.5: [8086:208d] type 00 class 0x088000
[    2.382460] pci 0000:85:08.6: [8086:208d] type 00 class 0x088000
[    2.382559] pci 0000:85:08.7: [8086:208d] type 00 class 0x088000
[    2.382659] pci 0000:85:09.0: [8086:208d] type 00 class 0x088000
[    2.382762] pci 0000:85:09.1: [8086:208d] type 00 class 0x088000
[    2.382867] pci 0000:85:09.2: [8086:208d] type 00 class 0x088000
[    2.382969] pci 0000:85:09.3: [8086:208d] type 00 class 0x088000
[    2.383073] pci 0000:85:09.4: [8086:208d] type 00 class 0x088000
[    2.383172] pci 0000:85:09.5: [8086:208d] type 00 class 0x088000
[    2.383273] pci 0000:85:09.6: [8086:208d] type 00 class 0x088000
[    2.383371] pci 0000:85:09.7: [8086:208d] type 00 class 0x088000
[    2.383473] pci 0000:85:0a.0: [8086:208d] type 00 class 0x088000
[    2.383578] pci 0000:85:0a.1: [8086:208d] type 00 class 0x088000
[    2.383679] pci 0000:85:0a.2: [8086:208d] type 00 class 0x088000
[    2.383778] pci 0000:85:0a.3: [8086:208d] type 00 class 0x088000
[    2.383882] pci 0000:85:0a.4: [8086:208d] type 00 class 0x088000
[    2.383983] pci 0000:85:0a.5: [8086:208d] type 00 class 0x088000
[    2.384085] pci 0000:85:0a.6: [8086:208d] type 00 class 0x088000
[    2.384184] pci 0000:85:0a.7: [8086:208d] type 00 class 0x088000
[    2.384285] pci 0000:85:0b.0: [8086:208d] type 00 class 0x088000
[    2.384389] pci 0000:85:0b.1: [8086:208d] type 00 class 0x088000
[    2.384492] pci 0000:85:0b.2: [8086:208d] type 00 class 0x088000
[    2.384590] pci 0000:85:0b.3: [8086:208d] type 00 class 0x088000
[    2.384696] pci 0000:85:0e.0: [8086:208e] type 00 class 0x088000
[    2.384802] pci 0000:85:0e.1: [8086:208e] type 00 class 0x088000
[    2.384902] pci 0000:85:0e.2: [8086:208e] type 00 class 0x088000
[    2.385004] pci 0000:85:0e.3: [8086:208e] type 00 class 0x088000
[    2.385104] pci 0000:85:0e.4: [8086:208e] type 00 class 0x088000
[    2.385204] pci 0000:85:0e.5: [8086:208e] type 00 class 0x088000
[    2.385304] pci 0000:85:0e.6: [8086:208e] type 00 class 0x088000
[    2.385403] pci 0000:85:0e.7: [8086:208e] type 00 class 0x088000
[    2.385504] pci 0000:85:0f.0: [8086:208e] type 00 class 0x088000
[    2.385607] pci 0000:85:0f.1: [8086:208e] type 00 class 0x088000
[    2.385708] pci 0000:85:0f.2: [8086:208e] type 00 class 0x088000
[    2.385808] pci 0000:85:0f.3: [8086:208e] type 00 class 0x088000
[    2.385911] pci 0000:85:0f.4: [8086:208e] type 00 class 0x088000
[    2.386012] pci 0000:85:0f.5: [8086:208e] type 00 class 0x088000
[    2.386112] pci 0000:85:0f.6: [8086:208e] type 00 class 0x088000
[    2.386212] pci 0000:85:0f.7: [8086:208e] type 00 class 0x088000
[    2.386313] pci 0000:85:10.0: [8086:208e] type 00 class 0x088000
[    2.386416] pci 0000:85:10.1: [8086:208e] type 00 class 0x088000
[    2.386517] pci 0000:85:10.2: [8086:208e] type 00 class 0x088000
[    2.386617] pci 0000:85:10.3: [8086:208e] type 00 class 0x088000
[    2.386718] pci 0000:85:10.4: [8086:208e] type 00 class 0x088000
[    2.386821] pci 0000:85:10.5: [8086:208e] type 00 class 0x088000
[    2.386924] pci 0000:85:10.6: [8086:208e] type 00 class 0x088000
[    2.387024] pci 0000:85:10.7: [8086:208e] type 00 class 0x088000
[    2.387126] pci 0000:85:11.0: [8086:208e] type 00 class 0x088000
[    2.387229] pci 0000:85:11.1: [8086:208e] type 00 class 0x088000
[    2.387332] pci 0000:85:11.2: [8086:208e] type 00 class 0x088000
[    2.387431] pci 0000:85:11.3: [8086:208e] type 00 class 0x088000
[    2.387545] pci 0000:85:1d.0: [8086:2054] type 00 class 0x088000
[    2.387649] pci 0000:85:1d.1: [8086:2055] type 00 class 0x088000
[    2.387751] pci 0000:85:1d.2: [8086:2056] type 00 class 0x088000
[    2.387853] pci 0000:85:1d.3: [8086:2057] type 00 class 0x088000
[    2.387961] pci 0000:85:1e.0: [8086:2080] type 00 class 0x088000
[    2.388064] pci 0000:85:1e.1: [8086:2081] type 00 class 0x088000
[    2.388164] pci 0000:85:1e.2: [8086:2082] type 00 class 0x088000
[    2.388264] pci 0000:85:1e.3: [8086:2083] type 00 class 0x088000
[    2.388365] pci 0000:85:1e.4: [8086:2084] type 00 class 0x088000
[    2.388466] pci 0000:85:1e.5: [8086:2085] type 00 class 0x088000
[    2.388567] pci 0000:85:1e.6: [8086:2086] type 00 class 0x088000
[    2.388669] pci_bus 0000:85: on NUMA node 1
[    2.388766] ACPI: PCI Root Bridge [PC08] (domain 0000 [bus ae-d6])
[    2.388769] acpi PNP0A08:08: _OSC: OS supports [ExtendedConfig ASPM ClockPM Segments MSI]
[    2.389097] acpi PNP0A08:08: _OSC: platform does not support [SHPCHotplug AER]
[    2.389285] acpi PNP0A08:08: _OSC: OS now controls [PCIeHotplug PME PCIeCapability]
[    2.389287] acpi PNP0A08:08: FADT indicates ASPM is unsupported, using BIOS configuration
[    2.389453] PCI host bridge to bus 0000:ae
[    2.389455] pci_bus 0000:ae: root bus resource [io  0xe000-0xefff window]
[    2.389457] pci_bus 0000:ae: root bus resource [mem 0xe1000000-0xee7fffff window]
[    2.389458] pci_bus 0000:ae: root bus resource [mem 0x398000000000-0x39bfffffffff window]
[    2.389460] pci_bus 0000:ae: root bus resource [bus ae-d6]
[    2.389468] pci 0000:ae:00.0: [8086:2030] type 01 class 0x060400
[    2.389550] pci 0000:ae:00.0: PME# supported from D0 D3hot D3cold
[    2.389585] pci 0000:ae:00.0: System wakeup disabled by ACPI
[    2.389621] pci 0000:ae:05.0: [8086:2034] type 00 class 0x088000
[    2.389721] pci 0000:ae:05.2: [8086:2035] type 00 class 0x088000
[    2.389823] pci 0000:ae:05.4: [8086:2036] type 00 class 0x080020
[    2.389837] pci 0000:ae:05.4: reg 0x10: [mem 0xe1100000-0xe1100fff]
[    2.389962] pci 0000:ae:08.0: [8086:2066] type 00 class 0x088000
[    2.390058] pci 0000:ae:09.0: [8086:2066] type 00 class 0x088000
[    2.390156] pci 0000:ae:0a.0: [8086:2040] type 00 class 0x088000
[    2.390249] pci 0000:ae:0a.1: [8086:2041] type 00 class 0x088000
[    2.390339] pci 0000:ae:0a.2: [8086:2042] type 00 class 0x088000
[    2.390430] pci 0000:ae:0a.3: [8086:2043] type 00 class 0x088000
[    2.390521] pci 0000:ae:0a.4: [8086:2044] type 00 class 0x088000
[    2.390611] pci 0000:ae:0a.5: [8086:2045] type 00 class 0x088000
[    2.390700] pci 0000:ae:0a.6: [8086:2046] type 00 class 0x088000
[    2.390793] pci 0000:ae:0a.7: [8086:2047] type 00 class 0x088000
[    2.390885] pci 0000:ae:0b.0: [8086:2048] type 00 class 0x088000
[    2.390980] pci 0000:ae:0b.1: [8086:2049] type 00 class 0x088000
[    2.391069] pci 0000:ae:0b.2: [8086:204a] type 00 class 0x088000
[    2.391159] pci 0000:ae:0b.3: [8086:204b] type 00 class 0x088000
[    2.391252] pci 0000:ae:0c.0: [8086:2040] type 00 class 0x088000
[    2.391346] pci 0000:ae:0c.1: [8086:2041] type 00 class 0x088000
[    2.391438] pci 0000:ae:0c.2: [8086:2042] type 00 class 0x088000
[    2.391529] pci 0000:ae:0c.3: [8086:2043] type 00 class 0x088000
[    2.391623] pci 0000:ae:0c.4: [8086:2044] type 00 class 0x088000
[    2.391714] pci 0000:ae:0c.5: [8086:2045] type 00 class 0x088000
[    2.391808] pci 0000:ae:0c.6: [8086:2046] type 00 class 0x088000
[    2.391899] pci 0000:ae:0c.7: [8086:2047] type 00 class 0x088000
[    2.391992] pci 0000:ae:0d.0: [8086:2048] type 00 class 0x088000
[    2.392088] pci 0000:ae:0d.1: [8086:2049] type 00 class 0x088000
[    2.392178] pci 0000:ae:0d.2: [8086:204a] type 00 class 0x088000
[    2.392271] pci 0000:ae:0d.3: [8086:204b] type 00 class 0x088000
[    2.392417] pci 0000:af:00.0: [8086:1521] type 00 class 0x020000
[    2.392442] pci 0000:af:00.0: reg 0x10: [mem 0xe1060000-0xe107ffff]
[    2.392470] pci 0000:af:00.0: reg 0x18: [io  0xe060-0xe07f]
[    2.392485] pci 0000:af:00.0: reg 0x1c: [mem 0xe108c000-0xe108ffff]
[    2.392594] pci 0000:af:00.0: PME# supported from D0 D3hot D3cold
[    2.392629] pci 0000:af:00.0: reg 0x184: [mem 0x39bffffe0000-0x39bffffe3fff 64bit pref]
[    2.392630] pci 0000:af:00.0: VF(n) BAR0 space: [mem 0x39bffffe0000-0x39bfffffffff 64bit pref] (contains BAR0 for 8 VFs)
[    2.392653] pci 0000:af:00.0: reg 0x190: [mem 0x39bffffc0000-0x39bffffc3fff 64bit pref]
[    2.392654] pci 0000:af:00.0: VF(n) BAR3 space: [mem 0x39bffffc0000-0x39bffffdffff 64bit pref] (contains BAR3 for 8 VFs)
[    2.392700] pci 0000:af:00.0: 16.000 Gb/s available PCIe bandwidth, limited by 5 GT/s x4 link at 0000:ae:00.0 (capable of 31.504 Gb/s with 8 GT/s x4 link)
[    2.392740] pci 0000:af:00.1: [8086:1521] type 00 class 0x020000
[    2.392764] pci 0000:af:00.1: reg 0x10: [mem 0xe1040000-0xe105ffff]
[    2.392793] pci 0000:af:00.1: reg 0x18: [io  0xe040-0xe05f]
[    2.392808] pci 0000:af:00.1: reg 0x1c: [mem 0xe1088000-0xe108bfff]
[    2.392913] pci 0000:af:00.1: PME# supported from D0 D3hot D3cold
[    2.392943] pci 0000:af:00.1: reg 0x184: [mem 0x39bffffa0000-0x39bffffa3fff 64bit pref]
[    2.392944] pci 0000:af:00.1: VF(n) BAR0 space: [mem 0x39bffffa0000-0x39bffffbffff 64bit pref] (contains BAR0 for 8 VFs)
[    2.392966] pci 0000:af:00.1: reg 0x190: [mem 0x39bffff80000-0x39bffff83fff 64bit pref]
[    2.392968] pci 0000:af:00.1: VF(n) BAR3 space: [mem 0x39bffff80000-0x39bffff9ffff 64bit pref] (contains BAR3 for 8 VFs)
[    2.393045] pci 0000:af:00.2: [8086:1521] type 00 class 0x020000
[    2.393068] pci 0000:af:00.2: reg 0x10: [mem 0xe1020000-0xe103ffff]
[    2.393096] pci 0000:af:00.2: reg 0x18: [io  0xe020-0xe03f]
[    2.393111] pci 0000:af:00.2: reg 0x1c: [mem 0xe1084000-0xe1087fff]
[    2.393216] pci 0000:af:00.2: PME# supported from D0 D3hot D3cold
[    2.393244] pci 0000:af:00.2: reg 0x184: [mem 0x39bffff60000-0x39bffff63fff 64bit pref]
[    2.393246] pci 0000:af:00.2: VF(n) BAR0 space: [mem 0x39bffff60000-0x39bffff7ffff 64bit pref] (contains BAR0 for 8 VFs)
[    2.393268] pci 0000:af:00.2: reg 0x190: [mem 0x39bffff40000-0x39bffff43fff 64bit pref]
[    2.393269] pci 0000:af:00.2: VF(n) BAR3 space: [mem 0x39bffff40000-0x39bffff5ffff 64bit pref] (contains BAR3 for 8 VFs)
[    2.393346] pci 0000:af:00.3: [8086:1521] type 00 class 0x020000
[    2.393369] pci 0000:af:00.3: reg 0x10: [mem 0xe1000000-0xe101ffff]
[    2.393397] pci 0000:af:00.3: reg 0x18: [io  0xe000-0xe01f]
[    2.393412] pci 0000:af:00.3: reg 0x1c: [mem 0xe1080000-0xe1083fff]
[    2.393517] pci 0000:af:00.3: PME# supported from D0 D3hot D3cold
[    2.393545] pci 0000:af:00.3: reg 0x184: [mem 0x39bffff20000-0x39bffff23fff 64bit pref]
