[Tue Feb 27 10:05:58 2024] microcode: microcode updated early to revision 0x5003302, date = 2021-12-10
[Tue Feb 27 10:05:58 2024] Initializing cgroup subsys cpuset
[Tue Feb 27 10:05:58 2024] Initializing cgroup subsys cpu
[Tue Feb 27 10:05:58 2024] Initializing cgroup subsys cpuacct
[Tue Feb 27 10:05:58 2024] Linux version 3.10.0-1160.90.1.el7.x86_64 (mockbuild@kbuilder.bsys.centos.org) (gcc version 4.8.5 20150623 (Red Hat 4.8.5-44) (GCC) ) #1 SMP Thu May 4 15:21:22 UTC 2023
[Tue Feb 27 10:05:58 2024] Command line: BOOT_IMAGE=/vmlinuz-3.10.0-1160.90.1.el7.x86_64 root=/dev/mapper/vg_main-lv_root ro crashkernel=auto rd.lvm.lv=vg_main/lv_root rhgb quiet
[Tue Feb 27 10:05:58 2024] e820: BIOS-provided physical RAM map:
[Tue Feb 27 10:05:58 2024] BIOS-e820: [mem 0x0000000000000000-0x000000000009abff] usable
[Tue Feb 27 10:05:58 2024] BIOS-e820: [mem 0x000000000009ac00-0x000000000009ffff] reserved
[Tue Feb 27 10:05:58 2024] BIOS-e820: [mem 0x00000000000e0000-0x00000000000fffff] reserved
[Tue Feb 27 10:05:58 2024] BIOS-e820: [mem 0x0000000000100000-0x000000005cdecfff] usable
[Tue Feb 27 10:05:58 2024] BIOS-e820: [mem 0x000000005cded000-0x000000005d0d7fff] ACPI data
[Tue Feb 27 10:05:58 2024] BIOS-e820: [mem 0x000000005d0d8000-0x000000005f705fff] usable
[Tue Feb 27 10:05:58 2024] BIOS-e820: [mem 0x000000005f706000-0x000000005f760fff] ACPI data
[Tue Feb 27 10:05:58 2024] BIOS-e820: [mem 0x000000005f761000-0x000000005f7c8fff] usable
[Tue Feb 27 10:05:58 2024] BIOS-e820: [mem 0x000000005f7c9000-0x000000005f7f7fff] ACPI data
[Tue Feb 27 10:05:58 2024] BIOS-e820: [mem 0x000000005f7f8000-0x000000005fcd3fff] usable
[Tue Feb 27 10:05:58 2024] BIOS-e820: [mem 0x000000005fcd4000-0x000000005fefafff] reserved
[Tue Feb 27 10:05:58 2024] BIOS-e820: [mem 0x000000005fefb000-0x00000000638affff] usable
[Tue Feb 27 10:05:58 2024] BIOS-e820: [mem 0x00000000638b0000-0x0000000063963fff] reserved
[Tue Feb 27 10:05:58 2024] BIOS-e820: [mem 0x0000000063964000-0x0000000063fc2fff] usable
[Tue Feb 27 10:05:58 2024] BIOS-e820: [mem 0x0000000063fc3000-0x000000006404bfff] reserved
[Tue Feb 27 10:05:58 2024] BIOS-e820: [mem 0x000000006404c000-0x0000000064347fff] usable
[Tue Feb 27 10:05:58 2024] BIOS-e820: [mem 0x0000000064348000-0x0000000064b49fff] reserved
[Tue Feb 27 10:05:58 2024] BIOS-e820: [mem 0x0000000064b4a000-0x0000000064c2cfff] usable
[Tue Feb 27 10:05:58 2024] BIOS-e820: [mem 0x0000000064c2d000-0x0000000065c2cfff] reserved
[Tue Feb 27 10:05:58 2024] BIOS-e820: [mem 0x0000000065c2d000-0x000000006756cfff] usable
[Tue Feb 27 10:05:58 2024] BIOS-e820: [mem 0x000000006756d000-0x000000006786cfff] reserved
[Tue Feb 27 10:05:58 2024] BIOS-e820: [mem 0x000000006786d000-0x000000006829cfff] ACPI NVS
[Tue Feb 27 10:05:58 2024] BIOS-e820: [mem 0x000000006829d000-0x000000006839cfff] ACPI data
[Tue Feb 27 10:05:58 2024] BIOS-e820: [mem 0x000000006839d000-0x000000006f7fffff] usable
[Tue Feb 27 10:05:58 2024] BIOS-e820: [mem 0x000000006f800000-0x000000008fffffff] reserved
[Tue Feb 27 10:05:58 2024] BIOS-e820: [mem 0x00000000fd000000-0x00000000fe7fffff] reserved
[Tue Feb 27 10:05:58 2024] BIOS-e820: [mem 0x00000000fec00000-0x00000000fec00fff] reserved
[Tue Feb 27 10:05:58 2024] BIOS-e820: [mem 0x00000000fec80000-0x00000000fed00fff] reserved
[Tue Feb 27 10:05:58 2024] BIOS-e820: [mem 0x00000000ff800000-0x0000000100bfffff] reserved
[Tue Feb 27 10:05:58 2024] BIOS-e820: [mem 0x0000000100c00000-0x000000303fffffff] usable
[Tue Feb 27 10:05:58 2024] NX (Execute Disable) protection: active
[Tue Feb 27 10:05:58 2024] SMBIOS 2.8 present.
[Tue Feb 27 10:05:58 2024] DMI: Intel Corporation S2600WFT/S2600WFT, BIOS SE5C620.86B.02.01.0013.121520200651 12/15/2020
[Tue Feb 27 10:05:58 2024] e820: update [mem 0x00000000-0x00000fff] usable ==> reserved
[Tue Feb 27 10:05:58 2024] e820: remove [mem 0x000a0000-0x000fffff] usable
[Tue Feb 27 10:05:58 2024] e820: last_pfn = 0x3040000 max_arch_pfn = 0x400000000
[Tue Feb 27 10:05:58 2024] MTRR default type: uncachable
[Tue Feb 27 10:05:58 2024] MTRR fixed ranges enabled:
[Tue Feb 27 10:05:58 2024]   00000-9FFFF write-back
[Tue Feb 27 10:05:58 2024]   A0000-FFFFF uncachable
[Tue Feb 27 10:05:58 2024] MTRR variable ranges enabled:
[Tue Feb 27 10:05:58 2024]   0 base 000000000000 mask 3FE000000000 write-back
[Tue Feb 27 10:05:58 2024]   1 base 002000000000 mask 3FF000000000 write-back
[Tue Feb 27 10:05:58 2024]   2 base 003000000000 mask 3FFFC0000000 write-back
[Tue Feb 27 10:05:58 2024]   3 base 000080000000 mask 3FFF80000000 uncachable
[Tue Feb 27 10:05:58 2024]   4 base 00007F000000 mask 3FFFFF000000 uncachable
[Tue Feb 27 10:05:58 2024]   5 disabled
[Tue Feb 27 10:05:58 2024]   6 disabled
[Tue Feb 27 10:05:58 2024]   7 disabled
[Tue Feb 27 10:05:58 2024]   8 disabled
[Tue Feb 27 10:05:58 2024]   9 disabled
[Tue Feb 27 10:05:58 2024] PAT configuration [0-7]: WB  WC  UC- UC  WB  WP  UC- UC  
[Tue Feb 27 10:05:58 2024] original variable MTRRs
[Tue Feb 27 10:05:58 2024] reg 0, base: 0GB, range: 128GB, type WB
[Tue Feb 27 10:05:58 2024] reg 1, base: 128GB, range: 64GB, type WB
[Tue Feb 27 10:05:58 2024] reg 2, base: 192GB, range: 1GB, type WB
[Tue Feb 27 10:05:58 2024] reg 3, base: 2GB, range: 2GB, type UC
[Tue Feb 27 10:05:58 2024] reg 4, base: 2032MB, range: 16MB, type UC
[Tue Feb 27 10:05:58 2024] total RAM covered: 195568M
[Tue Feb 27 10:05:58 2024] Found optimal setting for mtrr clean up
[Tue Feb 27 10:05:58 2024]  gran_size: 64K 	chunk_size: 32M 	num_reg: 9  	lose cover RAM: 0G
[Tue Feb 27 10:05:58 2024] New variable MTRRs
[Tue Feb 27 10:05:58 2024] reg 0, base: 0GB, range: 2GB, type WB
[Tue Feb 27 10:05:58 2024] reg 1, base: 2032MB, range: 16MB, type UC
[Tue Feb 27 10:05:58 2024] reg 2, base: 4GB, range: 4GB, type WB
[Tue Feb 27 10:05:58 2024] reg 3, base: 8GB, range: 8GB, type WB
[Tue Feb 27 10:05:58 2024] reg 4, base: 16GB, range: 16GB, type WB
[Tue Feb 27 10:05:58 2024] reg 5, base: 32GB, range: 32GB, type WB
[Tue Feb 27 10:05:58 2024] reg 6, base: 64GB, range: 64GB, type WB
[Tue Feb 27 10:05:58 2024] reg 7, base: 128GB, range: 64GB, type WB
[Tue Feb 27 10:05:58 2024] reg 8, base: 192GB, range: 1GB, type WB
[Tue Feb 27 10:05:58 2024] e820: update [mem 0x7f000000-0xffffffff] usable ==> reserved
[Tue Feb 27 10:05:58 2024] e820: last_pfn = 0x6f800 max_arch_pfn = 0x400000000
[Tue Feb 27 10:05:58 2024] Base memory trampoline at [ffffa00b80094000] 94000 size 24576
[Tue Feb 27 10:05:58 2024] Using GB pages for direct mapping
[Tue Feb 27 10:05:58 2024] BRK [0x22932a5000, 0x22932a5fff] PGTABLE
[Tue Feb 27 10:05:58 2024] BRK [0x22932a6000, 0x22932a6fff] PGTABLE
[Tue Feb 27 10:05:58 2024] BRK [0x22932a7000, 0x22932a7fff] PGTABLE
[Tue Feb 27 10:05:58 2024] BRK [0x22932a8000, 0x22932a8fff] PGTABLE
[Tue Feb 27 10:05:58 2024] BRK [0x22932a9000, 0x22932a9fff] PGTABLE
[Tue Feb 27 10:05:58 2024] BRK [0x22932aa000, 0x22932aafff] PGTABLE
[Tue Feb 27 10:05:58 2024] BRK [0x22932ab000, 0x22932abfff] PGTABLE
[Tue Feb 27 10:05:58 2024] BRK [0x22932ac000, 0x22932acfff] PGTABLE
[Tue Feb 27 10:05:58 2024] BRK [0x22932ad000, 0x22932adfff] PGTABLE
[Tue Feb 27 10:05:58 2024] BRK [0x22932ae000, 0x22932aefff] PGTABLE
[Tue Feb 27 10:05:58 2024] BRK [0x22932af000, 0x22932affff] PGTABLE
[Tue Feb 27 10:05:58 2024] BRK [0x22932b0000, 0x22932b0fff] PGTABLE
[Tue Feb 27 10:05:58 2024] RAMDISK: [mem 0x35624000-0x36b09fff]
[Tue Feb 27 10:05:58 2024] Early table checksum verification disabled
[Tue Feb 27 10:05:58 2024] ACPI: RSDP 00000000000f0510 00024 (v02 INTEL )
[Tue Feb 27 10:05:58 2024] ACPI: XSDT 00000000682bb188 000FC (v01 INTEL  S2600WF  00000000 INTL 20091013)
[Tue Feb 27 10:05:58 2024] ACPI: FACP 0000000068399000 0010C (v05 INTEL  S2600WF  00000000 INTL 20091013)
[Tue Feb 27 10:05:58 2024] ACPI: DSDT 000000005cded000 2EA8F4 (v02 INTEL  S2600WF  00000003 INTL 20091013)
[Tue Feb 27 10:05:58 2024] ACPI: FACS 00000000681de000 00040
[Tue Feb 27 10:05:58 2024] ACPI: SSDT 000000006839a000 004B0 (v02 INTEL  S2600WF  00000000 MSFT 0100000D)
[Tue Feb 27 10:05:58 2024] ACPI: UEFI 0000000068242000 00042 (v01 INTEL  S2600WF  00000002 INTL 20091013)
[Tue Feb 27 10:05:58 2024] ACPI: UEFI 00000000681e0000 0005C (v01  INTEL RstUefiV 00000000      00000000)
[Tue Feb 27 10:05:58 2024] ACPI: HPET 0000000068398000 00038 (v01 INTEL  S2600WF  00000001 INTL 20091013)
[Tue Feb 27 10:05:58 2024] ACPI: APIC 0000000068396000 016DE (v03 INTEL  S2600WF  00000000 INTL 20091013)
[Tue Feb 27 10:05:58 2024] ACPI: MCFG 0000000068395000 0003C (v01 INTEL  S2600WF  00000001 INTL 20091013)
[Tue Feb 27 10:05:58 2024] ACPI: MSCT 0000000068394000 00090 (v01 INTEL  S2600WF  00000001 INTL 20091013)
[Tue Feb 27 10:05:58 2024] ACPI: PCAT 0000000068393000 00088 (v02 INTEL  S2600WF  00000002 INTL 20091013)
[Tue Feb 27 10:05:58 2024] ACPI: PCCT 0000000068392000 0006E (v01 INTEL  S2600WF  00000002 INTL 20091013)
[Tue Feb 27 10:05:58 2024] ACPI: RASF 0000000068391000 00030 (v01 INTEL  S2600WF  00000001 INTL 20091013)
[Tue Feb 27 10:05:58 2024] ACPI: SLIT 0000000068390000 0042C (v01 INTEL  S2600WF  00000001 INTL 20091013)
[Tue Feb 27 10:05:58 2024] ACPI: SRAT 000000006838d000 02D30 (v03 INTEL  S2600WF  00000002 INTL 20091013)
[Tue Feb 27 10:05:58 2024] ACPI: SPMI 000000006838c000 00041 (v05 INTEL  S2600WF  00000001 INTL 20091013)
[Tue Feb 27 10:05:58 2024] ACPI: WDDT 000000006838b000 00040 (v01 INTEL  S2600WF  00000000 INTL 20091013)
[Tue Feb 27 10:05:58 2024] ACPI: WSMT 000000006838a000 00028 (v01 INTEL  S2600WF  00000000 INTL 20091013)
[Tue Feb 27 10:05:58 2024] ACPI: OEM4 00000000682e7000 A27C4 (v02  INTEL CPU  CST 00003000 INTL 20140828)
[Tue Feb 27 10:05:58 2024] ACPI: OEM1 00000000682bc000 2A2C4 (v02  INTEL CPU EIST 00003000 INTL 20140828)
[Tue Feb 27 10:05:58 2024] ACPI: OEM2 000000005f7c9000 2EA84 (v02  INTEL CPU  HWP 00003000 INTL 20140828)
[Tue Feb 27 10:05:58 2024] ACPI: SSDT 000000005f72d000 33990 (v02 INTEL  S2600WF  00004000 INTL 20091013)
[Tue Feb 27 10:05:58 2024] ACPI: OEM3 000000005f706000 26664 (v02  INTEL CPU  TST 00003000 INTL 20140828)
[Tue Feb 27 10:05:58 2024] ACPI: SSDT 00000000682b8000 02B10 (v02 INTEL  S2600WF  00000002 INTL 20091013)
[Tue Feb 27 10:05:58 2024] ACPI: HEST 000000006839b000 000A8 (v01 INTEL  S2600WF  00000001 INTL 00000001)
[Tue Feb 27 10:05:58 2024] ACPI: BERT 00000000682b7000 00030 (v01 INTEL  S2600WF  00000001 INTL 00000001)
[Tue Feb 27 10:05:58 2024] ACPI: ERST 00000000682b6000 00230 (v01 INTEL  S2600WF  00000001 INTL 00000001)
[Tue Feb 27 10:05:58 2024] ACPI: EINJ 00000000682b5000 00150 (v01 INTEL  S2600WF  00000001 INTL 00000001)
[Tue Feb 27 10:05:58 2024] ACPI: BGRT 00000000682b4000 00038 (v01 INTEL  S2600WF  00000002 INTL 20091013)
[Tue Feb 27 10:05:58 2024] ACPI: Local APIC address 0xfee00000
[Tue Feb 27 10:05:58 2024] SRAT: PXM 0 -> APIC 0x00 -> Node 0
[Tue Feb 27 10:05:58 2024] SRAT: PXM 0 -> APIC 0x02 -> Node 0
[Tue Feb 27 10:05:58 2024] SRAT: PXM 0 -> APIC 0x04 -> Node 0
[Tue Feb 27 10:05:58 2024] SRAT: PXM 0 -> APIC 0x06 -> Node 0
[Tue Feb 27 10:05:58 2024] SRAT: PXM 0 -> APIC 0x08 -> Node 0
[Tue Feb 27 10:05:58 2024] SRAT: PXM 0 -> APIC 0x0a -> Node 0
[Tue Feb 27 10:05:58 2024] SRAT: PXM 0 -> APIC 0x0c -> Node 0
[Tue Feb 27 10:05:58 2024] SRAT: PXM 0 -> APIC 0x10 -> Node 0
[Tue Feb 27 10:05:58 2024] SRAT: PXM 0 -> APIC 0x12 -> Node 0
[Tue Feb 27 10:05:58 2024] SRAT: PXM 0 -> APIC 0x14 -> Node 0
[Tue Feb 27 10:05:58 2024] SRAT: PXM 0 -> APIC 0x16 -> Node 0
[Tue Feb 27 10:05:58 2024] SRAT: PXM 0 -> APIC 0x18 -> Node 0
[Tue Feb 27 10:05:58 2024] SRAT: PXM 0 -> APIC 0x1a -> Node 0
[Tue Feb 27 10:05:58 2024] SRAT: PXM 0 -> APIC 0x20 -> Node 0
[Tue Feb 27 10:05:58 2024] SRAT: PXM 0 -> APIC 0x22 -> Node 0
[Tue Feb 27 10:05:58 2024] SRAT: PXM 0 -> APIC 0x24 -> Node 0
[Tue Feb 27 10:05:58 2024] SRAT: PXM 0 -> APIC 0x26 -> Node 0
[Tue Feb 27 10:05:58 2024] SRAT: PXM 0 -> APIC 0x28 -> Node 0
[Tue Feb 27 10:05:58 2024] SRAT: PXM 0 -> APIC 0x2a -> Node 0
[Tue Feb 27 10:05:58 2024] SRAT: PXM 0 -> APIC 0x32 -> Node 0
[Tue Feb 27 10:05:58 2024] SRAT: PXM 0 -> APIC 0x34 -> Node 0
[Tue Feb 27 10:05:58 2024] SRAT: PXM 0 -> APIC 0x36 -> Node 0
[Tue Feb 27 10:05:58 2024] SRAT: PXM 0 -> APIC 0x38 -> Node 0
[Tue Feb 27 10:05:58 2024] SRAT: PXM 0 -> APIC 0x3a -> Node 0
[Tue Feb 27 10:05:58 2024] SRAT: PXM 1 -> APIC 0x40 -> Node 1
[Tue Feb 27 10:05:58 2024] SRAT: PXM 1 -> APIC 0x42 -> Node 1
[Tue Feb 27 10:05:58 2024] SRAT: PXM 1 -> APIC 0x44 -> Node 1
[Tue Feb 27 10:05:58 2024] SRAT: PXM 1 -> APIC 0x46 -> Node 1
[Tue Feb 27 10:05:58 2024] SRAT: PXM 1 -> APIC 0x48 -> Node 1
[Tue Feb 27 10:05:58 2024] SRAT: PXM 1 -> APIC 0x4a -> Node 1
[Tue Feb 27 10:05:58 2024] SRAT: PXM 1 -> APIC 0x4c -> Node 1
[Tue Feb 27 10:05:58 2024] SRAT: PXM 1 -> APIC 0x50 -> Node 1
[Tue Feb 27 10:05:58 2024] SRAT: PXM 1 -> APIC 0x52 -> Node 1
[Tue Feb 27 10:05:58 2024] SRAT: PXM 1 -> APIC 0x54 -> Node 1
[Tue Feb 27 10:05:58 2024] SRAT: PXM 1 -> APIC 0x56 -> Node 1
[Tue Feb 27 10:05:58 2024] SRAT: PXM 1 -> APIC 0x58 -> Node 1
[Tue Feb 27 10:05:58 2024] SRAT: PXM 1 -> APIC 0x5a -> Node 1
[Tue Feb 27 10:05:58 2024] SRAT: PXM 1 -> APIC 0x60 -> Node 1
[Tue Feb 27 10:05:58 2024] SRAT: PXM 1 -> APIC 0x62 -> Node 1
[Tue Feb 27 10:05:58 2024] SRAT: PXM 1 -> APIC 0x64 -> Node 1
[Tue Feb 27 10:05:58 2024] SRAT: PXM 1 -> APIC 0x66 -> Node 1
[Tue Feb 27 10:05:58 2024] SRAT: PXM 1 -> APIC 0x68 -> Node 1
[Tue Feb 27 10:05:58 2024] SRAT: PXM 1 -> APIC 0x6a -> Node 1
[Tue Feb 27 10:05:58 2024] SRAT: PXM 1 -> APIC 0x72 -> Node 1
[Tue Feb 27 10:05:58 2024] SRAT: PXM 1 -> APIC 0x74 -> Node 1
[Tue Feb 27 10:05:58 2024] SRAT: PXM 1 -> APIC 0x76 -> Node 1
[Tue Feb 27 10:05:58 2024] SRAT: PXM 1 -> APIC 0x78 -> Node 1
[Tue Feb 27 10:05:58 2024] SRAT: PXM 1 -> APIC 0x7a -> Node 1
[Tue Feb 27 10:05:58 2024] SRAT: PXM 0 -> APIC 0x01 -> Node 0
[Tue Feb 27 10:05:58 2024] SRAT: PXM 0 -> APIC 0x03 -> Node 0
[Tue Feb 27 10:05:58 2024] SRAT: PXM 0 -> APIC 0x05 -> Node 0
[Tue Feb 27 10:05:58 2024] SRAT: PXM 0 -> APIC 0x07 -> Node 0
[Tue Feb 27 10:05:58 2024] SRAT: PXM 0 -> APIC 0x09 -> Node 0
[Tue Feb 27 10:05:58 2024] SRAT: PXM 0 -> APIC 0x0b -> Node 0
[Tue Feb 27 10:05:58 2024] SRAT: PXM 0 -> APIC 0x0d -> Node 0
[Tue Feb 27 10:05:58 2024] SRAT: PXM 0 -> APIC 0x11 -> Node 0
[Tue Feb 27 10:05:58 2024] SRAT: PXM 0 -> APIC 0x13 -> Node 0
[Tue Feb 27 10:05:58 2024] SRAT: PXM 0 -> APIC 0x15 -> Node 0
[Tue Feb 27 10:05:58 2024] SRAT: PXM 0 -> APIC 0x17 -> Node 0
[Tue Feb 27 10:05:58 2024] SRAT: PXM 0 -> APIC 0x19 -> Node 0
[Tue Feb 27 10:05:58 2024] SRAT: PXM 0 -> APIC 0x1b -> Node 0
[Tue Feb 27 10:05:58 2024] SRAT: PXM 0 -> APIC 0x21 -> Node 0
[Tue Feb 27 10:05:58 2024] SRAT: PXM 0 -> APIC 0x23 -> Node 0
[Tue Feb 27 10:05:58 2024] SRAT: PXM 0 -> APIC 0x25 -> Node 0
[Tue Feb 27 10:05:58 2024] SRAT: PXM 0 -> APIC 0x27 -> Node 0
[Tue Feb 27 10:05:58 2024] SRAT: PXM 0 -> APIC 0x29 -> Node 0
[Tue Feb 27 10:05:58 2024] SRAT: PXM 0 -> APIC 0x2b -> Node 0
[Tue Feb 27 10:05:58 2024] SRAT: PXM 0 -> APIC 0x33 -> Node 0
[Tue Feb 27 10:05:58 2024] SRAT: PXM 0 -> APIC 0x35 -> Node 0
[Tue Feb 27 10:05:58 2024] SRAT: PXM 0 -> APIC 0x37 -> Node 0
[Tue Feb 27 10:05:58 2024] SRAT: PXM 0 -> APIC 0x39 -> Node 0
[Tue Feb 27 10:05:58 2024] SRAT: PXM 0 -> APIC 0x3b -> Node 0
[Tue Feb 27 10:05:58 2024] SRAT: PXM 1 -> APIC 0x41 -> Node 1
[Tue Feb 27 10:05:58 2024] SRAT: PXM 1 -> APIC 0x43 -> Node 1
[Tue Feb 27 10:05:58 2024] SRAT: PXM 1 -> APIC 0x45 -> Node 1
[Tue Feb 27 10:05:58 2024] SRAT: PXM 1 -> APIC 0x47 -> Node 1
[Tue Feb 27 10:05:58 2024] SRAT: PXM 1 -> APIC 0x49 -> Node 1
[Tue Feb 27 10:05:58 2024] SRAT: PXM 1 -> APIC 0x4b -> Node 1
[Tue Feb 27 10:05:58 2024] SRAT: PXM 1 -> APIC 0x4d -> Node 1
[Tue Feb 27 10:05:58 2024] SRAT: PXM 1 -> APIC 0x51 -> Node 1
[Tue Feb 27 10:05:58 2024] SRAT: PXM 1 -> APIC 0x53 -> Node 1
[Tue Feb 27 10:05:58 2024] SRAT: PXM 1 -> APIC 0x55 -> Node 1
[Tue Feb 27 10:05:58 2024] SRAT: PXM 1 -> APIC 0x57 -> Node 1
[Tue Feb 27 10:05:58 2024] SRAT: PXM 1 -> APIC 0x59 -> Node 1
[Tue Feb 27 10:05:58 2024] SRAT: PXM 1 -> APIC 0x5b -> Node 1
[Tue Feb 27 10:05:58 2024] SRAT: PXM 1 -> APIC 0x61 -> Node 1
[Tue Feb 27 10:05:58 2024] SRAT: PXM 1 -> APIC 0x63 -> Node 1
[Tue Feb 27 10:05:58 2024] SRAT: PXM 1 -> APIC 0x65 -> Node 1
[Tue Feb 27 10:05:58 2024] SRAT: PXM 1 -> APIC 0x67 -> Node 1
[Tue Feb 27 10:05:58 2024] SRAT: PXM 1 -> APIC 0x69 -> Node 1
[Tue Feb 27 10:05:58 2024] SRAT: PXM 1 -> APIC 0x6b -> Node 1
[Tue Feb 27 10:05:58 2024] SRAT: PXM 1 -> APIC 0x73 -> Node 1
[Tue Feb 27 10:05:58 2024] SRAT: PXM 1 -> APIC 0x75 -> Node 1
[Tue Feb 27 10:05:58 2024] SRAT: PXM 1 -> APIC 0x77 -> Node 1
[Tue Feb 27 10:05:58 2024] SRAT: PXM 1 -> APIC 0x79 -> Node 1
[Tue Feb 27 10:05:58 2024] SRAT: PXM 1 -> APIC 0x7b -> Node 1
[Tue Feb 27 10:05:58 2024] SRAT: Node 0 PXM 0 [mem 0x00000000-0x7fffffff]
[Tue Feb 27 10:05:58 2024] SRAT: Node 0 PXM 0 [mem 0x100000000-0x183fffffff]
[Tue Feb 27 10:05:58 2024] SRAT: Node 1 PXM 1 [mem 0x1840000000-0x303fffffff]
[Tue Feb 27 10:05:58 2024] NUMA: Initialized distance table, cnt=2
[Tue Feb 27 10:05:58 2024] NUMA: Node 0 [mem 0x00000000-0x7fffffff] + [mem 0x100000000-0x183fffffff] -> [mem 0x00000000-0x183fffffff]
[Tue Feb 27 10:05:58 2024] NODE_DATA(0) allocated [mem 0x183ffd9000-0x183fffffff]
[Tue Feb 27 10:05:58 2024] NODE_DATA(1) allocated [mem 0x303ffd0000-0x303fff6fff]
[Tue Feb 27 10:05:58 2024] Reserving 172MB of memory at 672MB for crashkernel (System RAM: 195262MB)
[Tue Feb 27 10:05:58 2024] Zone ranges:
[Tue Feb 27 10:05:58 2024]   DMA      [mem 0x00001000-0x00ffffff]
[Tue Feb 27 10:05:58 2024]   DMA32    [mem 0x01000000-0xffffffff]
[Tue Feb 27 10:05:58 2024]   Normal   [mem 0x100000000-0x303fffffff]
[Tue Feb 27 10:05:58 2024] Movable zone start for each node
[Tue Feb 27 10:05:58 2024] Early memory node ranges
[Tue Feb 27 10:05:58 2024]   node   0: [mem 0x00001000-0x00099fff]
[Tue Feb 27 10:05:58 2024]   node   0: [mem 0x00100000-0x5cdecfff]
[Tue Feb 27 10:05:58 2024]   node   0: [mem 0x5d0d8000-0x5f705fff]
[Tue Feb 27 10:05:58 2024]   node   0: [mem 0x5f761000-0x5f7c8fff]
[Tue Feb 27 10:05:58 2024]   node   0: [mem 0x5f7f8000-0x5fcd3fff]
[Tue Feb 27 10:05:58 2024]   node   0: [mem 0x5fefb000-0x638affff]
[Tue Feb 27 10:05:58 2024]   node   0: [mem 0x63964000-0x63fc2fff]
[Tue Feb 27 10:05:58 2024]   node   0: [mem 0x6404c000-0x64347fff]
[Tue Feb 27 10:05:58 2024]   node   0: [mem 0x64b4a000-0x64c2cfff]
[Tue Feb 27 10:05:58 2024]   node   0: [mem 0x65c2d000-0x6756cfff]
[Tue Feb 27 10:05:58 2024]   node   0: [mem 0x6839d000-0x6f7fffff]
[Tue Feb 27 10:05:58 2024]   node   0: [mem 0x100c00000-0x183fffffff]
[Tue Feb 27 10:05:58 2024]   node   1: [mem 0x1840000000-0x303fffffff]
[Tue Feb 27 10:05:58 2024] Initmem setup node 0 [mem 0x00001000-0x183fffffff]
[Tue Feb 27 10:05:58 2024] On node 0 totalpages: 24821390
[Tue Feb 27 10:05:58 2024]   DMA zone: 64 pages used for memmap
[Tue Feb 27 10:05:58 2024]   DMA zone: 21 pages reserved
[Tue Feb 27 10:05:58 2024]   DMA zone: 3993 pages, LIFO batch:0
[Tue Feb 27 10:05:58 2024]   DMA32 zone: 6892 pages used for memmap
[Tue Feb 27 10:05:58 2024]   DMA32 zone: 441077 pages, LIFO batch:31
[Tue Feb 27 10:05:58 2024]   Normal zone: 380928 pages used for memmap
[Tue Feb 27 10:05:58 2024]   Normal zone: 24376320 pages, LIFO batch:31
[Tue Feb 27 10:05:58 2024] Initmem setup node 1 [mem 0x1840000000-0x303fffffff]
[Tue Feb 27 10:05:58 2024] On node 1 totalpages: 25165824
[Tue Feb 27 10:05:58 2024]   Normal zone: 393216 pages used for memmap
[Tue Feb 27 10:05:58 2024]   Normal zone: 25165824 pages, LIFO batch:31
[Tue Feb 27 10:05:58 2024] ACPI: PM-Timer IO Port: 0x508
[Tue Feb 27 10:05:58 2024] ACPI: Local APIC address 0xfee00000
[Tue Feb 27 10:05:58 2024] ACPI: LAPIC (acpi_id[0x00] lapic_id[0x00] enabled)
[Tue Feb 27 10:05:58 2024] ACPI: LAPIC (acpi_id[0x01] lapic_id[0x02] enabled)
[Tue Feb 27 10:05:58 2024] ACPI: LAPIC (acpi_id[0x02] lapic_id[0x04] enabled)
[Tue Feb 27 10:05:58 2024] ACPI: LAPIC (acpi_id[0x03] lapic_id[0x06] enabled)
[Tue Feb 27 10:05:58 2024] ACPI: LAPIC (acpi_id[0x04] lapic_id[0x08] enabled)
[Tue Feb 27 10:05:58 2024] ACPI: LAPIC (acpi_id[0x05] lapic_id[0x0a] enabled)
[Tue Feb 27 10:05:58 2024] ACPI: LAPIC (acpi_id[0x06] lapic_id[0x0c] enabled)
[Tue Feb 27 10:05:58 2024] ACPI: LAPIC (acpi_id[0x07] lapic_id[0x10] enabled)
[Tue Feb 27 10:05:58 2024] ACPI: LAPIC (acpi_id[0x08] lapic_id[0x12] enabled)
[Tue Feb 27 10:05:58 2024] ACPI: LAPIC (acpi_id[0x09] lapic_id[0x14] enabled)
[Tue Feb 27 10:05:58 2024] ACPI: LAPIC (acpi_id[0x0a] lapic_id[0x16] enabled)
[Tue Feb 27 10:05:58 2024] ACPI: LAPIC (acpi_id[0x0b] lapic_id[0x18] enabled)
[Tue Feb 27 10:05:58 2024] ACPI: LAPIC (acpi_id[0x0c] lapic_id[0x1a] enabled)
[Tue Feb 27 10:05:58 2024] ACPI: LAPIC (acpi_id[0x0d] lapic_id[0x20] enabled)
[Tue Feb 27 10:05:58 2024] ACPI: LAPIC (acpi_id[0x0e] lapic_id[0x22] enabled)
[Tue Feb 27 10:05:58 2024] ACPI: LAPIC (acpi_id[0x0f] lapic_id[0x24] enabled)
[Tue Feb 27 10:05:58 2024] ACPI: LAPIC (acpi_id[0x10] lapic_id[0x26] enabled)
[Tue Feb 27 10:05:58 2024] ACPI: LAPIC (acpi_id[0x11] lapic_id[0x28] enabled)
[Tue Feb 27 10:05:58 2024] ACPI: LAPIC (acpi_id[0x12] lapic_id[0x2a] enabled)
[Tue Feb 27 10:05:58 2024] ACPI: LAPIC (acpi_id[0x13] lapic_id[0x32] enabled)
[Tue Feb 27 10:05:58 2024] ACPI: LAPIC (acpi_id[0x14] lapic_id[0x34] enabled)
[Tue Feb 27 10:05:58 2024] ACPI: LAPIC (acpi_id[0x15] lapic_id[0x36] enabled)
[Tue Feb 27 10:05:58 2024] ACPI: LAPIC (acpi_id[0x16] lapic_id[0x38] enabled)
[Tue Feb 27 10:05:58 2024] ACPI: LAPIC (acpi_id[0x17] lapic_id[0x3a] enabled)
[Tue Feb 27 10:05:58 2024] ACPI: LAPIC (acpi_id[0x40] lapic_id[0x40] enabled)
[Tue Feb 27 10:05:58 2024] ACPI: LAPIC (acpi_id[0x41] lapic_id[0x42] enabled)
[Tue Feb 27 10:05:58 2024] ACPI: LAPIC (acpi_id[0x42] lapic_id[0x44] enabled)
[Tue Feb 27 10:05:58 2024] ACPI: LAPIC (acpi_id[0x43] lapic_id[0x46] enabled)
[Tue Feb 27 10:05:58 2024] ACPI: LAPIC (acpi_id[0x44] lapic_id[0x48] enabled)
[Tue Feb 27 10:05:58 2024] ACPI: LAPIC (acpi_id[0x45] lapic_id[0x4a] enabled)
[Tue Feb 27 10:05:58 2024] ACPI: LAPIC (acpi_id[0x46] lapic_id[0x4c] enabled)
[Tue Feb 27 10:05:58 2024] ACPI: LAPIC (acpi_id[0x47] lapic_id[0x50] enabled)
[Tue Feb 27 10:05:58 2024] ACPI: LAPIC (acpi_id[0x48] lapic_id[0x52] enabled)
[Tue Feb 27 10:05:58 2024] ACPI: LAPIC (acpi_id[0x49] lapic_id[0x54] enabled)
[Tue Feb 27 10:05:58 2024] ACPI: LAPIC (acpi_id[0x4a] lapic_id[0x56] enabled)
[Tue Feb 27 10:05:58 2024] ACPI: LAPIC (acpi_id[0x4b] lapic_id[0x58] enabled)
[Tue Feb 27 10:05:58 2024] ACPI: LAPIC (acpi_id[0x4c] lapic_id[0x5a] enabled)
[Tue Feb 27 10:05:58 2024] ACPI: LAPIC (acpi_id[0x4d] lapic_id[0x60] enabled)
[Tue Feb 27 10:05:58 2024] ACPI: LAPIC (acpi_id[0x4e] lapic_id[0x62] enabled)
[Tue Feb 27 10:05:58 2024] ACPI: LAPIC (acpi_id[0x4f] lapic_id[0x64] enabled)
[Tue Feb 27 10:05:58 2024] ACPI: LAPIC (acpi_id[0x50] lapic_id[0x66] enabled)
[Tue Feb 27 10:05:58 2024] ACPI: LAPIC (acpi_id[0x51] lapic_id[0x68] enabled)
[Tue Feb 27 10:05:58 2024] ACPI: LAPIC (acpi_id[0x52] lapic_id[0x6a] enabled)
[Tue Feb 27 10:05:58 2024] ACPI: LAPIC (acpi_id[0x53] lapic_id[0x72] enabled)
[Tue Feb 27 10:05:58 2024] ACPI: LAPIC (acpi_id[0x54] lapic_id[0x74] enabled)
[Tue Feb 27 10:05:58 2024] ACPI: LAPIC (acpi_id[0x55] lapic_id[0x76] enabled)
[Tue Feb 27 10:05:58 2024] ACPI: LAPIC (acpi_id[0x56] lapic_id[0x78] enabled)
[Tue Feb 27 10:05:58 2024] ACPI: LAPIC (acpi_id[0x57] lapic_id[0x7a] enabled)
[Tue Feb 27 10:05:58 2024] ACPI: LAPIC (acpi_id[0x18] lapic_id[0x01] enabled)
[Tue Feb 27 10:05:58 2024] ACPI: LAPIC (acpi_id[0x19] lapic_id[0x03] enabled)
[Tue Feb 27 10:05:58 2024] ACPI: LAPIC (acpi_id[0x1a] lapic_id[0x05] enabled)
[Tue Feb 27 10:05:58 2024] ACPI: LAPIC (acpi_id[0x1b] lapic_id[0x07] enabled)
[Tue Feb 27 10:05:58 2024] ACPI: LAPIC (acpi_id[0x1c] lapic_id[0x09] enabled)
[Tue Feb 27 10:05:58 2024] ACPI: LAPIC (acpi_id[0x1d] lapic_id[0x0b] enabled)
[Tue Feb 27 10:05:58 2024] ACPI: LAPIC (acpi_id[0x1e] lapic_id[0x0d] enabled)
[Tue Feb 27 10:05:58 2024] ACPI: LAPIC (acpi_id[0x1f] lapic_id[0x11] enabled)
[Tue Feb 27 10:05:58 2024] ACPI: LAPIC (acpi_id[0x20] lapic_id[0x13] enabled)
[Tue Feb 27 10:05:58 2024] ACPI: LAPIC (acpi_id[0x21] lapic_id[0x15] enabled)
[Tue Feb 27 10:05:58 2024] ACPI: LAPIC (acpi_id[0x22] lapic_id[0x17] enabled)
[Tue Feb 27 10:05:58 2024] ACPI: LAPIC (acpi_id[0x23] lapic_id[0x19] enabled)
[Tue Feb 27 10:05:58 2024] ACPI: LAPIC (acpi_id[0x24] lapic_id[0x1b] enabled)
[Tue Feb 27 10:05:58 2024] ACPI: LAPIC (acpi_id[0x25] lapic_id[0x21] enabled)
[Tue Feb 27 10:05:58 2024] ACPI: LAPIC (acpi_id[0x26] lapic_id[0x23] enabled)
[Tue Feb 27 10:05:58 2024] ACPI: LAPIC (acpi_id[0x27] lapic_id[0x25] enabled)
[Tue Feb 27 10:05:58 2024] ACPI: LAPIC (acpi_id[0x28] lapic_id[0x27] enabled)
[Tue Feb 27 10:05:58 2024] ACPI: LAPIC (acpi_id[0x29] lapic_id[0x29] enabled)
[Tue Feb 27 10:05:58 2024] ACPI: LAPIC (acpi_id[0x2a] lapic_id[0x2b] enabled)
[Tue Feb 27 10:05:58 2024] ACPI: LAPIC (acpi_id[0x2b] lapic_id[0x33] enabled)
[Tue Feb 27 10:05:58 2024] ACPI: LAPIC (acpi_id[0x2c] lapic_id[0x35] enabled)
[Tue Feb 27 10:05:58 2024] ACPI: LAPIC (acpi_id[0x2d] lapic_id[0x37] enabled)
[Tue Feb 27 10:05:58 2024] ACPI: LAPIC (acpi_id[0x2e] lapic_id[0x39] enabled)
[Tue Feb 27 10:05:58 2024] ACPI: LAPIC (acpi_id[0x2f] lapic_id[0x3b] enabled)
[Tue Feb 27 10:05:58 2024] ACPI: LAPIC (acpi_id[0x58] lapic_id[0x41] enabled)
[Tue Feb 27 10:05:58 2024] ACPI: LAPIC (acpi_id[0x59] lapic_id[0x43] enabled)
[Tue Feb 27 10:05:58 2024] ACPI: LAPIC (acpi_id[0x5a] lapic_id[0x45] enabled)
[Tue Feb 27 10:05:58 2024] ACPI: LAPIC (acpi_id[0x5b] lapic_id[0x47] enabled)
[Tue Feb 27 10:05:58 2024] ACPI: LAPIC (acpi_id[0x5c] lapic_id[0x49] enabled)
[Tue Feb 27 10:05:58 2024] ACPI: LAPIC (acpi_id[0x5d] lapic_id[0x4b] enabled)
[Tue Feb 27 10:05:58 2024] ACPI: LAPIC (acpi_id[0x5e] lapic_id[0x4d] enabled)
[Tue Feb 27 10:05:58 2024] ACPI: LAPIC (acpi_id[0x5f] lapic_id[0x51] enabled)
[Tue Feb 27 10:05:58 2024] ACPI: LAPIC (acpi_id[0x60] lapic_id[0x53] enabled)
[Tue Feb 27 10:05:58 2024] ACPI: LAPIC (acpi_id[0x61] lapic_id[0x55] enabled)
[Tue Feb 27 10:05:58 2024] ACPI: LAPIC (acpi_id[0x62] lapic_id[0x57] enabled)
[Tue Feb 27 10:05:58 2024] ACPI: LAPIC (acpi_id[0x63] lapic_id[0x59] enabled)
[Tue Feb 27 10:05:58 2024] ACPI: LAPIC (acpi_id[0x64] lapic_id[0x5b] enabled)
[Tue Feb 27 10:05:58 2024] ACPI: LAPIC (acpi_id[0x65] lapic_id[0x61] enabled)
[Tue Feb 27 10:05:58 2024] ACPI: LAPIC (acpi_id[0x66] lapic_id[0x63] enabled)
[Tue Feb 27 10:05:58 2024] ACPI: LAPIC (acpi_id[0x67] lapic_id[0x65] enabled)
[Tue Feb 27 10:05:58 2024] ACPI: LAPIC (acpi_id[0x68] lapic_id[0x67] enabled)
[Tue Feb 27 10:05:58 2024] ACPI: LAPIC (acpi_id[0x69] lapic_id[0x69] enabled)
[Tue Feb 27 10:05:58 2024] ACPI: LAPIC (acpi_id[0x6a] lapic_id[0x6b] enabled)
[Tue Feb 27 10:05:58 2024] ACPI: LAPIC (acpi_id[0x6b] lapic_id[0x73] enabled)
[Tue Feb 27 10:05:58 2024] ACPI: LAPIC (acpi_id[0x6c] lapic_id[0x75] enabled)
[Tue Feb 27 10:05:58 2024] ACPI: LAPIC (acpi_id[0x6d] lapic_id[0x77] enabled)
[Tue Feb 27 10:05:58 2024] ACPI: LAPIC (acpi_id[0x6e] lapic_id[0x79] enabled)
[Tue Feb 27 10:05:58 2024] ACPI: LAPIC (acpi_id[0x6f] lapic_id[0x7b] enabled)
[Tue Feb 27 10:05:58 2024] ACPI: LAPIC (acpi_id[0xff] lapic_id[0xff] disabled)
[Tue Feb 27 10:05:58 2024] ACPI: LAPIC (acpi_id[0xff] lapic_id[0xff] disabled)
[Tue Feb 27 10:05:58 2024] ACPI: LAPIC (acpi_id[0xff] lapic_id[0xff] disabled)
[Tue Feb 27 10:05:58 2024] ACPI: LAPIC (acpi_id[0xff] lapic_id[0xff] disabled)
[Tue Feb 27 10:05:58 2024] ACPI: LAPIC (acpi_id[0xff] lapic_id[0xff] disabled)
[Tue Feb 27 10:05:58 2024] ACPI: LAPIC (acpi_id[0xff] lapic_id[0xff] disabled)
[Tue Feb 27 10:05:58 2024] ACPI: LAPIC (acpi_id[0xff] lapic_id[0xff] disabled)
[Tue Feb 27 10:05:58 2024] ACPI: LAPIC (acpi_id[0xff] lapic_id[0xff] disabled)
[Tue Feb 27 10:05:58 2024] ACPI: LAPIC (acpi_id[0xff] lapic_id[0xff] disabled)
[Tue Feb 27 10:05:58 2024] ACPI: LAPIC (acpi_id[0xff] lapic_id[0xff] disabled)
[Tue Feb 27 10:05:58 2024] ACPI: LAPIC (acpi_id[0xff] lapic_id[0xff] disabled)
[Tue Feb 27 10:05:58 2024] ACPI: LAPIC (acpi_id[0xff] lapic_id[0xff] disabled)
[Tue Feb 27 10:05:58 2024] ACPI: LAPIC (acpi_id[0xff] lapic_id[0xff] disabled)
[Tue Feb 27 10:05:58 2024] ACPI: LAPIC (acpi_id[0xff] lapic_id[0xff] disabled)
[Tue Feb 27 10:05:58 2024] ACPI: LAPIC (acpi_id[0xff] lapic_id[0xff] disabled)
[Tue Feb 27 10:05:58 2024] ACPI: LAPIC (acpi_id[0xff] lapic_id[0xff] disabled)
[Tue Feb 27 10:05:58 2024] ACPI: LAPIC (acpi_id[0xff] lapic_id[0xff] disabled)
[Tue Feb 27 10:05:58 2024] ACPI: LAPIC (acpi_id[0xff] lapic_id[0xff] disabled)
[Tue Feb 27 10:05:58 2024] ACPI: LAPIC (acpi_id[0xff] lapic_id[0xff] disabled)
[Tue Feb 27 10:05:58 2024] ACPI: LAPIC (acpi_id[0xff] lapic_id[0xff] disabled)
[Tue Feb 27 10:05:58 2024] ACPI: LAPIC (acpi_id[0xff] lapic_id[0xff] disabled)
[Tue Feb 27 10:05:58 2024] ACPI: LAPIC (acpi_id[0xff] lapic_id[0xff] disabled)
[Tue Feb 27 10:05:58 2024] ACPI: LAPIC (acpi_id[0xff] lapic_id[0xff] disabled)
[Tue Feb 27 10:05:58 2024] ACPI: LAPIC (acpi_id[0xff] lapic_id[0xff] disabled)
[Tue Feb 27 10:05:58 2024] ACPI: LAPIC (acpi_id[0xff] lapic_id[0xff] disabled)
[Tue Feb 27 10:05:58 2024] ACPI: LAPIC (acpi_id[0xff] lapic_id[0xff] disabled)
[Tue Feb 27 10:05:58 2024] ACPI: LAPIC (acpi_id[0xff] lapic_id[0xff] disabled)
[Tue Feb 27 10:05:58 2024] ACPI: LAPIC (acpi_id[0xff] lapic_id[0xff] disabled)
[Tue Feb 27 10:05:58 2024] ACPI: LAPIC (acpi_id[0xff] lapic_id[0xff] disabled)
[Tue Feb 27 10:05:58 2024] ACPI: LAPIC (acpi_id[0xff] lapic_id[0xff] disabled)
[Tue Feb 27 10:05:58 2024] ACPI: LAPIC (acpi_id[0xff] lapic_id[0xff] disabled)
[Tue Feb 27 10:05:58 2024] ACPI: LAPIC (acpi_id[0xff] lapic_id[0xff] disabled)
[Tue Feb 27 10:05:58 2024] ACPI: LAPIC (acpi_id[0xff] lapic_id[0xff] disabled)
[Tue Feb 27 10:05:58 2024] ACPI: LAPIC (acpi_id[0xff] lapic_id[0xff] disabled)
[Tue Feb 27 10:05:58 2024] ACPI: LAPIC (acpi_id[0xff] lapic_id[0xff] disabled)
[Tue Feb 27 10:05:58 2024] ACPI: LAPIC (acpi_id[0xff] lapic_id[0xff] disabled)
[Tue Feb 27 10:05:58 2024] ACPI: LAPIC (acpi_id[0xff] lapic_id[0xff] disabled)
[Tue Feb 27 10:05:58 2024] ACPI: LAPIC (acpi_id[0xff] lapic_id[0xff] disabled)
[Tue Feb 27 10:05:58 2024] ACPI: LAPIC (acpi_id[0xff] lapic_id[0xff] disabled)
[Tue Feb 27 10:05:58 2024] ACPI: LAPIC (acpi_id[0xff] lapic_id[0xff] disabled)
[Tue Feb 27 10:05:58 2024] ACPI: LAPIC (acpi_id[0xff] lapic_id[0xff] disabled)
[Tue Feb 27 10:05:58 2024] ACPI: LAPIC (acpi_id[0xff] lapic_id[0xff] disabled)
[Tue Feb 27 10:05:58 2024] ACPI: LAPIC (acpi_id[0xff] lapic_id[0xff] disabled)
[Tue Feb 27 10:05:58 2024] ACPI: LAPIC (acpi_id[0xff] lapic_id[0xff] disabled)
[Tue Feb 27 10:05:58 2024] ACPI: LAPIC (acpi_id[0xff] lapic_id[0xff] disabled)
[Tue Feb 27 10:05:58 2024] ACPI: LAPIC (acpi_id[0xff] lapic_id[0xff] disabled)
[Tue Feb 27 10:05:58 2024] ACPI: LAPIC (acpi_id[0xff] lapic_id[0xff] disabled)
[Tue Feb 27 10:05:58 2024] ACPI: LAPIC (acpi_id[0xff] lapic_id[0xff] disabled)
[Tue Feb 27 10:05:58 2024] ACPI: LAPIC (acpi_id[0xff] lapic_id[0xff] disabled)
[Tue Feb 27 10:05:58 2024] ACPI: LAPIC (acpi_id[0xff] lapic_id[0xff] disabled)
[Tue Feb 27 10:05:58 2024] ACPI: LAPIC (acpi_id[0xff] lapic_id[0xff] disabled)
[Tue Feb 27 10:05:58 2024] ACPI: LAPIC (acpi_id[0xff] lapic_id[0xff] disabled)
[Tue Feb 27 10:05:58 2024] ACPI: LAPIC (acpi_id[0xff] lapic_id[0xff] disabled)
[Tue Feb 27 10:05:58 2024] ACPI: LAPIC (acpi_id[0xff] lapic_id[0xff] disabled)
[Tue Feb 27 10:05:58 2024] ACPI: LAPIC (acpi_id[0xff] lapic_id[0xff] disabled)
[Tue Feb 27 10:05:58 2024] ACPI: LAPIC (acpi_id[0xff] lapic_id[0xff] disabled)
[Tue Feb 27 10:05:58 2024] ACPI: LAPIC (acpi_id[0xff] lapic_id[0xff] disabled)
[Tue Feb 27 10:05:58 2024] ACPI: LAPIC (acpi_id[0xff] lapic_id[0xff] disabled)
[Tue Feb 27 10:05:58 2024] ACPI: LAPIC (acpi_id[0xff] lapic_id[0xff] disabled)
[Tue Feb 27 10:05:58 2024] ACPI: LAPIC (acpi_id[0xff] lapic_id[0xff] disabled)
[Tue Feb 27 10:05:58 2024] ACPI: LAPIC (acpi_id[0xff] lapic_id[0xff] disabled)
[Tue Feb 27 10:05:58 2024] ACPI: LAPIC (acpi_id[0xff] lapic_id[0xff] disabled)
[Tue Feb 27 10:05:58 2024] ACPI: LAPIC (acpi_id[0xff] lapic_id[0xff] disabled)
[Tue Feb 27 10:05:58 2024] ACPI: LAPIC (acpi_id[0xff] lapic_id[0xff] disabled)
[Tue Feb 27 10:05:58 2024] ACPI: LAPIC (acpi_id[0xff] lapic_id[0xff] disabled)
[Tue Feb 27 10:05:58 2024] ACPI: LAPIC (acpi_id[0xff] lapic_id[0xff] disabled)
[Tue Feb 27 10:05:58 2024] ACPI: LAPIC (acpi_id[0xff] lapic_id[0xff] disabled)
[Tue Feb 27 10:05:58 2024] ACPI: LAPIC (acpi_id[0xff] lapic_id[0xff] disabled)
[Tue Feb 27 10:05:58 2024] ACPI: LAPIC (acpi_id[0xff] lapic_id[0xff] disabled)
[Tue Feb 27 10:05:58 2024] ACPI: LAPIC (acpi_id[0xff] lapic_id[0xff] disabled)
[Tue Feb 27 10:05:58 2024] ACPI: LAPIC (acpi_id[0xff] lapic_id[0xff] disabled)
[Tue Feb 27 10:05:58 2024] ACPI: LAPIC (acpi_id[0xff] lapic_id[0xff] disabled)
[Tue Feb 27 10:05:58 2024] ACPI: LAPIC (acpi_id[0xff] lapic_id[0xff] disabled)
[Tue Feb 27 10:05:58 2024] ACPI: LAPIC (acpi_id[0xff] lapic_id[0xff] disabled)
[Tue Feb 27 10:05:58 2024] ACPI: LAPIC (acpi_id[0xff] lapic_id[0xff] disabled)
[Tue Feb 27 10:05:58 2024] ACPI: LAPIC (acpi_id[0xff] lapic_id[0xff] disabled)
[Tue Feb 27 10:05:58 2024] ACPI: LAPIC (acpi_id[0xff] lapic_id[0xff] disabled)
[Tue Feb 27 10:05:58 2024] ACPI: LAPIC (acpi_id[0xff] lapic_id[0xff] disabled)
[Tue Feb 27 10:05:58 2024] ACPI: LAPIC (acpi_id[0xff] lapic_id[0xff] disabled)
[Tue Feb 27 10:05:58 2024] ACPI: LAPIC (acpi_id[0xff] lapic_id[0xff] disabled)
[Tue Feb 27 10:05:58 2024] ACPI: LAPIC (acpi_id[0xff] lapic_id[0xff] disabled)
[Tue Feb 27 10:05:58 2024] ACPI: LAPIC (acpi_id[0xff] lapic_id[0xff] disabled)
[Tue Feb 27 10:05:58 2024] ACPI: LAPIC (acpi_id[0xff] lapic_id[0xff] disabled)
[Tue Feb 27 10:05:58 2024] ACPI: LAPIC (acpi_id[0xff] lapic_id[0xff] disabled)
[Tue Feb 27 10:05:58 2024] ACPI: LAPIC (acpi_id[0xff] lapic_id[0xff] disabled)
[Tue Feb 27 10:05:58 2024] ACPI: LAPIC (acpi_id[0xff] lapic_id[0xff] disabled)
[Tue Feb 27 10:05:58 2024] ACPI: LAPIC (acpi_id[0xff] lapic_id[0xff] disabled)
[Tue Feb 27 10:05:58 2024] ACPI: LAPIC (acpi_id[0xff] lapic_id[0xff] disabled)
[Tue Feb 27 10:05:58 2024] ACPI: LAPIC (acpi_id[0xff] lapic_id[0xff] disabled)
[Tue Feb 27 10:05:58 2024] ACPI: LAPIC (acpi_id[0xff] lapic_id[0xff] disabled)
[Tue Feb 27 10:05:58 2024] ACPI: LAPIC (acpi_id[0xff] lapic_id[0xff] disabled)
[Tue Feb 27 10:05:58 2024] ACPI: LAPIC (acpi_id[0xff] lapic_id[0xff] disabled)
[Tue Feb 27 10:05:58 2024] ACPI: LAPIC (acpi_id[0xff] lapic_id[0xff] disabled)
[Tue Feb 27 10:05:58 2024] ACPI: LAPIC (acpi_id[0xff] lapic_id[0xff] disabled)
[Tue Feb 27 10:05:58 2024] ACPI: LAPIC (acpi_id[0xff] lapic_id[0xff] disabled)
[Tue Feb 27 10:05:58 2024] ACPI: LAPIC (acpi_id[0xff] lapic_id[0xff] disabled)
[Tue Feb 27 10:05:58 2024] ACPI: LAPIC (acpi_id[0xff] lapic_id[0xff] disabled)
[Tue Feb 27 10:05:58 2024] ACPI: LAPIC (acpi_id[0xff] lapic_id[0xff] disabled)
[Tue Feb 27 10:05:58 2024] ACPI: LAPIC (acpi_id[0xff] lapic_id[0xff] disabled)
[Tue Feb 27 10:05:58 2024] ACPI: LAPIC (acpi_id[0xff] lapic_id[0xff] disabled)
[Tue Feb 27 10:05:58 2024] ACPI: LAPIC (acpi_id[0xff] lapic_id[0xff] disabled)
[Tue Feb 27 10:05:58 2024] ACPI: LAPIC (acpi_id[0xff] lapic_id[0xff] disabled)
[Tue Feb 27 10:05:58 2024] ACPI: LAPIC (acpi_id[0xff] lapic_id[0xff] disabled)
[Tue Feb 27 10:05:58 2024] ACPI: LAPIC (acpi_id[0xff] lapic_id[0xff] disabled)
[Tue Feb 27 10:05:58 2024] ACPI: LAPIC (acpi_id[0xff] lapic_id[0xff] disabled)
[Tue Feb 27 10:05:58 2024] ACPI: LAPIC (acpi_id[0xff] lapic_id[0xff] disabled)
[Tue Feb 27 10:05:58 2024] ACPI: LAPIC (acpi_id[0xff] lapic_id[0xff] disabled)
[Tue Feb 27 10:05:58 2024] ACPI: LAPIC (acpi_id[0xff] lapic_id[0xff] disabled)
[Tue Feb 27 10:05:58 2024] ACPI: LAPIC (acpi_id[0xff] lapic_id[0xff] disabled)
[Tue Feb 27 10:05:58 2024] ACPI: LAPIC (acpi_id[0xff] lapic_id[0xff] disabled)
[Tue Feb 27 10:05:58 2024] ACPI: LAPIC (acpi_id[0xff] lapic_id[0xff] disabled)
[Tue Feb 27 10:05:58 2024] ACPI: LAPIC (acpi_id[0xff] lapic_id[0xff] disabled)
[Tue Feb 27 10:05:58 2024] ACPI: LAPIC (acpi_id[0xff] lapic_id[0xff] disabled)
[Tue Feb 27 10:05:58 2024] ACPI: LAPIC (acpi_id[0xff] lapic_id[0xff] disabled)
[Tue Feb 27 10:05:58 2024] ACPI: LAPIC (acpi_id[0xff] lapic_id[0xff] disabled)
[Tue Feb 27 10:05:58 2024] ACPI: LAPIC (acpi_id[0xff] lapic_id[0xff] disabled)
[Tue Feb 27 10:05:58 2024] ACPI: LAPIC (acpi_id[0xff] lapic_id[0xff] disabled)
[Tue Feb 27 10:05:58 2024] ACPI: LAPIC (acpi_id[0xff] lapic_id[0xff] disabled)
[Tue Feb 27 10:05:58 2024] ACPI: LAPIC (acpi_id[0xff] lapic_id[0xff] disabled)
[Tue Feb 27 10:05:58 2024] ACPI: LAPIC (acpi_id[0xff] lapic_id[0xff] disabled)
[Tue Feb 27 10:05:58 2024] ACPI: LAPIC (acpi_id[0xff] lapic_id[0xff] disabled)
[Tue Feb 27 10:05:58 2024] ACPI: LAPIC (acpi_id[0xff] lapic_id[0xff] disabled)
[Tue Feb 27 10:05:58 2024] ACPI: LAPIC (acpi_id[0xff] lapic_id[0xff] disabled)
[Tue Feb 27 10:05:58 2024] ACPI: LAPIC (acpi_id[0xff] lapic_id[0xff] disabled)
[Tue Feb 27 10:05:58 2024] ACPI: LAPIC (acpi_id[0xff] lapic_id[0xff] disabled)
[Tue Feb 27 10:05:58 2024] ACPI: LAPIC (acpi_id[0xff] lapic_id[0xff] disabled)
[Tue Feb 27 10:05:58 2024] ACPI: LAPIC (acpi_id[0xff] lapic_id[0xff] disabled)
[Tue Feb 27 10:05:58 2024] ACPI: LAPIC (acpi_id[0xff] lapic_id[0xff] disabled)
[Tue Feb 27 10:05:58 2024] ACPI: X2APIC (apic_id[0xffffffff] uid[0x00] disabled)
[Tue Feb 27 10:05:58 2024] ACPI: X2APIC (apic_id[0xffffffff] uid[0x01] disabled)
[Tue Feb 27 10:05:58 2024] ACPI: X2APIC (apic_id[0xffffffff] uid[0x02] disabled)
[Tue Feb 27 10:05:58 2024] ACPI: X2APIC (apic_id[0xffffffff] uid[0x03] disabled)
[Tue Feb 27 10:05:58 2024] ACPI: X2APIC (apic_id[0xffffffff] uid[0x04] disabled)
[Tue Feb 27 10:05:58 2024] ACPI: X2APIC (apic_id[0xffffffff] uid[0x05] disabled)
[Tue Feb 27 10:05:58 2024] ACPI: X2APIC (apic_id[0xffffffff] uid[0x06] disabled)
[Tue Feb 27 10:05:58 2024] ACPI: X2APIC (apic_id[0xffffffff] uid[0x07] disabled)
[Tue Feb 27 10:05:58 2024] ACPI: X2APIC (apic_id[0xffffffff] uid[0x08] disabled)
[Tue Feb 27 10:05:58 2024] ACPI: X2APIC (apic_id[0xffffffff] uid[0x09] disabled)
[Tue Feb 27 10:05:58 2024] ACPI: X2APIC (apic_id[0xffffffff] uid[0x0a] disabled)
[Tue Feb 27 10:05:58 2024] ACPI: X2APIC (apic_id[0xffffffff] uid[0x0b] disabled)
[Tue Feb 27 10:05:58 2024] ACPI: X2APIC (apic_id[0xffffffff] uid[0x0c] disabled)
[Tue Feb 27 10:05:58 2024] ACPI: X2APIC (apic_id[0xffffffff] uid[0x0d] disabled)
[Tue Feb 27 10:05:58 2024] ACPI: X2APIC (apic_id[0xffffffff] uid[0x0e] disabled)
[Tue Feb 27 10:05:58 2024] ACPI: X2APIC (apic_id[0xffffffff] uid[0x0f] disabled)
[Tue Feb 27 10:05:58 2024] ACPI: X2APIC (apic_id[0xffffffff] uid[0x10] disabled)
[Tue Feb 27 10:05:58 2024] ACPI: X2APIC (apic_id[0xffffffff] uid[0x11] disabled)
[Tue Feb 27 10:05:58 2024] ACPI: X2APIC (apic_id[0xffffffff] uid[0x12] disabled)
[Tue Feb 27 10:05:58 2024] ACPI: X2APIC (apic_id[0xffffffff] uid[0x13] disabled)
[Tue Feb 27 10:05:58 2024] ACPI: X2APIC (apic_id[0xffffffff] uid[0x14] disabled)
[Tue Feb 27 10:05:58 2024] ACPI: X2APIC (apic_id[0xffffffff] uid[0x15] disabled)
[Tue Feb 27 10:05:58 2024] ACPI: X2APIC (apic_id[0xffffffff] uid[0x16] disabled)
[Tue Feb 27 10:05:58 2024] ACPI: X2APIC (apic_id[0xffffffff] uid[0x17] disabled)
[Tue Feb 27 10:05:58 2024] ACPI: X2APIC (apic_id[0xffffffff] uid[0x18] disabled)
[Tue Feb 27 10:05:58 2024] ACPI: X2APIC (apic_id[0xffffffff] uid[0x19] disabled)
[Tue Feb 27 10:05:58 2024] ACPI: X2APIC (apic_id[0xffffffff] uid[0x1a] disabled)
[Tue Feb 27 10:05:58 2024] ACPI: X2APIC (apic_id[0xffffffff] uid[0x1b] disabled)
[Tue Feb 27 10:05:58 2024] ACPI: X2APIC (apic_id[0xffffffff] uid[0x1c] disabled)
[Tue Feb 27 10:05:58 2024] ACPI: X2APIC (apic_id[0xffffffff] uid[0x1d] disabled)
[Tue Feb 27 10:05:58 2024] ACPI: X2APIC (apic_id[0xffffffff] uid[0x1e] disabled)
[Tue Feb 27 10:05:58 2024] ACPI: X2APIC (apic_id[0xffffffff] uid[0x1f] disabled)
[Tue Feb 27 10:05:58 2024] ACPI: X2APIC (apic_id[0xffffffff] uid[0x20] disabled)
[Tue Feb 27 10:05:58 2024] ACPI: X2APIC (apic_id[0xffffffff] uid[0x21] disabled)
[Tue Feb 27 10:05:58 2024] ACPI: X2APIC (apic_id[0xffffffff] uid[0x22] disabled)
[Tue Feb 27 10:05:58 2024] ACPI: X2APIC (apic_id[0xffffffff] uid[0x23] disabled)
[Tue Feb 27 10:05:58 2024] ACPI: X2APIC (apic_id[0xffffffff] uid[0x24] disabled)
[Tue Feb 27 10:05:58 2024] ACPI: X2APIC (apic_id[0xffffffff] uid[0x25] disabled)
[Tue Feb 27 10:05:58 2024] ACPI: X2APIC (apic_id[0xffffffff] uid[0x26] disabled)
[Tue Feb 27 10:05:58 2024] ACPI: X2APIC (apic_id[0xffffffff] uid[0x27] disabled)
[Tue Feb 27 10:05:58 2024] ACPI: X2APIC (apic_id[0xffffffff] uid[0x28] disabled)
[Tue Feb 27 10:05:58 2024] ACPI: X2APIC (apic_id[0xffffffff] uid[0x29] disabled)
[Tue Feb 27 10:05:58 2024] ACPI: X2APIC (apic_id[0xffffffff] uid[0x2a] disabled)
[Tue Feb 27 10:05:58 2024] ACPI: X2APIC (apic_id[0xffffffff] uid[0x2b] disabled)
[Tue Feb 27 10:05:58 2024] ACPI: X2APIC (apic_id[0xffffffff] uid[0x2c] disabled)
[Tue Feb 27 10:05:58 2024] ACPI: X2APIC (apic_id[0xffffffff] uid[0x2d] disabled)
[Tue Feb 27 10:05:58 2024] ACPI: X2APIC (apic_id[0xffffffff] uid[0x2e] disabled)
[Tue Feb 27 10:05:58 2024] ACPI: X2APIC (apic_id[0xffffffff] uid[0x2f] disabled)
[Tue Feb 27 10:05:58 2024] ACPI: X2APIC (apic_id[0xffffffff] uid[0x30] disabled)
[Tue Feb 27 10:05:58 2024] ACPI: X2APIC (apic_id[0xffffffff] uid[0x31] disabled)
[Tue Feb 27 10:05:58 2024] ACPI: X2APIC (apic_id[0xffffffff] uid[0x32] disabled)
[Tue Feb 27 10:05:58 2024] ACPI: X2APIC (apic_id[0xffffffff] uid[0x33] disabled)
[Tue Feb 27 10:05:58 2024] ACPI: X2APIC (apic_id[0xffffffff] uid[0x34] disabled)
[Tue Feb 27 10:05:58 2024] ACPI: X2APIC (apic_id[0xffffffff] uid[0x35] disabled)
[Tue Feb 27 10:05:58 2024] ACPI: X2APIC (apic_id[0xffffffff] uid[0x36] disabled)
[Tue Feb 27 10:05:58 2024] ACPI: X2APIC (apic_id[0xffffffff] uid[0x37] disabled)
[Tue Feb 27 10:05:58 2024] ACPI: X2APIC (apic_id[0xffffffff] uid[0x38] disabled)
[Tue Feb 27 10:05:58 2024] ACPI: X2APIC (apic_id[0xffffffff] uid[0x39] disabled)
[Tue Feb 27 10:05:58 2024] ACPI: X2APIC (apic_id[0xffffffff] uid[0x3a] disabled)
[Tue Feb 27 10:05:58 2024] ACPI: X2APIC (apic_id[0xffffffff] uid[0x3b] disabled)
[Tue Feb 27 10:05:58 2024] ACPI: X2APIC (apic_id[0xffffffff] uid[0x3c] disabled)
[Tue Feb 27 10:05:58 2024] ACPI: X2APIC (apic_id[0xffffffff] uid[0x3d] disabled)
[Tue Feb 27 10:05:58 2024] ACPI: X2APIC (apic_id[0xffffffff] uid[0x3e] disabled)
[Tue Feb 27 10:05:58 2024] ACPI: X2APIC (apic_id[0xffffffff] uid[0x3f] disabled)
[Tue Feb 27 10:05:58 2024] ACPI: X2APIC (apic_id[0xffffffff] uid[0x40] disabled)
[Tue Feb 27 10:05:58 2024] ACPI: X2APIC (apic_id[0xffffffff] uid[0x41] disabled)
[Tue Feb 27 10:05:58 2024] ACPI: X2APIC (apic_id[0xffffffff] uid[0x42] disabled)
[Tue Feb 27 10:05:58 2024] ACPI: X2APIC (apic_id[0xffffffff] uid[0x43] disabled)
[Tue Feb 27 10:05:58 2024] ACPI: X2APIC (apic_id[0xffffffff] uid[0x44] disabled)
[Tue Feb 27 10:05:58 2024] ACPI: X2APIC (apic_id[0xffffffff] uid[0x45] disabled)
[Tue Feb 27 10:05:58 2024] ACPI: X2APIC (apic_id[0xffffffff] uid[0x46] disabled)
[Tue Feb 27 10:05:58 2024] ACPI: X2APIC (apic_id[0xffffffff] uid[0x47] disabled)
[Tue Feb 27 10:05:58 2024] ACPI: X2APIC (apic_id[0xffffffff] uid[0x48] disabled)
[Tue Feb 27 10:05:58 2024] ACPI: X2APIC (apic_id[0xffffffff] uid[0x49] disabled)
[Tue Feb 27 10:05:58 2024] ACPI: X2APIC (apic_id[0xffffffff] uid[0x4a] disabled)
[Tue Feb 27 10:05:58 2024] ACPI: X2APIC (apic_id[0xffffffff] uid[0x4b] disabled)
[Tue Feb 27 10:05:58 2024] ACPI: X2APIC (apic_id[0xffffffff] uid[0x4c] disabled)
[Tue Feb 27 10:05:58 2024] ACPI: X2APIC (apic_id[0xffffffff] uid[0x4d] disabled)
[Tue Feb 27 10:05:58 2024] ACPI: X2APIC (apic_id[0xffffffff] uid[0x4e] disabled)
[Tue Feb 27 10:05:58 2024] ACPI: X2APIC (apic_id[0xffffffff] uid[0x4f] disabled)
[Tue Feb 27 10:05:58 2024] ACPI: X2APIC (apic_id[0xffffffff] uid[0x50] disabled)
[Tue Feb 27 10:05:58 2024] ACPI: X2APIC (apic_id[0xffffffff] uid[0x51] disabled)
[Tue Feb 27 10:05:58 2024] ACPI: X2APIC (apic_id[0xffffffff] uid[0x52] disabled)
[Tue Feb 27 10:05:58 2024] ACPI: X2APIC (apic_id[0xffffffff] uid[0x53] disabled)
[Tue Feb 27 10:05:58 2024] ACPI: X2APIC (apic_id[0xffffffff] uid[0x54] disabled)
[Tue Feb 27 10:05:58 2024] ACPI: X2APIC (apic_id[0xffffffff] uid[0x55] disabled)
[Tue Feb 27 10:05:58 2024] ACPI: X2APIC (apic_id[0xffffffff] uid[0x56] disabled)
[Tue Feb 27 10:05:58 2024] ACPI: X2APIC (apic_id[0xffffffff] uid[0x57] disabled)
[Tue Feb 27 10:05:58 2024] ACPI: X2APIC (apic_id[0xffffffff] uid[0x58] disabled)
[Tue Feb 27 10:05:58 2024] ACPI: X2APIC (apic_id[0xffffffff] uid[0x59] disabled)
[Tue Feb 27 10:05:58 2024] ACPI: X2APIC (apic_id[0xffffffff] uid[0x5a] disabled)
[Tue Feb 27 10:05:58 2024] ACPI: X2APIC (apic_id[0xffffffff] uid[0x5b] disabled)
[Tue Feb 27 10:05:58 2024] ACPI: X2APIC (apic_id[0xffffffff] uid[0x5c] disabled)
[Tue Feb 27 10:05:58 2024] ACPI: X2APIC (apic_id[0xffffffff] uid[0x5d] disabled)
[Tue Feb 27 10:05:58 2024] ACPI: X2APIC (apic_id[0xffffffff] uid[0x5e] disabled)
[Tue Feb 27 10:05:58 2024] ACPI: X2APIC (apic_id[0xffffffff] uid[0x5f] disabled)
[Tue Feb 27 10:05:58 2024] ACPI: X2APIC (apic_id[0xffffffff] uid[0x60] disabled)
[Tue Feb 27 10:05:58 2024] ACPI: X2APIC (apic_id[0xffffffff] uid[0x61] disabled)
[Tue Feb 27 10:05:58 2024] ACPI: X2APIC (apic_id[0xffffffff] uid[0x62] disabled)
[Tue Feb 27 10:05:58 2024] ACPI: X2APIC (apic_id[0xffffffff] uid[0x63] disabled)
[Tue Feb 27 10:05:58 2024] ACPI: X2APIC (apic_id[0xffffffff] uid[0x64] disabled)
[Tue Feb 27 10:05:58 2024] ACPI: X2APIC (apic_id[0xffffffff] uid[0x65] disabled)
[Tue Feb 27 10:05:58 2024] ACPI: X2APIC (apic_id[0xffffffff] uid[0x66] disabled)
[Tue Feb 27 10:05:58 2024] ACPI: X2APIC (apic_id[0xffffffff] uid[0x67] disabled)
[Tue Feb 27 10:05:58 2024] ACPI: X2APIC (apic_id[0xffffffff] uid[0x68] disabled)
[Tue Feb 27 10:05:58 2024] ACPI: X2APIC (apic_id[0xffffffff] uid[0x69] disabled)
[Tue Feb 27 10:05:58 2024] ACPI: X2APIC (apic_id[0xffffffff] uid[0x6a] disabled)
[Tue Feb 27 10:05:58 2024] ACPI: X2APIC (apic_id[0xffffffff] uid[0x6b] disabled)
[Tue Feb 27 10:05:58 2024] ACPI: X2APIC (apic_id[0xffffffff] uid[0x6c] disabled)
[Tue Feb 27 10:05:58 2024] ACPI: X2APIC (apic_id[0xffffffff] uid[0x6d] disabled)
[Tue Feb 27 10:05:58 2024] ACPI: X2APIC (apic_id[0xffffffff] uid[0x6e] disabled)
[Tue Feb 27 10:05:58 2024] ACPI: X2APIC (apic_id[0xffffffff] uid[0x6f] disabled)
[Tue Feb 27 10:05:58 2024] ACPI: X2APIC (apic_id[0xffffffff] uid[0x70] disabled)
[Tue Feb 27 10:05:58 2024] ACPI: X2APIC (apic_id[0xffffffff] uid[0x71] disabled)
[Tue Feb 27 10:05:58 2024] ACPI: X2APIC (apic_id[0xffffffff] uid[0x72] disabled)
[Tue Feb 27 10:05:58 2024] ACPI: X2APIC (apic_id[0xffffffff] uid[0x73] disabled)
[Tue Feb 27 10:05:58 2024] ACPI: X2APIC (apic_id[0xffffffff] uid[0x74] disabled)
[Tue Feb 27 10:05:58 2024] ACPI: X2APIC (apic_id[0xffffffff] uid[0x75] disabled)
[Tue Feb 27 10:05:58 2024] ACPI: X2APIC (apic_id[0xffffffff] uid[0x76] disabled)
[Tue Feb 27 10:05:58 2024] ACPI: X2APIC (apic_id[0xffffffff] uid[0x77] disabled)
[Tue Feb 27 10:05:58 2024] ACPI: X2APIC (apic_id[0xffffffff] uid[0x78] disabled)
[Tue Feb 27 10:05:58 2024] ACPI: X2APIC (apic_id[0xffffffff] uid[0x79] disabled)
[Tue Feb 27 10:05:58 2024] ACPI: X2APIC (apic_id[0xffffffff] uid[0x7a] disabled)
[Tue Feb 27 10:05:58 2024] ACPI: X2APIC (apic_id[0xffffffff] uid[0x7b] disabled)
[Tue Feb 27 10:05:58 2024] ACPI: X2APIC (apic_id[0xffffffff] uid[0x7c] disabled)
[Tue Feb 27 10:05:58 2024] ACPI: X2APIC (apic_id[0xffffffff] uid[0x7d] disabled)
[Tue Feb 27 10:05:58 2024] ACPI: X2APIC (apic_id[0xffffffff] uid[0x7e] disabled)
[Tue Feb 27 10:05:58 2024] ACPI: X2APIC (apic_id[0xffffffff] uid[0x7f] disabled)
[Tue Feb 27 10:05:58 2024] ACPI: X2APIC (apic_id[0xffffffff] uid[0x80] disabled)
[Tue Feb 27 10:05:58 2024] ACPI: X2APIC (apic_id[0xffffffff] uid[0x81] disabled)
[Tue Feb 27 10:05:58 2024] ACPI: X2APIC (apic_id[0xffffffff] uid[0x82] disabled)
[Tue Feb 27 10:05:58 2024] ACPI: X2APIC (apic_id[0xffffffff] uid[0x83] disabled)
[Tue Feb 27 10:05:58 2024] ACPI: X2APIC (apic_id[0xffffffff] uid[0x84] disabled)
[Tue Feb 27 10:05:58 2024] ACPI: X2APIC (apic_id[0xffffffff] uid[0x85] disabled)
[Tue Feb 27 10:05:58 2024] ACPI: X2APIC (apic_id[0xffffffff] uid[0x86] disabled)
[Tue Feb 27 10:05:58 2024] ACPI: X2APIC (apic_id[0xffffffff] uid[0x87] disabled)
[Tue Feb 27 10:05:58 2024] ACPI: X2APIC (apic_id[0xffffffff] uid[0x88] disabled)
[Tue Feb 27 10:05:58 2024] ACPI: X2APIC (apic_id[0xffffffff] uid[0x89] disabled)
[Tue Feb 27 10:05:58 2024] ACPI: X2APIC (apic_id[0xffffffff] uid[0x8a] disabled)
[Tue Feb 27 10:05:58 2024] ACPI: X2APIC (apic_id[0xffffffff] uid[0x8b] disabled)
[Tue Feb 27 10:05:58 2024] ACPI: X2APIC (apic_id[0xffffffff] uid[0x8c] disabled)
[Tue Feb 27 10:05:58 2024] ACPI: X2APIC (apic_id[0xffffffff] uid[0x8d] disabled)
[Tue Feb 27 10:05:58 2024] ACPI: X2APIC (apic_id[0xffffffff] uid[0x8e] disabled)
[Tue Feb 27 10:05:58 2024] ACPI: X2APIC (apic_id[0xffffffff] uid[0x8f] disabled)
[Tue Feb 27 10:05:58 2024] ACPI: X2APIC (apic_id[0xffffffff] uid[0x90] disabled)
[Tue Feb 27 10:05:58 2024] ACPI: X2APIC (apic_id[0xffffffff] uid[0x91] disabled)
[Tue Feb 27 10:05:58 2024] ACPI: X2APIC (apic_id[0xffffffff] uid[0x92] disabled)
[Tue Feb 27 10:05:58 2024] ACPI: X2APIC (apic_id[0xffffffff] uid[0x93] disabled)
[Tue Feb 27 10:05:58 2024] ACPI: X2APIC (apic_id[0xffffffff] uid[0x94] disabled)
[Tue Feb 27 10:05:58 2024] ACPI: X2APIC (apic_id[0xffffffff] uid[0x95] disabled)
[Tue Feb 27 10:05:58 2024] ACPI: X2APIC (apic_id[0xffffffff] uid[0x96] disabled)
[Tue Feb 27 10:05:58 2024] ACPI: X2APIC (apic_id[0xffffffff] uid[0x97] disabled)
[Tue Feb 27 10:05:58 2024] ACPI: X2APIC (apic_id[0xffffffff] uid[0x98] disabled)
[Tue Feb 27 10:05:58 2024] ACPI: X2APIC (apic_id[0xffffffff] uid[0x99] disabled)
[Tue Feb 27 10:05:58 2024] ACPI: X2APIC (apic_id[0xffffffff] uid[0x9a] disabled)
[Tue Feb 27 10:05:58 2024] ACPI: X2APIC (apic_id[0xffffffff] uid[0x9b] disabled)
[Tue Feb 27 10:05:58 2024] ACPI: X2APIC (apic_id[0xffffffff] uid[0x9c] disabled)
[Tue Feb 27 10:05:58 2024] ACPI: X2APIC (apic_id[0xffffffff] uid[0x9d] disabled)
[Tue Feb 27 10:05:58 2024] ACPI: X2APIC (apic_id[0xffffffff] uid[0x9e] disabled)
[Tue Feb 27 10:05:58 2024] ACPI: X2APIC (apic_id[0xffffffff] uid[0x9f] disabled)
[Tue Feb 27 10:05:58 2024] ACPI: X2APIC (apic_id[0xffffffff] uid[0xa0] disabled)
[Tue Feb 27 10:05:58 2024] ACPI: X2APIC (apic_id[0xffffffff] uid[0xa1] disabled)
[Tue Feb 27 10:05:58 2024] ACPI: X2APIC (apic_id[0xffffffff] uid[0xa2] disabled)
[Tue Feb 27 10:05:58 2024] ACPI: X2APIC (apic_id[0xffffffff] uid[0xa3] disabled)
[Tue Feb 27 10:05:58 2024] ACPI: X2APIC (apic_id[0xffffffff] uid[0xa4] disabled)
[Tue Feb 27 10:05:58 2024] ACPI: X2APIC (apic_id[0xffffffff] uid[0xa5] disabled)
[Tue Feb 27 10:05:58 2024] ACPI: X2APIC (apic_id[0xffffffff] uid[0xa6] disabled)
[Tue Feb 27 10:05:58 2024] ACPI: X2APIC (apic_id[0xffffffff] uid[0xa7] disabled)
[Tue Feb 27 10:05:58 2024] ACPI: X2APIC (apic_id[0xffffffff] uid[0xa8] disabled)
[Tue Feb 27 10:05:58 2024] ACPI: X2APIC (apic_id[0xffffffff] uid[0xa9] disabled)
[Tue Feb 27 10:05:58 2024] ACPI: X2APIC (apic_id[0xffffffff] uid[0xaa] disabled)
[Tue Feb 27 10:05:58 2024] ACPI: X2APIC (apic_id[0xffffffff] uid[0xab] disabled)
[Tue Feb 27 10:05:58 2024] ACPI: X2APIC (apic_id[0xffffffff] uid[0xac] disabled)
[Tue Feb 27 10:05:58 2024] ACPI: X2APIC (apic_id[0xffffffff] uid[0xad] disabled)
[Tue Feb 27 10:05:58 2024] ACPI: X2APIC (apic_id[0xffffffff] uid[0xae] disabled)
[Tue Feb 27 10:05:58 2024] ACPI: X2APIC (apic_id[0xffffffff] uid[0xaf] disabled)
[Tue Feb 27 10:05:58 2024] ACPI: X2APIC (apic_id[0xffffffff] uid[0xb0] disabled)
[Tue Feb 27 10:05:58 2024] ACPI: X2APIC (apic_id[0xffffffff] uid[0xb1] disabled)
[Tue Feb 27 10:05:58 2024] ACPI: X2APIC (apic_id[0xffffffff] uid[0xb2] disabled)
[Tue Feb 27 10:05:58 2024] ACPI: X2APIC (apic_id[0xffffffff] uid[0xb3] disabled)
[Tue Feb 27 10:05:58 2024] ACPI: X2APIC (apic_id[0xffffffff] uid[0xb4] disabled)
[Tue Feb 27 10:05:58 2024] ACPI: X2APIC (apic_id[0xffffffff] uid[0xb5] disabled)
[Tue Feb 27 10:05:58 2024] ACPI: X2APIC (apic_id[0xffffffff] uid[0xb6] disabled)
[Tue Feb 27 10:05:58 2024] ACPI: X2APIC (apic_id[0xffffffff] uid[0xb7] disabled)
[Tue Feb 27 10:05:58 2024] ACPI: X2APIC (apic_id[0xffffffff] uid[0xb8] disabled)
[Tue Feb 27 10:05:58 2024] ACPI: X2APIC (apic_id[0xffffffff] uid[0xb9] disabled)
[Tue Feb 27 10:05:58 2024] ACPI: X2APIC (apic_id[0xffffffff] uid[0xba] disabled)
[Tue Feb 27 10:05:58 2024] ACPI: X2APIC (apic_id[0xffffffff] uid[0xbb] disabled)
[Tue Feb 27 10:05:58 2024] ACPI: X2APIC (apic_id[0xffffffff] uid[0xbc] disabled)
[Tue Feb 27 10:05:58 2024] ACPI: X2APIC (apic_id[0xffffffff] uid[0xbd] disabled)
[Tue Feb 27 10:05:58 2024] ACPI: X2APIC (apic_id[0xffffffff] uid[0xbe] disabled)
[Tue Feb 27 10:05:58 2024] ACPI: X2APIC (apic_id[0xffffffff] uid[0xbf] disabled)
[Tue Feb 27 10:05:58 2024] ACPI: X2APIC (apic_id[0xffffffff] uid[0xc0] disabled)
[Tue Feb 27 10:05:58 2024] ACPI: X2APIC (apic_id[0xffffffff] uid[0xc1] disabled)
[Tue Feb 27 10:05:58 2024] ACPI: X2APIC (apic_id[0xffffffff] uid[0xc2] disabled)
[Tue Feb 27 10:05:58 2024] ACPI: X2APIC (apic_id[0xffffffff] uid[0xc3] disabled)
[Tue Feb 27 10:05:58 2024] ACPI: X2APIC (apic_id[0xffffffff] uid[0xc4] disabled)
[Tue Feb 27 10:05:58 2024] ACPI: X2APIC (apic_id[0xffffffff] uid[0xc5] disabled)
[Tue Feb 27 10:05:58 2024] ACPI: X2APIC (apic_id[0xffffffff] uid[0xc6] disabled)
[Tue Feb 27 10:05:58 2024] ACPI: X2APIC (apic_id[0xffffffff] uid[0xc7] disabled)
[Tue Feb 27 10:05:58 2024] ACPI: X2APIC (apic_id[0xffffffff] uid[0xc8] disabled)
[Tue Feb 27 10:05:58 2024] ACPI: X2APIC (apic_id[0xffffffff] uid[0xc9] disabled)
[Tue Feb 27 10:05:58 2024] ACPI: X2APIC (apic_id[0xffffffff] uid[0xca] disabled)
[Tue Feb 27 10:05:58 2024] ACPI: X2APIC (apic_id[0xffffffff] uid[0xcb] disabled)
[Tue Feb 27 10:05:58 2024] ACPI: X2APIC (apic_id[0xffffffff] uid[0xcc] disabled)
[Tue Feb 27 10:05:58 2024] ACPI: X2APIC (apic_id[0xffffffff] uid[0xcd] disabled)
[Tue Feb 27 10:05:58 2024] ACPI: X2APIC (apic_id[0xffffffff] uid[0xce] disabled)
[Tue Feb 27 10:05:58 2024] ACPI: X2APIC (apic_id[0xffffffff] uid[0xcf] disabled)
[Tue Feb 27 10:05:58 2024] ACPI: X2APIC (apic_id[0xffffffff] uid[0xd0] disabled)
[Tue Feb 27 10:05:58 2024] ACPI: X2APIC (apic_id[0xffffffff] uid[0xd1] disabled)
[Tue Feb 27 10:05:58 2024] ACPI: X2APIC (apic_id[0xffffffff] uid[0xd2] disabled)
[Tue Feb 27 10:05:58 2024] ACPI: X2APIC (apic_id[0xffffffff] uid[0xd3] disabled)
[Tue Feb 27 10:05:58 2024] ACPI: X2APIC (apic_id[0xffffffff] uid[0xd4] disabled)
[Tue Feb 27 10:05:58 2024] ACPI: X2APIC (apic_id[0xffffffff] uid[0xd5] disabled)
[Tue Feb 27 10:05:58 2024] ACPI: X2APIC (apic_id[0xffffffff] uid[0xd6] disabled)
[Tue Feb 27 10:05:58 2024] ACPI: X2APIC (apic_id[0xffffffff] uid[0xd7] disabled)
[Tue Feb 27 10:05:58 2024] ACPI: X2APIC (apic_id[0xffffffff] uid[0xd8] disabled)
[Tue Feb 27 10:05:58 2024] ACPI: X2APIC (apic_id[0xffffffff] uid[0xd9] disabled)
[Tue Feb 27 10:05:58 2024] ACPI: X2APIC (apic_id[0xffffffff] uid[0xda] disabled)
[Tue Feb 27 10:05:58 2024] ACPI: X2APIC (apic_id[0xffffffff] uid[0xdb] disabled)
[Tue Feb 27 10:05:58 2024] ACPI: X2APIC (apic_id[0xffffffff] uid[0xdc] disabled)
[Tue Feb 27 10:05:58 2024] ACPI: X2APIC (apic_id[0xffffffff] uid[0xdd] disabled)
[Tue Feb 27 10:05:58 2024] ACPI: X2APIC (apic_id[0xffffffff] uid[0xde] disabled)
[Tue Feb 27 10:05:58 2024] ACPI: X2APIC (apic_id[0xffffffff] uid[0xdf] disabled)
[Tue Feb 27 10:05:58 2024] ACPI: X2APIC_NMI (uid[0xffffffff] high level lint[0x1])
[Tue Feb 27 10:05:58 2024] ACPI: LAPIC_NMI (acpi_id[0xff] high level lint[0x1])
[Tue Feb 27 10:05:58 2024] ACPI: IOAPIC (id[0x08] address[0xfec00000] gsi_base[0])
[Tue Feb 27 10:05:58 2024] IOAPIC[0]: apic_id 8, version 32, address 0xfec00000, GSI 0-23
[Tue Feb 27 10:05:58 2024] ACPI: IOAPIC (id[0x09] address[0xfec01000] gsi_base[24])
[Tue Feb 27 10:05:58 2024] IOAPIC[1]: apic_id 9, version 32, address 0xfec01000, GSI 24-31
[Tue Feb 27 10:05:58 2024] ACPI: IOAPIC (id[0x0a] address[0xfec08000] gsi_base[32])
[Tue Feb 27 10:05:58 2024] IOAPIC[2]: apic_id 10, version 32, address 0xfec08000, GSI 32-39
[Tue Feb 27 10:05:58 2024] ACPI: IOAPIC (id[0x0b] address[0xfec10000] gsi_base[40])
[Tue Feb 27 10:05:58 2024] IOAPIC[3]: apic_id 11, version 32, address 0xfec10000, GSI 40-47
[Tue Feb 27 10:05:58 2024] ACPI: IOAPIC (id[0x0c] address[0xfec18000] gsi_base[48])
[Tue Feb 27 10:05:58 2024] IOAPIC[4]: apic_id 12, version 32, address 0xfec18000, GSI 48-55
[Tue Feb 27 10:05:58 2024] ACPI: IOAPIC (id[0x0f] address[0xfec20000] gsi_base[72])
[Tue Feb 27 10:05:58 2024] IOAPIC[5]: apic_id 15, version 32, address 0xfec20000, GSI 72-79
[Tue Feb 27 10:05:58 2024] ACPI: IOAPIC (id[0x10] address[0xfec28000] gsi_base[80])
[Tue Feb 27 10:05:58 2024] IOAPIC[6]: apic_id 16, version 32, address 0xfec28000, GSI 80-87
[Tue Feb 27 10:05:58 2024] ACPI: IOAPIC (id[0x11] address[0xfec30000] gsi_base[88])
[Tue Feb 27 10:05:58 2024] IOAPIC[7]: apic_id 17, version 32, address 0xfec30000, GSI 88-95
[Tue Feb 27 10:05:58 2024] ACPI: IOAPIC (id[0x12] address[0xfec38000] gsi_base[96])
[Tue Feb 27 10:05:58 2024] IOAPIC[8]: apic_id 18, version 32, address 0xfec38000, GSI 96-103
[Tue Feb 27 10:05:58 2024] ACPI: INT_SRC_OVR (bus 0 bus_irq 0 global_irq 2 dfl dfl)
[Tue Feb 27 10:05:58 2024] ACPI: INT_SRC_OVR (bus 0 bus_irq 9 global_irq 9 high level)
[Tue Feb 27 10:05:58 2024] ACPI: IRQ0 used by override.
[Tue Feb 27 10:05:58 2024] ACPI: IRQ9 used by override.
[Tue Feb 27 10:05:58 2024] Using ACPI (MADT) for SMP configuration information
[Tue Feb 27 10:05:58 2024] ACPI: HPET id: 0x8086a701 base: 0xfed00000
[Tue Feb 27 10:05:58 2024] smpboot: Allowing 320 CPUs, 224 hotplug CPUs
[Tue Feb 27 10:05:58 2024] smpboot: Ignoring 128 unusable CPUs in ACPI table
[Tue Feb 27 10:05:58 2024] PM: Registered nosave memory: [mem 0x0009a000-0x0009afff]
[Tue Feb 27 10:05:58 2024] PM: Registered nosave memory: [mem 0x0009b000-0x0009ffff]
[Tue Feb 27 10:05:58 2024] PM: Registered nosave memory: [mem 0x000a0000-0x000dffff]
[Tue Feb 27 10:05:58 2024] PM: Registered nosave memory: [mem 0x000e0000-0x000fffff]
[Tue Feb 27 10:05:58 2024] PM: Registered nosave memory: [mem 0x5cded000-0x5d0d7fff]
[Tue Feb 27 10:05:58 2024] PM: Registered nosave memory: [mem 0x5f706000-0x5f760fff]
[Tue Feb 27 10:05:58 2024] PM: Registered nosave memory: [mem 0x5f7c9000-0x5f7f7fff]
[Tue Feb 27 10:05:58 2024] PM: Registered nosave memory: [mem 0x5fcd4000-0x5fefafff]
[Tue Feb 27 10:05:58 2024] PM: Registered nosave memory: [mem 0x638b0000-0x63963fff]
[Tue Feb 27 10:05:58 2024] PM: Registered nosave memory: [mem 0x63fc3000-0x6404bfff]
[Tue Feb 27 10:05:58 2024] PM: Registered nosave memory: [mem 0x64348000-0x64b49fff]
[Tue Feb 27 10:05:58 2024] PM: Registered nosave memory: [mem 0x64c2d000-0x65c2cfff]
[Tue Feb 27 10:05:58 2024] PM: Registered nosave memory: [mem 0x6756d000-0x6786cfff]
[Tue Feb 27 10:05:58 2024] PM: Registered nosave memory: [mem 0x6786d000-0x6829cfff]
[Tue Feb 27 10:05:58 2024] PM: Registered nosave memory: [mem 0x6829d000-0x6839cfff]
[Tue Feb 27 10:05:58 2024] PM: Registered nosave memory: [mem 0x6f800000-0x8fffffff]
[Tue Feb 27 10:05:58 2024] PM: Registered nosave memory: [mem 0x90000000-0xfcffffff]
[Tue Feb 27 10:05:58 2024] PM: Registered nosave memory: [mem 0xfd000000-0xfe7fffff]
[Tue Feb 27 10:05:58 2024] PM: Registered nosave memory: [mem 0xfe800000-0xfebfffff]
[Tue Feb 27 10:05:58 2024] PM: Registered nosave memory: [mem 0xfec00000-0xfec00fff]
[Tue Feb 27 10:05:58 2024] PM: Registered nosave memory: [mem 0xfec01000-0xfec7ffff]
[Tue Feb 27 10:05:58 2024] PM: Registered nosave memory: [mem 0xfec80000-0xfed00fff]
[Tue Feb 27 10:05:58 2024] PM: Registered nosave memory: [mem 0xfed01000-0xff7fffff]
[Tue Feb 27 10:05:58 2024] PM: Registered nosave memory: [mem 0xff800000-0x100bfffff]
[Tue Feb 27 10:05:58 2024] e820: [mem 0x90000000-0xfcffffff] available for PCI devices
[Tue Feb 27 10:05:58 2024] Booting paravirtualized kernel on bare hardware
[Tue Feb 27 10:05:58 2024] setup_percpu: NR_CPUS:5120 nr_cpumask_bits:320 nr_cpu_ids:320 nr_node_ids:2
[Tue Feb 27 10:05:58 2024] percpu: Embedded 38 pages/cpu s118784 r8192 d28672 u262144
[Tue Feb 27 10:05:58 2024] pcpu-alloc: s118784 r8192 d28672 u262144 alloc=1*2097152
[Tue Feb 27 10:05:58 2024] pcpu-alloc: [0] 000 001 002 003 004 005 006 007 
[Tue Feb 27 10:05:58 2024] pcpu-alloc: [0] 008 009 010 011 012 013 014 015 
[Tue Feb 27 10:05:58 2024] pcpu-alloc: [0] 016 017 018 019 020 021 022 023 
[Tue Feb 27 10:05:58 2024] pcpu-alloc: [0] 048 049 050 051 052 053 054 055 
[Tue Feb 27 10:05:58 2024] pcpu-alloc: [0] 056 057 058 059 060 061 062 063 
[Tue Feb 27 10:05:58 2024] pcpu-alloc: [0] 064 065 066 067 068 069 070 071 
[Tue Feb 27 10:05:58 2024] pcpu-alloc: [0] 096 098 100 102 104 106 108 110 
[Tue Feb 27 10:05:58 2024] pcpu-alloc: [0] 112 114 116 118 120 122 124 126 
[Tue Feb 27 10:05:58 2024] pcpu-alloc: [0] 128 130 132 134 136 138 140 142 
[Tue Feb 27 10:05:58 2024] pcpu-alloc: [0] 144 146 148 150 152 154 156 158 
[Tue Feb 27 10:05:58 2024] pcpu-alloc: [0] 160 162 164 166 168 170 172 174 
[Tue Feb 27 10:05:58 2024] pcpu-alloc: [0] 176 178 180 182 184 186 188 190 
[Tue Feb 27 10:05:58 2024] pcpu-alloc: [0] 192 194 196 198 200 202 204 206 
[Tue Feb 27 10:05:58 2024] pcpu-alloc: [0] 208 210 212 214 216 218 220 222 
[Tue Feb 27 10:05:58 2024] pcpu-alloc: [0] 224 226 228 230 232 234 236 238 
[Tue Feb 27 10:05:58 2024] pcpu-alloc: [0] 240 242 244 246 248 250 252 254 
[Tue Feb 27 10:05:58 2024] pcpu-alloc: [0] 256 258 260 262 264 266 268 270 
[Tue Feb 27 10:05:58 2024] pcpu-alloc: [0] 272 274 276 278 280 282 284 286 
[Tue Feb 27 10:05:58 2024] pcpu-alloc: [0] 288 290 292 294 296 298 300 302 
[Tue Feb 27 10:05:58 2024] pcpu-alloc: [0] 304 306 308 310 312 314 316 318 
[Tue Feb 27 10:05:58 2024] pcpu-alloc: [1] 024 025 026 027 028 029 030 031 
[Tue Feb 27 10:05:58 2024] pcpu-alloc: [1] 032 033 034 035 036 037 038 039 
[Tue Feb 27 10:05:58 2024] pcpu-alloc: [1] 040 041 042 043 044 045 046 047 
[Tue Feb 27 10:05:58 2024] pcpu-alloc: [1] 072 073 074 075 076 077 078 079 
[Tue Feb 27 10:05:58 2024] pcpu-alloc: [1] 080 081 082 083 084 085 086 087 
[Tue Feb 27 10:05:58 2024] pcpu-alloc: [1] 088 089 090 091 092 093 094 095 
[Tue Feb 27 10:05:58 2024] pcpu-alloc: [1] 097 099 101 103 105 107 109 111 
[Tue Feb 27 10:05:58 2024] pcpu-alloc: [1] 113 115 117 119 121 123 125 127 
[Tue Feb 27 10:05:58 2024] pcpu-alloc: [1] 129 131 133 135 137 139 141 143 
[Tue Feb 27 10:05:58 2024] pcpu-alloc: [1] 145 147 149 151 153 155 157 159 
[Tue Feb 27 10:05:58 2024] pcpu-alloc: [1] 161 163 165 167 169 171 173 175 
[Tue Feb 27 10:05:58 2024] pcpu-alloc: [1] 177 179 181 183 185 187 189 191 
[Tue Feb 27 10:05:58 2024] pcpu-alloc: [1] 193 195 197 199 201 203 205 207 
[Tue Feb 27 10:05:58 2024] pcpu-alloc: [1] 209 211 213 215 217 219 221 223 
[Tue Feb 27 10:05:58 2024] pcpu-alloc: [1] 225 227 229 231 233 235 237 239 
[Tue Feb 27 10:05:58 2024] pcpu-alloc: [1] 241 243 245 247 249 251 253 255 
[Tue Feb 27 10:05:58 2024] pcpu-alloc: [1] 257 259 261 263 265 267 269 271 
[Tue Feb 27 10:05:58 2024] pcpu-alloc: [1] 273 275 277 279 281 283 285 287 
[Tue Feb 27 10:05:58 2024] pcpu-alloc: [1] 289 291 293 295 297 299 301 303 
[Tue Feb 27 10:05:58 2024] pcpu-alloc: [1] 305 307 309 311 313 315 317 319 
[Tue Feb 27 10:05:58 2024] Built 2 zonelists in Zone order, mobility grouping on.  Total pages: 49206093
[Tue Feb 27 10:05:58 2024] Policy zone: Normal
[Tue Feb 27 10:05:58 2024] Kernel command line: BOOT_IMAGE=/vmlinuz-3.10.0-1160.90.1.el7.x86_64 root=/dev/mapper/vg_main-lv_root ro crashkernel=auto rd.lvm.lv=vg_main/lv_root rhgb quiet
[Tue Feb 27 10:05:58 2024] PID hash table entries: 4096 (order: 3, 32768 bytes)
[Tue Feb 27 10:05:58 2024] x86/fpu: xstate_offset[2]: 0240, xstate_sizes[2]: 0100
[Tue Feb 27 10:05:58 2024] x86/fpu: xstate_offset[3]: 03c0, xstate_sizes[3]: 0040
[Tue Feb 27 10:05:58 2024] x86/fpu: xstate_offset[4]: 0400, xstate_sizes[4]: 0040
[Tue Feb 27 10:05:58 2024] x86/fpu: xstate_offset[5]: 0440, xstate_sizes[5]: 0040
[Tue Feb 27 10:05:58 2024] x86/fpu: xstate_offset[6]: 0480, xstate_sizes[6]: 0200
[Tue Feb 27 10:05:58 2024] x86/fpu: xstate_offset[7]: 0680, xstate_sizes[7]: 0400
[Tue Feb 27 10:05:58 2024] x86/fpu: xstate_offset[8]: 0000, xstate_sizes[8]: 0080
[Tue Feb 27 10:05:58 2024] x86/fpu: xstate_offset[9]: 0a80, xstate_sizes[9]: 0008
[Tue Feb 27 10:05:58 2024] xsave: enabled xstate_bv 0x2ff, cntxt size 0xa88 using standard form
[Tue Feb 27 10:05:58 2024] Memory: 5699116k/202375168k available (7988k kernel code, 2426312k absent, 3457508k reserved, 5756k data, 2176k init)
[Tue Feb 27 10:05:58 2024] SLUB: HWalign=64, Order=0-3, MinObjects=0, CPUs=320, Nodes=2
[Tue Feb 27 10:05:58 2024] Hierarchical RCU implementation.
[Tue Feb 27 10:05:58 2024] 	RCU restricting CPUs from NR_CPUS=5120 to nr_cpu_ids=320.
[Tue Feb 27 10:05:58 2024] NR_IRQS:327936 nr_irqs:4344 0
[Tue Feb 27 10:05:58 2024] Console: colour VGA+ 80x25
[Tue Feb 27 10:05:58 2024] console [tty0] enabled
[Tue Feb 27 10:05:58 2024] allocated 1600126976 bytes of page_cgroup
[Tue Feb 27 10:05:58 2024] please try 'cgroup_disable=memory' option if you don't want memory cgroups
[Tue Feb 27 10:05:58 2024] Enabling automatic NUMA balancing. Configure with numa_balancing= or the kernel.numa_balancing sysctl
[Tue Feb 27 10:05:58 2024] hpet clockevent registered
[Tue Feb 27 10:05:58 2024] tsc: Detected 2400.000 MHz processor
[Tue Feb 27 10:05:58 2024] Calibrating delay loop (skipped), value calculated using timer frequency.. 4800.00 BogoMIPS (lpj=2400000)
[Tue Feb 27 10:05:58 2024] pid_max: default: 327680 minimum: 2560
[Tue Feb 27 10:05:58 2024] Security Framework initialized
[Tue Feb 27 10:05:58 2024] SELinux:  Initializing.
[Tue Feb 27 10:05:58 2024] SELinux:  Starting in permissive mode
[Tue Feb 27 10:05:58 2024] Yama: becoming mindful.
[Tue Feb 27 10:05:58 2024] Dentry cache hash table entries: 33554432 (order: 16, 268435456 bytes)
[Tue Feb 27 10:05:58 2024] Inode-cache hash table entries: 16777216 (order: 15, 134217728 bytes)
[Tue Feb 27 10:05:58 2024] Mount-cache hash table entries: 524288 (order: 10, 4194304 bytes)
[Tue Feb 27 10:05:58 2024] Mountpoint-cache hash table entries: 524288 (order: 10, 4194304 bytes)
[Tue Feb 27 10:05:58 2024] Initializing cgroup subsys memory
[Tue Feb 27 10:05:58 2024] Initializing cgroup subsys devices
[Tue Feb 27 10:05:58 2024] Initializing cgroup subsys freezer
[Tue Feb 27 10:05:58 2024] Initializing cgroup subsys net_cls
[Tue Feb 27 10:05:58 2024] Initializing cgroup subsys blkio
[Tue Feb 27 10:05:58 2024] Initializing cgroup subsys perf_event
[Tue Feb 27 10:05:58 2024] Initializing cgroup subsys hugetlb
[Tue Feb 27 10:05:58 2024] Initializing cgroup subsys pids
[Tue Feb 27 10:05:58 2024] Initializing cgroup subsys net_prio
[Tue Feb 27 10:05:58 2024] ENERGY_PERF_BIAS: Set to 'normal', was 'performance'
[Tue Feb 27 10:05:58 2024] ENERGY_PERF_BIAS: View and update with x86_energy_perf_policy(8)
[Tue Feb 27 10:05:58 2024] CPU0: Thermal monitoring enabled (TM1)
[Tue Feb 27 10:05:58 2024] Last level iTLB entries: 4KB 0, 2MB 0, 4MB 0
[Tue Feb 27 10:05:58 2024] Last level dTLB entries: 4KB 64, 2MB 0, 4MB 0
[Tue Feb 27 10:05:58 2024] tlb_flushall_shift: 6
[Tue Feb 27 10:05:58 2024] FEATURE SPEC_CTRL Present
[Tue Feb 27 10:05:58 2024] FEATURE IBPB_SUPPORT Present
[Tue Feb 27 10:05:58 2024] Spectre V1 : Mitigation: Load fences, usercopy/swapgs barriers and __user pointer sanitization
[Tue Feb 27 10:05:58 2024] Spectre V2 : Enabling Indirect Branch Prediction Barrier
[Tue Feb 27 10:05:58 2024] Spectre V2 : Mitigation: Enhanced IBRS
[Tue Feb 27 10:05:58 2024] Filling RSB on context switch
[Tue Feb 27 10:05:58 2024] RETBleed: Mitigation: Enhanced IBRS
[Tue Feb 27 10:05:58 2024] Speculative Store Bypass: Mitigation: Speculative Store Bypass disabled via prctl and seccomp
[Tue Feb 27 10:05:58 2024] TAA: Mitigation: Clear CPU buffers
[Tue Feb 27 10:05:58 2024] MMIO Stale Data: Mitigation: Clear CPU buffers
[Tue Feb 27 10:05:58 2024] Freeing SMP alternatives: 28k freed
[Tue Feb 27 10:05:58 2024] ACPI: Core revision 20130517
[Tue Feb 27 10:05:58 2024] ACPI: All ACPI Tables successfully acquired
[Tue Feb 27 10:05:58 2024] ftrace: allocating 29705 entries in 117 pages
[Tue Feb 27 10:05:58 2024] IRQ remapping doesn't support X2APIC mode, disable x2apic.
[Tue Feb 27 10:05:58 2024] Switched APIC routing to physical flat.
[Tue Feb 27 10:05:58 2024] ..TIMER: vector=0x30 apic1=0 pin1=2 apic2=-1 pin2=-1
[Tue Feb 27 10:05:58 2024] smpboot: CPU0: Intel(R) Xeon(R) Gold 6240R CPU @ 2.40GHz (fam: 06, model: 55, stepping: 07)
[Tue Feb 27 10:05:58 2024] TSC deadline timer enabled
[Tue Feb 27 10:05:58 2024] Performance Events: PEBS fmt3+, Skylake events, 32-deep LBR, full-width counters, Intel PMU driver.
[Tue Feb 27 10:05:58 2024] ... version:                4
[Tue Feb 27 10:05:58 2024] ... bit width:              48
[Tue Feb 27 10:05:58 2024] ... generic registers:      4
[Tue Feb 27 10:05:58 2024] ... value mask:             0000ffffffffffff
[Tue Feb 27 10:05:58 2024] ... max period:             00007fffffffffff
[Tue Feb 27 10:05:58 2024] ... fixed-purpose events:   3
[Tue Feb 27 10:05:58 2024] ... event mask:             000000070000000f
[Tue Feb 27 10:05:58 2024] NMI watchdog: enabled on all CPUs, permanently consumes one hw-PMU counter.
[Tue Feb 27 10:05:58 2024] smpboot: Booting Node   0, Processors  #1 #2 #3 #4 #5 #6 #7 #8 #9 #10 #11 #12 #13 #14 #15 #16 #17 #18 #19 #20 #21 #22 #23 OK
[Tue Feb 27 10:05:58 2024] smpboot: CPU 24 Converting physical 0 to logical die 1
[Tue Feb 27 10:05:58 2024] smpboot: Booting Node   1, Processors  #24 #25 #26 #27 #28 #29 #30 #31 #32 #33 #34 #35 #36 #37 #38 #39 #40 #41 #42 #43 #44 #45 #46 #47 OK
[Tue Feb 27 10:05:58 2024] smpboot: Booting Node   0, Processors  #48
[Tue Feb 27 10:05:58 2024] TAA CPU bug present and SMT on, data leak possible. See https://www.kernel.org/doc/html/latest/admin-guide/hw-vuln/tsx_async_abort.html for more details.
[Tue Feb 27 10:05:58 2024] MMIO Stale Data CPU bug present and SMT on, data leak possible. See https://www.kernel.org/doc/html/latest/admin-guide/hw-vuln/processor_mmio_stale_data.html for more details.
[Tue Feb 27 10:05:58 2024]  #49 #50 #51 #52 #53 #54 #55 #56 #57 #58 #59 #60 #61 #62 #63 #64 #65 #66 #67 #68 #69 #70 #71 OK
[Tue Feb 27 10:05:58 2024] smpboot: Booting Node   1, Processors  #72 #73 #74 #75 #76 #77 #78 #79 #80 #81 #82 #83 #84 #85 #86 #87 #88 #89 #90 #91 #92 #93 #94 #95
[Tue Feb 27 10:05:58 2024] Brought up 96 CPUs
[Tue Feb 27 10:05:58 2024] smpboot: Max logical packages: 7
[Tue Feb 27 10:05:58 2024] smpboot: Total of 96 processors activated (461067.64 BogoMIPS)
[Tue Feb 27 10:06:00 2024] node 0 initialised, 23460800 pages in 467ms
[Tue Feb 27 10:06:00 2024] node 1 initialised, 24237254 pages in 489ms
[Tue Feb 27 10:06:00 2024] devtmpfs: initialized
[Tue Feb 27 10:06:00 2024] x86/mm: Memory block size: 1024MB
[Tue Feb 27 10:06:00 2024] EVM: security.selinux
[Tue Feb 27 10:06:00 2024] EVM: security.ima
[Tue Feb 27 10:06:00 2024] EVM: security.capability
[Tue Feb 27 10:06:00 2024] PM: Registering ACPI NVS region [mem 0x6786d000-0x6829cfff] (10682368 bytes)
[Tue Feb 27 10:06:00 2024] atomic64 test passed for x86-64 platform with CX8 and with SSE
[Tue Feb 27 10:06:00 2024] pinctrl core: initialized pinctrl subsystem
[Tue Feb 27 10:06:00 2024] RTC time:  1:06:00, date: 02/27/24
[Tue Feb 27 10:06:00 2024] NET: Registered protocol family 16
[Tue Feb 27 10:06:00 2024] ACPI FADT declares the system doesn't support PCIe ASPM, so disable it
[Tue Feb 27 10:06:00 2024] ACPI: bus type PCI registered
[Tue Feb 27 10:06:00 2024] acpiphp: ACPI Hot Plug PCI Controller Driver version: 0.5
[Tue Feb 27 10:06:00 2024] PCI: MMCONFIG for domain 0000 [bus 00-ff] at [mem 0x80000000-0x8fffffff] (base 0x80000000)
[Tue Feb 27 10:06:00 2024] PCI: MMCONFIG at [mem 0x80000000-0x8fffffff] reserved in E820
[Tue Feb 27 10:06:00 2024] PCI: Using configuration type 1 for base access
[Tue Feb 27 10:06:00 2024] ACPI: Added _OSI(Module Device)
[Tue Feb 27 10:06:00 2024] ACPI: Added _OSI(Processor Device)
[Tue Feb 27 10:06:00 2024] ACPI: Added _OSI(3.0 _SCP Extensions)
[Tue Feb 27 10:06:00 2024] ACPI: Added _OSI(Processor Aggregator Device)
[Tue Feb 27 10:06:00 2024] ACPI: Added _OSI(Linux-Dell-Video)
[Tue Feb 27 10:06:00 2024] ACPI: EC: Look up EC in DSDT
[Tue Feb 27 10:06:00 2024] ACPI: [Firmware Bug]: BIOS _OSI(Linux) query ignored
[Tue Feb 27 10:06:00 2024] ACPI: Dynamic OEM Table Load:
[Tue Feb 27 10:06:00 2024] ACPI: OEM1           (null) 2A2C4 (v02  INTEL CPU EIST 00003000 INTL 20140828)
[Tue Feb 27 10:06:00 2024] ACPI: Dynamic OEM Table Load:
[Tue Feb 27 10:06:00 2024] ACPI: OEM3           (null) 26664 (v02  INTEL CPU  TST 00003000 INTL 20140828)
[Tue Feb 27 10:06:00 2024] ACPI: Dynamic OEM Table Load:
[Tue Feb 27 10:06:00 2024] ACPI: OEM4           (null) A27C4 (v02  INTEL CPU  CST 00003000 INTL 20140828)
[Tue Feb 27 10:06:00 2024] ACPI: Interpreter enabled
[Tue Feb 27 10:06:00 2024] ACPI: (supports S0 S5)
[Tue Feb 27 10:06:00 2024] ACPI: Using IOAPIC for interrupt routing
[Tue Feb 27 10:06:00 2024] HEST: Table parsing has been initialized.
[Tue Feb 27 10:06:00 2024] PCI: Using host bridge windows from ACPI; if necessary, use "pci=nocrs" and report a bug
[Tue Feb 27 10:06:00 2024] ACPI: Enabled 7 GPEs in block 00 to 7F
[Tue Feb 27 10:06:00 2024] ACPI: PCI Root Bridge [PC00] (domain 0000 [bus 00-16])
[Tue Feb 27 10:06:00 2024] acpi PNP0A08:00: _OSC: OS supports [ExtendedConfig ASPM ClockPM Segments MSI]
[Tue Feb 27 10:06:00 2024] acpi PNP0A08:00: _OSC: platform does not support [SHPCHotplug AER]
[Tue Feb 27 10:06:00 2024] acpi PNP0A08:00: _OSC: OS now controls [PCIeHotplug PME PCIeCapability]
[Tue Feb 27 10:06:00 2024] acpi PNP0A08:00: FADT indicates ASPM is unsupported, using BIOS configuration
[Tue Feb 27 10:06:00 2024] PCI host bridge to bus 0000:00
[Tue Feb 27 10:06:00 2024] pci_bus 0000:00: root bus resource [io  0x0000-0x0cf7 window]
[Tue Feb 27 10:06:00 2024] pci_bus 0000:00: root bus resource [io  0x1000-0x3fff window]
[Tue Feb 27 10:06:00 2024] pci_bus 0000:00: root bus resource [mem 0x000a0000-0x000bffff window]
[Tue Feb 27 10:06:00 2024] pci_bus 0000:00: root bus resource [mem 0x000c4000-0x000c7fff window]
[Tue Feb 27 10:06:00 2024] pci_bus 0000:00: root bus resource [mem 0xfe010000-0xfe010fff window]
[Tue Feb 27 10:06:00 2024] pci_bus 0000:00: root bus resource [mem 0x90000000-0x9d7fffff window]
[Tue Feb 27 10:06:00 2024] pci_bus 0000:00: root bus resource [mem 0x380000000000-0x383fffffffff window]
[Tue Feb 27 10:06:00 2024] pci_bus 0000:00: root bus resource [bus 00-16]
[Tue Feb 27 10:06:00 2024] pci 0000:00:00.0: [8086:2020] type 00 class 0x060000
[Tue Feb 27 10:06:00 2024] pci 0000:00:04.0: [8086:2021] type 00 class 0x088000
[Tue Feb 27 10:06:00 2024] pci 0000:00:04.0: reg 0x10: [mem 0x383ffff2c000-0x383ffff2ffff 64bit]
[Tue Feb 27 10:06:00 2024] pci 0000:00:04.1: [8086:2021] type 00 class 0x088000
[Tue Feb 27 10:06:00 2024] pci 0000:00:04.1: reg 0x10: [mem 0x383ffff28000-0x383ffff2bfff 64bit]
[Tue Feb 27 10:06:00 2024] pci 0000:00:04.2: [8086:2021] type 00 class 0x088000
[Tue Feb 27 10:06:00 2024] pci 0000:00:04.2: reg 0x10: [mem 0x383ffff24000-0x383ffff27fff 64bit]
[Tue Feb 27 10:06:00 2024] pci 0000:00:04.3: [8086:2021] type 00 class 0x088000
[Tue Feb 27 10:06:00 2024] pci 0000:00:04.3: reg 0x10: [mem 0x383ffff20000-0x383ffff23fff 64bit]
[Tue Feb 27 10:06:00 2024] pci 0000:00:04.4: [8086:2021] type 00 class 0x088000
[Tue Feb 27 10:06:00 2024] pci 0000:00:04.4: reg 0x10: [mem 0x383ffff1c000-0x383ffff1ffff 64bit]
[Tue Feb 27 10:06:00 2024] pci 0000:00:04.5: [8086:2021] type 00 class 0x088000
[Tue Feb 27 10:06:00 2024] pci 0000:00:04.5: reg 0x10: [mem 0x383ffff18000-0x383ffff1bfff 64bit]
[Tue Feb 27 10:06:00 2024] pci 0000:00:04.6: [8086:2021] type 00 class 0x088000
[Tue Feb 27 10:06:00 2024] pci 0000:00:04.6: reg 0x10: [mem 0x383ffff14000-0x383ffff17fff 64bit]
[Tue Feb 27 10:06:00 2024] pci 0000:00:04.7: [8086:2021] type 00 class 0x088000
[Tue Feb 27 10:06:00 2024] pci 0000:00:04.7: reg 0x10: [mem 0x383ffff10000-0x383ffff13fff 64bit]
[Tue Feb 27 10:06:00 2024] pci 0000:00:05.0: [8086:2024] type 00 class 0x088000
[Tue Feb 27 10:06:00 2024] pci 0000:00:05.2: [8086:2025] type 00 class 0x088000
[Tue Feb 27 10:06:00 2024] pci 0000:00:05.4: [8086:2026] type 00 class 0x080020
[Tue Feb 27 10:06:00 2024] pci 0000:00:05.4: reg 0x10: [mem 0x9220a000-0x9220afff]
[Tue Feb 27 10:06:00 2024] pci 0000:00:08.0: [8086:2014] type 00 class 0x088000
[Tue Feb 27 10:06:00 2024] pci 0000:00:08.1: [8086:2015] type 00 class 0x110100
[Tue Feb 27 10:06:00 2024] pci 0000:00:08.2: [8086:2016] type 00 class 0x088000
[Tue Feb 27 10:06:00 2024] pci 0000:00:11.0: [8086:a1ec] type 00 class 0xff0000
[Tue Feb 27 10:06:00 2024] pci 0000:00:11.0: device has non-compliant BARs; disabling IO/MEM decoding
[Tue Feb 27 10:06:00 2024] pci 0000:00:11.1: [8086:a1ed] type 00 class 0xff0000
[Tue Feb 27 10:06:00 2024] pci 0000:00:11.1: device has non-compliant BARs; disabling IO/MEM decoding
[Tue Feb 27 10:06:00 2024] pci 0000:00:11.5: [8086:a1d2] type 00 class 0x010601
[Tue Feb 27 10:06:00 2024] pci 0000:00:11.5: reg 0x10: [mem 0x92206000-0x92207fff]
[Tue Feb 27 10:06:00 2024] pci 0000:00:11.5: reg 0x14: [mem 0x92209000-0x922090ff]
[Tue Feb 27 10:06:00 2024] pci 0000:00:11.5: reg 0x18: [io  0x3068-0x306f]
[Tue Feb 27 10:06:00 2024] pci 0000:00:11.5: reg 0x1c: [io  0x3074-0x3077]
[Tue Feb 27 10:06:00 2024] pci 0000:00:11.5: reg 0x20: [io  0x3040-0x305f]
[Tue Feb 27 10:06:00 2024] pci 0000:00:11.5: reg 0x24: [mem 0x92180000-0x921fffff]
[Tue Feb 27 10:06:00 2024] pci 0000:00:11.5: PME# supported from D3hot
[Tue Feb 27 10:06:00 2024] pci 0000:00:14.0: [8086:a1af] type 00 class 0x0c0330
[Tue Feb 27 10:06:00 2024] pci 0000:00:14.0: reg 0x10: [mem 0x383ffff00000-0x383ffff0ffff 64bit]
[Tue Feb 27 10:06:00 2024] pci 0000:00:14.0: PME# supported from D3hot D3cold
[Tue Feb 27 10:06:00 2024] pci 0000:00:14.0: System wakeup disabled by ACPI
[Tue Feb 27 10:06:00 2024] pci 0000:00:14.2: [8086:a1b1] type 00 class 0x118000
[Tue Feb 27 10:06:00 2024] pci 0000:00:14.2: reg 0x10: [mem 0x383ffff34000-0x383ffff34fff 64bit]
[Tue Feb 27 10:06:00 2024] pci 0000:00:16.0: [8086:a1ba] type 00 class 0x078000
[Tue Feb 27 10:06:00 2024] pci 0000:00:16.0: reg 0x10: [mem 0x383ffff33000-0x383ffff33fff 64bit]
[Tue Feb 27 10:06:00 2024] pci 0000:00:16.0: PME# supported from D3hot
[Tue Feb 27 10:06:00 2024] pci 0000:00:16.1: [8086:a1bb] type 00 class 0x078000
[Tue Feb 27 10:06:00 2024] pci 0000:00:16.1: reg 0x10: [mem 0x383ffff32000-0x383ffff32fff 64bit]
[Tue Feb 27 10:06:00 2024] pci 0000:00:16.1: PME# supported from D3hot
[Tue Feb 27 10:06:00 2024] pci 0000:00:16.4: [8086:a1be] type 00 class 0x078000
[Tue Feb 27 10:06:00 2024] pci 0000:00:16.4: reg 0x10: [mem 0x383ffff31000-0x383ffff31fff 64bit]
[Tue Feb 27 10:06:00 2024] pci 0000:00:16.4: PME# supported from D3hot
[Tue Feb 27 10:06:00 2024] pci 0000:00:17.0: [8086:a182] type 00 class 0x010601
[Tue Feb 27 10:06:00 2024] pci 0000:00:17.0: reg 0x10: [mem 0x92204000-0x92205fff]
[Tue Feb 27 10:06:00 2024] pci 0000:00:17.0: reg 0x14: [mem 0x92208000-0x922080ff]
[Tue Feb 27 10:06:00 2024] pci 0000:00:17.0: reg 0x18: [io  0x3060-0x3067]
[Tue Feb 27 10:06:00 2024] pci 0000:00:17.0: reg 0x1c: [io  0x3070-0x3073]
[Tue Feb 27 10:06:00 2024] pci 0000:00:17.0: reg 0x20: [io  0x3020-0x303f]
[Tue Feb 27 10:06:00 2024] pci 0000:00:17.0: reg 0x24: [mem 0x92100000-0x9217ffff]
[Tue Feb 27 10:06:00 2024] pci 0000:00:17.0: PME# supported from D3hot
[Tue Feb 27 10:06:00 2024] pci 0000:00:1c.0: [8086:a193] type 01 class 0x060400
[Tue Feb 27 10:06:00 2024] pci 0000:00:1c.0: PME# supported from D0 D3hot D3cold
[Tue Feb 27 10:06:00 2024] pci 0000:00:1c.0: System wakeup disabled by ACPI
[Tue Feb 27 10:06:00 2024] pci 0000:00:1f.0: [8086:a1c3] type 00 class 0x060100
[Tue Feb 27 10:06:00 2024] pci 0000:00:1f.2: [8086:a1a1] type 00 class 0x058000
[Tue Feb 27 10:06:00 2024] pci 0000:00:1f.2: reg 0x10: [mem 0x92200000-0x92203fff]
[Tue Feb 27 10:06:00 2024] pci 0000:00:1f.4: [8086:a1a3] type 00 class 0x0c0500
[Tue Feb 27 10:06:00 2024] pci 0000:00:1f.4: reg 0x10: [mem 0x383ffff30000-0x383ffff300ff 64bit]
[Tue Feb 27 10:06:00 2024] pci 0000:00:1f.4: reg 0x20: [io  0x3000-0x301f]
[Tue Feb 27 10:06:00 2024] pci 0000:00:1f.5: [8086:a1a4] type 00 class 0x0c8000
[Tue Feb 27 10:06:00 2024] pci 0000:00:1f.5: reg 0x10: [mem 0xfe010000-0xfe010fff]
[Tue Feb 27 10:06:00 2024] pci 0000:01:00.0: [1a03:1150] type 01 class 0x060400
[Tue Feb 27 10:06:00 2024] pci 0000:01:00.0: supports D1 D2
[Tue Feb 27 10:06:00 2024] pci 0000:01:00.0: PME# supported from D0 D1 D2 D3hot D3cold
[Tue Feb 27 10:06:00 2024] pci 0000:01:00.0: System wakeup disabled by ACPI
[Tue Feb 27 10:06:00 2024] pci 0000:00:1c.0: PCI bridge to [bus 01-02]
[Tue Feb 27 10:06:00 2024] pci 0000:00:1c.0:   bridge window [io  0x2000-0x2fff]
[Tue Feb 27 10:06:00 2024] pci 0000:00:1c.0:   bridge window [mem 0x91000000-0x920fffff]
[Tue Feb 27 10:06:00 2024] pci 0000:02:00.0: [1a03:2000] type 00 class 0x030000
[Tue Feb 27 10:06:00 2024] pci 0000:02:00.0: reg 0x10: [mem 0x91000000-0x91ffffff]
[Tue Feb 27 10:06:00 2024] pci 0000:02:00.0: reg 0x14: [mem 0x92000000-0x9201ffff]
[Tue Feb 27 10:06:00 2024] pci 0000:02:00.0: reg 0x18: [io  0x2000-0x207f]
[Tue Feb 27 10:06:00 2024] pci 0000:02:00.0: supports D1 D2
[Tue Feb 27 10:06:00 2024] pci 0000:02:00.0: PME# supported from D0 D1 D2 D3hot D3cold
[Tue Feb 27 10:06:00 2024] pci 0000:01:00.0: PCI bridge to [bus 02]
[Tue Feb 27 10:06:00 2024] pci 0000:01:00.0:   bridge window [io  0x2000-0x2fff]
[Tue Feb 27 10:06:00 2024] pci 0000:01:00.0:   bridge window [mem 0x91000000-0x920fffff]
[Tue Feb 27 10:06:00 2024] pci_bus 0000:00: on NUMA node 0
[Tue Feb 27 10:06:00 2024] ACPI: PCI Interrupt Link [LNKA] (IRQs 3 4 5 6 10 *11 12 14 15)
[Tue Feb 27 10:06:00 2024] ACPI: PCI Interrupt Link [LNKB] (IRQs 3 4 5 6 *10 11 12 14 15)
[Tue Feb 27 10:06:00 2024] ACPI: PCI Interrupt Link [LNKC] (IRQs 3 4 5 6 10 *11 12 14 15)
[Tue Feb 27 10:06:00 2024] ACPI: PCI Interrupt Link [LNKD] (IRQs 3 4 5 6 10 *11 12 14 15)
[Tue Feb 27 10:06:00 2024] ACPI: PCI Interrupt Link [LNKE] (IRQs 3 4 5 6 10 *11 12 14 15)
[Tue Feb 27 10:06:00 2024] ACPI: PCI Interrupt Link [LNKF] (IRQs 3 4 5 6 10 *11 12 14 15)
[Tue Feb 27 10:06:00 2024] ACPI: PCI Interrupt Link [LNKG] (IRQs 3 4 5 6 10 *11 12 14 15)
[Tue Feb 27 10:06:00 2024] ACPI: PCI Interrupt Link [LNKH] (IRQs 3 4 5 6 10 *11 12 14 15)
[Tue Feb 27 10:06:00 2024] ACPI: PCI Root Bridge [PC01] (domain 0000 [bus 17-39])
[Tue Feb 27 10:06:00 2024] acpi PNP0A08:01: _OSC: OS supports [ExtendedConfig ASPM ClockPM Segments MSI]
[Tue Feb 27 10:06:00 2024] acpi PNP0A08:01: _OSC: platform does not support [SHPCHotplug AER]
[Tue Feb 27 10:06:00 2024] acpi PNP0A08:01: _OSC: OS now controls [PCIeHotplug PME PCIeCapability]
[Tue Feb 27 10:06:00 2024] acpi PNP0A08:01: FADT indicates ASPM is unsupported, using BIOS configuration
[Tue Feb 27 10:06:00 2024] PCI host bridge to bus 0000:17
[Tue Feb 27 10:06:00 2024] pci_bus 0000:17: root bus resource [io  0x4000-0x5fff window]
[Tue Feb 27 10:06:00 2024] pci_bus 0000:17: root bus resource [mem 0x9d800000-0xaaffffff window]
[Tue Feb 27 10:06:00 2024] pci_bus 0000:17: root bus resource [mem 0x384000000000-0x387fffffffff window]
[Tue Feb 27 10:06:00 2024] pci_bus 0000:17: root bus resource [bus 17-39]
[Tue Feb 27 10:06:00 2024] pci 0000:17:05.0: [8086:2034] type 00 class 0x088000
[Tue Feb 27 10:06:00 2024] pci 0000:17:05.2: [8086:2035] type 00 class 0x088000
[Tue Feb 27 10:06:00 2024] pci 0000:17:05.4: [8086:2036] type 00 class 0x080020
[Tue Feb 27 10:06:00 2024] pci 0000:17:05.4: reg 0x10: [mem 0x9d800000-0x9d800fff]
[Tue Feb 27 10:06:00 2024] pci 0000:17:08.0: [8086:208d] type 00 class 0x088000
[Tue Feb 27 10:06:00 2024] pci 0000:17:08.1: [8086:208d] type 00 class 0x088000
[Tue Feb 27 10:06:00 2024] pci 0000:17:08.2: [8086:208d] type 00 class 0x088000
[Tue Feb 27 10:06:00 2024] pci 0000:17:08.3: [8086:208d] type 00 class 0x088000
[Tue Feb 27 10:06:00 2024] pci 0000:17:08.4: [8086:208d] type 00 class 0x088000
[Tue Feb 27 10:06:00 2024] pci 0000:17:08.5: [8086:208d] type 00 class 0x088000
[Tue Feb 27 10:06:00 2024] pci 0000:17:08.6: [8086:208d] type 00 class 0x088000
[Tue Feb 27 10:06:00 2024] pci 0000:17:08.7: [8086:208d] type 00 class 0x088000
[Tue Feb 27 10:06:00 2024] pci 0000:17:09.0: [8086:208d] type 00 class 0x088000
[Tue Feb 27 10:06:00 2024] pci 0000:17:09.1: [8086:208d] type 00 class 0x088000
[Tue Feb 27 10:06:00 2024] pci 0000:17:09.2: [8086:208d] type 00 class 0x088000
[Tue Feb 27 10:06:00 2024] pci 0000:17:09.3: [8086:208d] type 00 class 0x088000
[Tue Feb 27 10:06:00 2024] pci 0000:17:09.4: [8086:208d] type 00 class 0x088000
[Tue Feb 27 10:06:00 2024] pci 0000:17:09.5: [8086:208d] type 00 class 0x088000
[Tue Feb 27 10:06:00 2024] pci 0000:17:09.6: [8086:208d] type 00 class 0x088000
[Tue Feb 27 10:06:00 2024] pci 0000:17:09.7: [8086:208d] type 00 class 0x088000
[Tue Feb 27 10:06:00 2024] pci 0000:17:0a.0: [8086:208d] type 00 class 0x088000
[Tue Feb 27 10:06:00 2024] pci 0000:17:0a.1: [8086:208d] type 00 class 0x088000
[Tue Feb 27 10:06:00 2024] pci 0000:17:0a.2: [8086:208d] type 00 class 0x088000
[Tue Feb 27 10:06:00 2024] pci 0000:17:0a.3: [8086:208d] type 00 class 0x088000
[Tue Feb 27 10:06:00 2024] pci 0000:17:0a.4: [8086:208d] type 00 class 0x088000
[Tue Feb 27 10:06:00 2024] pci 0000:17:0a.5: [8086:208d] type 00 class 0x088000
[Tue Feb 27 10:06:00 2024] pci 0000:17:0a.6: [8086:208d] type 00 class 0x088000
[Tue Feb 27 10:06:00 2024] pci 0000:17:0a.7: [8086:208d] type 00 class 0x088000
[Tue Feb 27 10:06:00 2024] pci 0000:17:0b.0: [8086:208d] type 00 class 0x088000
[Tue Feb 27 10:06:00 2024] pci 0000:17:0b.1: [8086:208d] type 00 class 0x088000
[Tue Feb 27 10:06:00 2024] pci 0000:17:0b.2: [8086:208d] type 00 class 0x088000
[Tue Feb 27 10:06:00 2024] pci 0000:17:0b.3: [8086:208d] type 00 class 0x088000
[Tue Feb 27 10:06:00 2024] pci 0000:17:0e.0: [8086:208e] type 00 class 0x088000
[Tue Feb 27 10:06:00 2024] pci 0000:17:0e.1: [8086:208e] type 00 class 0x088000
[Tue Feb 27 10:06:00 2024] pci 0000:17:0e.2: [8086:208e] type 00 class 0x088000
[Tue Feb 27 10:06:00 2024] pci 0000:17:0e.3: [8086:208e] type 00 class 0x088000
[Tue Feb 27 10:06:00 2024] pci 0000:17:0e.4: [8086:208e] type 00 class 0x088000
[Tue Feb 27 10:06:00 2024] pci 0000:17:0e.5: [8086:208e] type 00 class 0x088000
[Tue Feb 27 10:06:00 2024] pci 0000:17:0e.6: [8086:208e] type 00 class 0x088000
[Tue Feb 27 10:06:00 2024] pci 0000:17:0e.7: [8086:208e] type 00 class 0x088000
[Tue Feb 27 10:06:00 2024] pci 0000:17:0f.0: [8086:208e] type 00 class 0x088000
[Tue Feb 27 10:06:00 2024] pci 0000:17:0f.1: [8086:208e] type 00 class 0x088000
[Tue Feb 27 10:06:00 2024] pci 0000:17:0f.2: [8086:208e] type 00 class 0x088000
[Tue Feb 27 10:06:00 2024] pci 0000:17:0f.3: [8086:208e] type 00 class 0x088000
[Tue Feb 27 10:06:00 2024] pci 0000:17:0f.4: [8086:208e] type 00 class 0x088000
[Tue Feb 27 10:06:00 2024] pci 0000:17:0f.5: [8086:208e] type 00 class 0x088000
[Tue Feb 27 10:06:00 2024] pci 0000:17:0f.6: [8086:208e] type 00 class 0x088000
[Tue Feb 27 10:06:00 2024] pci 0000:17:0f.7: [8086:208e] type 00 class 0x088000
[Tue Feb 27 10:06:00 2024] pci 0000:17:10.0: [8086:208e] type 00 class 0x088000
[Tue Feb 27 10:06:00 2024] pci 0000:17:10.1: [8086:208e] type 00 class 0x088000
[Tue Feb 27 10:06:00 2024] pci 0000:17:10.2: [8086:208e] type 00 class 0x088000
[Tue Feb 27 10:06:00 2024] pci 0000:17:10.3: [8086:208e] type 00 class 0x088000
[Tue Feb 27 10:06:00 2024] pci 0000:17:10.4: [8086:208e] type 00 class 0x088000
[Tue Feb 27 10:06:00 2024] pci 0000:17:10.5: [8086:208e] type 00 class 0x088000
[Tue Feb 27 10:06:00 2024] pci 0000:17:10.6: [8086:208e] type 00 class 0x088000
[Tue Feb 27 10:06:00 2024] pci 0000:17:10.7: [8086:208e] type 00 class 0x088000
[Tue Feb 27 10:06:00 2024] pci 0000:17:11.0: [8086:208e] type 00 class 0x088000
[Tue Feb 27 10:06:00 2024] pci 0000:17:11.1: [8086:208e] type 00 class 0x088000
[Tue Feb 27 10:06:00 2024] pci 0000:17:11.2: [8086:208e] type 00 class 0x088000
[Tue Feb 27 10:06:00 2024] pci 0000:17:11.3: [8086:208e] type 00 class 0x088000
[Tue Feb 27 10:06:00 2024] pci 0000:17:1d.0: [8086:2054] type 00 class 0x088000
[Tue Feb 27 10:06:00 2024] pci 0000:17:1d.1: [8086:2055] type 00 class 0x088000
[Tue Feb 27 10:06:00 2024] pci 0000:17:1d.2: [8086:2056] type 00 class 0x088000
[Tue Feb 27 10:06:00 2024] pci 0000:17:1d.3: [8086:2057] type 00 class 0x088000
[Tue Feb 27 10:06:00 2024] pci 0000:17:1e.0: [8086:2080] type 00 class 0x088000
[Tue Feb 27 10:06:00 2024] pci 0000:17:1e.1: [8086:2081] type 00 class 0x088000
[Tue Feb 27 10:06:00 2024] pci 0000:17:1e.2: [8086:2082] type 00 class 0x088000
[Tue Feb 27 10:06:00 2024] pci 0000:17:1e.3: [8086:2083] type 00 class 0x088000
[Tue Feb 27 10:06:00 2024] pci 0000:17:1e.4: [8086:2084] type 00 class 0x088000
[Tue Feb 27 10:06:00 2024] pci 0000:17:1e.5: [8086:2085] type 00 class 0x088000
[Tue Feb 27 10:06:00 2024] pci 0000:17:1e.6: [8086:2086] type 00 class 0x088000
[Tue Feb 27 10:06:00 2024] pci_bus 0000:17: on NUMA node 0
[Tue Feb 27 10:06:00 2024] ACPI: PCI Root Bridge [PC02] (domain 0000 [bus 3a-5c])
[Tue Feb 27 10:06:00 2024] acpi PNP0A08:02: _OSC: OS supports [ExtendedConfig ASPM ClockPM Segments MSI]
[Tue Feb 27 10:06:00 2024] acpi PNP0A08:02: _OSC: platform does not support [SHPCHotplug AER]
[Tue Feb 27 10:06:00 2024] acpi PNP0A08:02: _OSC: OS now controls [PCIeHotplug PME PCIeCapability]
[Tue Feb 27 10:06:00 2024] acpi PNP0A08:02: FADT indicates ASPM is unsupported, using BIOS configuration
[Tue Feb 27 10:06:00 2024] PCI host bridge to bus 0000:3a
[Tue Feb 27 10:06:00 2024] pci_bus 0000:3a: root bus resource [io  0x6000-0x7fff window]
[Tue Feb 27 10:06:00 2024] pci_bus 0000:3a: root bus resource [mem 0xab000000-0xb87fffff window]
[Tue Feb 27 10:06:00 2024] pci_bus 0000:3a: root bus resource [mem 0x388000000000-0x38bfffffffff window]
[Tue Feb 27 10:06:00 2024] pci_bus 0000:3a: root bus resource [bus 3a-5c]
[Tue Feb 27 10:06:00 2024] pci 0000:3a:00.0: [8086:2030] type 01 class 0x060400
[Tue Feb 27 10:06:00 2024] pci 0000:3a:00.0: PME# supported from D0 D3hot D3cold
[Tue Feb 27 10:06:00 2024] pci 0000:3a:00.0: System wakeup disabled by ACPI
[Tue Feb 27 10:06:00 2024] pci 0000:3a:05.0: [8086:2034] type 00 class 0x088000
[Tue Feb 27 10:06:00 2024] pci 0000:3a:05.2: [8086:2035] type 00 class 0x088000
[Tue Feb 27 10:06:00 2024] pci 0000:3a:05.4: [8086:2036] type 00 class 0x080020
[Tue Feb 27 10:06:00 2024] pci 0000:3a:05.4: reg 0x10: [mem 0xb0400000-0xb0400fff]
[Tue Feb 27 10:06:00 2024] pci 0000:3a:08.0: [8086:2066] type 00 class 0x088000
[Tue Feb 27 10:06:00 2024] pci 0000:3a:09.0: [8086:2066] type 00 class 0x088000
[Tue Feb 27 10:06:00 2024] pci 0000:3a:0a.0: [8086:2040] type 00 class 0x088000
[Tue Feb 27 10:06:00 2024] pci 0000:3a:0a.1: [8086:2041] type 00 class 0x088000
[Tue Feb 27 10:06:00 2024] pci 0000:3a:0a.2: [8086:2042] type 00 class 0x088000
[Tue Feb 27 10:06:00 2024] pci 0000:3a:0a.3: [8086:2043] type 00 class 0x088000
[Tue Feb 27 10:06:00 2024] pci 0000:3a:0a.4: [8086:2044] type 00 class 0x088000
[Tue Feb 27 10:06:00 2024] pci 0000:3a:0a.5: [8086:2045] type 00 class 0x088000
[Tue Feb 27 10:06:00 2024] pci 0000:3a:0a.6: [8086:2046] type 00 class 0x088000
[Tue Feb 27 10:06:00 2024] pci 0000:3a:0a.7: [8086:2047] type 00 class 0x088000
[Tue Feb 27 10:06:00 2024] pci 0000:3a:0b.0: [8086:2048] type 00 class 0x088000
[Tue Feb 27 10:06:00 2024] pci 0000:3a:0b.1: [8086:2049] type 00 class 0x088000
[Tue Feb 27 10:06:00 2024] pci 0000:3a:0b.2: [8086:204a] type 00 class 0x088000
[Tue Feb 27 10:06:00 2024] pci 0000:3a:0b.3: [8086:204b] type 00 class 0x088000
[Tue Feb 27 10:06:00 2024] pci 0000:3a:0c.0: [8086:2040] type 00 class 0x088000
[Tue Feb 27 10:06:00 2024] pci 0000:3a:0c.1: [8086:2041] type 00 class 0x088000
[Tue Feb 27 10:06:00 2024] pci 0000:3a:0c.2: [8086:2042] type 00 class 0x088000
[Tue Feb 27 10:06:00 2024] pci 0000:3a:0c.3: [8086:2043] type 00 class 0x088000
[Tue Feb 27 10:06:00 2024] pci 0000:3a:0c.4: [8086:2044] type 00 class 0x088000
[Tue Feb 27 10:06:00 2024] pci 0000:3a:0c.5: [8086:2045] type 00 class 0x088000
[Tue Feb 27 10:06:00 2024] pci 0000:3a:0c.6: [8086:2046] type 00 class 0x088000
[Tue Feb 27 10:06:00 2024] pci 0000:3a:0c.7: [8086:2047] type 00 class 0x088000
[Tue Feb 27 10:06:00 2024] pci 0000:3a:0d.0: [8086:2048] type 00 class 0x088000
[Tue Feb 27 10:06:00 2024] pci 0000:3a:0d.1: [8086:2049] type 00 class 0x088000
[Tue Feb 27 10:06:00 2024] pci 0000:3a:0d.2: [8086:204a] type 00 class 0x088000
[Tue Feb 27 10:06:00 2024] pci 0000:3a:0d.3: [8086:204b] type 00 class 0x088000
[Tue Feb 27 10:06:00 2024] pci 0000:3b:00.0: [8086:37c0] type 01 class 0x060400
[Tue Feb 27 10:06:00 2024] pci 0000:3b:00.0: reg 0x10: [mem 0xb0300000-0xb031ffff 64bit]
[Tue Feb 27 10:06:00 2024] pci 0000:3b:00.0: reg 0x38: [mem 0xfff00000-0xffffffff pref]
[Tue Feb 27 10:06:00 2024] pci 0000:3b:00.0: PME# supported from D0 D3hot D3cold
[Tue Feb 27 10:06:00 2024] pci 0000:3b:00.0: System wakeup disabled by ACPI
[Tue Feb 27 10:06:00 2024] pci 0000:3a:00.0: PCI bridge to [bus 3b-3e]
[Tue Feb 27 10:06:00 2024] pci 0000:3a:00.0:   bridge window [mem 0xb0300000-0xb03fffff]
[Tue Feb 27 10:06:00 2024] pci 0000:3a:00.0:   bridge window [mem 0xab000000-0xb02fffff 64bit pref]
[Tue Feb 27 10:06:00 2024] pci 0000:3c:03.0: [8086:37c5] type 01 class 0x060400
[Tue Feb 27 10:06:00 2024] pci 0000:3c:03.0: PME# supported from D0 D3hot D3cold
[Tue Feb 27 10:06:00 2024] pci 0000:3c:03.0: System wakeup disabled by ACPI
[Tue Feb 27 10:06:00 2024] pci 0000:3b:00.0: PCI bridge to [bus 3c-3e]
[Tue Feb 27 10:06:00 2024] pci 0000:3b:00.0:   bridge window [mem 0xab000000-0xb02fffff 64bit pref]
[Tue Feb 27 10:06:00 2024] pci 0000:3d:00.0: [8086:37d2] type 00 class 0x020000
[Tue Feb 27 10:06:00 2024] pci 0000:3d:00.0: reg 0x10: [mem 0xae000000-0xaeffffff 64bit pref]
[Tue Feb 27 10:06:00 2024] pci 0000:3d:00.0: reg 0x1c: [mem 0xb0018000-0xb001ffff 64bit pref]
[Tue Feb 27 10:06:00 2024] pci 0000:3d:00.0: reg 0x30: [mem 0xfff80000-0xffffffff pref]
[Tue Feb 27 10:06:00 2024] pci 0000:3d:00.0: PME# supported from D0 D3hot D3cold
[Tue Feb 27 10:06:00 2024] pci 0000:3d:00.0: reg 0x184: [mem 0xafc00000-0xafc1ffff 64bit pref]
[Tue Feb 27 10:06:00 2024] pci 0000:3d:00.0: VF(n) BAR0 space: [mem 0xafc00000-0xafffffff 64bit pref] (contains BAR0 for 32 VFs)
[Tue Feb 27 10:06:00 2024] pci 0000:3d:00.0: reg 0x190: [mem 0xb01a0000-0xb01a3fff 64bit pref]
[Tue Feb 27 10:06:00 2024] pci 0000:3d:00.0: VF(n) BAR3 space: [mem 0xb01a0000-0xb021ffff 64bit pref] (contains BAR3 for 32 VFs)
[Tue Feb 27 10:06:00 2024] pci 0000:3d:00.0: 2.000 Gb/s available PCIe bandwidth, limited by 2.5 GT/s x1 link at 0000:3c:03.0 (capable of 7.876 Gb/s with 8 GT/s x1 link)
[Tue Feb 27 10:06:00 2024] pci 0000:3d:00.1: [8086:37d2] type 00 class 0x020000
[Tue Feb 27 10:06:00 2024] pci 0000:3d:00.1: reg 0x10: [mem 0xad000000-0xadffffff 64bit pref]
[Tue Feb 27 10:06:00 2024] pci 0000:3d:00.1: reg 0x1c: [mem 0xb0010000-0xb0017fff 64bit pref]
[Tue Feb 27 10:06:00 2024] pci 0000:3d:00.1: reg 0x30: [mem 0xfff80000-0xffffffff pref]
[Tue Feb 27 10:06:00 2024] pci 0000:3d:00.1: PME# supported from D0 D3hot D3cold
[Tue Feb 27 10:06:00 2024] pci 0000:3d:00.1: reg 0x184: [mem 0xaf800000-0xaf81ffff 64bit pref]
[Tue Feb 27 10:06:00 2024] pci 0000:3d:00.1: VF(n) BAR0 space: [mem 0xaf800000-0xafbfffff 64bit pref] (contains BAR0 for 32 VFs)
[Tue Feb 27 10:06:00 2024] pci 0000:3d:00.1: reg 0x190: [mem 0xb0120000-0xb0123fff 64bit pref]
[Tue Feb 27 10:06:00 2024] pci 0000:3d:00.1: VF(n) BAR3 space: [mem 0xb0120000-0xb019ffff 64bit pref] (contains BAR3 for 32 VFs)
[Tue Feb 27 10:06:00 2024] pci 0000:3d:00.2: [8086:37d2] type 00 class 0x020000
[Tue Feb 27 10:06:00 2024] pci 0000:3d:00.2: reg 0x10: [mem 0xac000000-0xacffffff 64bit pref]
[Tue Feb 27 10:06:00 2024] pci 0000:3d:00.2: reg 0x1c: [mem 0xb0008000-0xb000ffff 64bit pref]
[Tue Feb 27 10:06:00 2024] pci 0000:3d:00.2: reg 0x30: [mem 0xfff80000-0xffffffff pref]
[Tue Feb 27 10:06:00 2024] pci 0000:3d:00.2: PME# supported from D0 D3hot D3cold
[Tue Feb 27 10:06:00 2024] pci 0000:3d:00.2: reg 0x184: [mem 0xaf400000-0xaf41ffff 64bit pref]
[Tue Feb 27 10:06:00 2024] pci 0000:3d:00.2: VF(n) BAR0 space: [mem 0xaf400000-0xaf7fffff 64bit pref] (contains BAR0 for 32 VFs)
[Tue Feb 27 10:06:00 2024] pci 0000:3d:00.2: reg 0x190: [mem 0xb00a0000-0xb00a3fff 64bit pref]
[Tue Feb 27 10:06:00 2024] pci 0000:3d:00.2: VF(n) BAR3 space: [mem 0xb00a0000-0xb011ffff 64bit pref] (contains BAR3 for 32 VFs)
[Tue Feb 27 10:06:00 2024] pci 0000:3d:00.3: [8086:37d2] type 00 class 0x020000
[Tue Feb 27 10:06:00 2024] pci 0000:3d:00.3: reg 0x10: [mem 0xab000000-0xabffffff 64bit pref]
[Tue Feb 27 10:06:00 2024] pci 0000:3d:00.3: reg 0x1c: [mem 0xb0000000-0xb0007fff 64bit pref]
[Tue Feb 27 10:06:00 2024] pci 0000:3d:00.3: reg 0x30: [mem 0xfff80000-0xffffffff pref]
[Tue Feb 27 10:06:00 2024] pci 0000:3d:00.3: PME# supported from D0 D3hot D3cold
[Tue Feb 27 10:06:00 2024] pci 0000:3d:00.3: reg 0x184: [mem 0xaf000000-0xaf01ffff 64bit pref]
[Tue Feb 27 10:06:00 2024] pci 0000:3d:00.3: VF(n) BAR0 space: [mem 0xaf000000-0xaf3fffff 64bit pref] (contains BAR0 for 32 VFs)
[Tue Feb 27 10:06:00 2024] pci 0000:3d:00.3: reg 0x190: [mem 0xb0020000-0xb0023fff 64bit pref]
[Tue Feb 27 10:06:00 2024] pci 0000:3d:00.3: VF(n) BAR3 space: [mem 0xb0020000-0xb009ffff 64bit pref] (contains BAR3 for 32 VFs)
[Tue Feb 27 10:06:00 2024] pci 0000:3c:03.0: PCI bridge to [bus 3d-3e]
[Tue Feb 27 10:06:00 2024] pci 0000:3c:03.0:   bridge window [mem 0xab000000-0xb02fffff 64bit pref]
[Tue Feb 27 10:06:00 2024] pci_bus 0000:3a: on NUMA node 0
[Tue Feb 27 10:06:00 2024] ACPI: PCI Root Bridge [PC03] (domain 0000 [bus 5d-7f])
[Tue Feb 27 10:06:00 2024] acpi PNP0A08:03: _OSC: OS supports [ExtendedConfig ASPM ClockPM Segments MSI]
[Tue Feb 27 10:06:00 2024] acpi PNP0A08:03: _OSC: platform does not support [SHPCHotplug AER]
[Tue Feb 27 10:06:00 2024] acpi PNP0A08:03: _OSC: OS now controls [PCIeHotplug PME PCIeCapability]
[Tue Feb 27 10:06:00 2024] acpi PNP0A08:03: FADT indicates ASPM is unsupported, using BIOS configuration
[Tue Feb 27 10:06:00 2024] PCI host bridge to bus 0000:5d
[Tue Feb 27 10:06:00 2024] pci_bus 0000:5d: root bus resource [io  0x8000-0x9fff window]
[Tue Feb 27 10:06:00 2024] pci_bus 0000:5d: root bus resource [mem 0xb8800000-0xc5ffffff window]
[Tue Feb 27 10:06:00 2024] pci_bus 0000:5d: root bus resource [mem 0x38c000000000-0x38ffffffffff window]
[Tue Feb 27 10:06:00 2024] pci_bus 0000:5d: root bus resource [bus 5d-7f]
[Tue Feb 27 10:06:00 2024] pci 0000:5d:02.0: [8086:2032] type 01 class 0x060400
[Tue Feb 27 10:06:00 2024] pci 0000:5d:02.0: PME# supported from D0 D3hot D3cold
[Tue Feb 27 10:06:00 2024] pci 0000:5d:02.0: System wakeup disabled by ACPI
[Tue Feb 27 10:06:00 2024] pci 0000:5d:03.0: [8086:2033] type 01 class 0x060400
[Tue Feb 27 10:06:00 2024] pci 0000:5d:03.0: PME# supported from D0 D3hot D3cold
[Tue Feb 27 10:06:00 2024] pci 0000:5d:03.0: System wakeup disabled by ACPI
[Tue Feb 27 10:06:00 2024] pci 0000:5d:05.0: [8086:2034] type 00 class 0x088000
[Tue Feb 27 10:06:00 2024] pci 0000:5d:05.2: [8086:2035] type 00 class 0x088000
[Tue Feb 27 10:06:00 2024] pci 0000:5d:05.4: [8086:2036] type 00 class 0x080020
[Tue Feb 27 10:06:00 2024] pci 0000:5d:05.4: reg 0x10: [mem 0xb8800000-0xb8800fff]
[Tue Feb 27 10:06:00 2024] pci 0000:5d:0e.0: [8086:2058] type 00 class 0x110100
[Tue Feb 27 10:06:00 2024] pci 0000:5d:0e.1: [8086:2059] type 00 class 0x088000
[Tue Feb 27 10:06:00 2024] pci 0000:5d:0f.0: [8086:2058] type 00 class 0x110100
[Tue Feb 27 10:06:00 2024] pci 0000:5d:0f.1: [8086:2059] type 00 class 0x088000
[Tue Feb 27 10:06:00 2024] pci 0000:5d:10.0: [8086:2058] type 00 class 0x110100
[Tue Feb 27 10:06:00 2024] pci 0000:5d:10.1: [8086:2059] type 00 class 0x088000
[Tue Feb 27 10:06:00 2024] pci 0000:5d:12.0: [8086:204c] type 00 class 0x110100
[Tue Feb 27 10:06:00 2024] pci 0000:5d:12.1: [8086:204d] type 00 class 0x110100
[Tue Feb 27 10:06:00 2024] pci 0000:5d:12.2: [8086:204e] type 00 class 0x088000
